cli-help exit 0
clean-setup exit 0
clean-start exit 5
recipe-sample exit 0
recipe-accepted-setup exit 0
recipe-accepted exit 5
recipe-text-setup exit 0
recipe-text exit 5
recipe-build-setup exit 0
recipe-build-verified exit 5
recipe-needs-network-setup exit 0
recipe-needs-network exit 3
recipe-unknown-parameter-setup exit 0
recipe-unknown-parameter exit 2
recipe-missing-required-setup exit 0
recipe-missing-required exit 2
recipe-path-outside-scope-setup exit 0
recipe-path-outside-scope exit 2
recipe-integer-unprinted-setup exit 0
recipe-integer-unprinted exit 2
recipe-out-of-bounds-setup exit 0
recipe-out-of-bounds exit 2
recipe-linked-file-setup exit 0
recipe-linked-file exit 2
recipe-missing-file-setup exit 0
recipe-missing-file exit 2
recipe-tampered-manifest-setup exit 0
recipe-tampered-manifest exit 2
cli-recipe-approve-this-run exit 2
cli-recipe-resume exit 2
cli-recipe-preauthorization exit 2
harness-recipe-values-without-recipe exit 1
catalog-setup exit 0
extension-sample exit 0
extension-trust-signer exit 0
extension-trust-issuer exit 0
extension-install-formatter exit 0
extension-revocations-1 exit 0
extension-revocations-renamed exit 3
extension-list-after-renamed exit 0
dirty-setup exit 0
coding-dirty exit 1
BATCH19_LINUX_OBSERVATION_COMPLETE=1
