$ cargo test -p agentmage-kernel-engine operational_store::tests::older_client_refuses_current_store_before_writer_claim_and_preserves_records --locked
    Blocking waiting for file lock on package cache
    Blocking waiting for file lock on package cache
    Blocking waiting for file lock on package cache
    Blocking waiting for file lock on artifact directory
    Finished `test` profile [unoptimized + debuginfo] target(s) in 0.06s
     Running unittests src/lib.rs (target/debug/deps/agentmage_kernel_engine-5d89fb1f2dd765fa)

running 1 test
test operational_store::tests::older_client_refuses_current_store_before_writer_claim_and_preserves_records ... ok

test result: ok. 1 passed; 0 failed; 0 ignored; 0 measured; 704 filtered out; finished in 0.11s

     Running tests/adversarial_grant_corpus.rs (target/debug/deps/adversarial_grant_corpus-1b4b97cbccbdf090)

running 0 tests

test result: ok. 0 passed; 0 failed; 0 ignored; 0 measured; 1 filtered out; finished in 0.00s

     Running tests/authority_escalation_matrix.rs (target/debug/deps/authority_escalation_matrix-16ba4ae1b6e86b97)

running 0 tests

test result: ok. 0 passed; 0 failed; 0 ignored; 0 measured; 1 filtered out; finished in 0.00s

     Running tests/boundary_workflow.rs (target/debug/deps/boundary_workflow-75929cc4c43529ef)

running 0 tests

test result: ok. 0 passed; 0 failed; 0 ignored; 0 measured; 1 filtered out; finished in 0.00s

     Running tests/command_injection_corpus.rs (target/debug/deps/command_injection_corpus-80c0e8afb922bd47)

running 0 tests

test result: ok. 0 passed; 0 failed; 0 ignored; 0 measured; 1 filtered out; finished in 0.00s

     Running tests/display_link_authority.rs (target/debug/deps/display_link_authority-83bf91da9259c180)

running 0 tests

test result: ok. 0 passed; 0 failed; 0 ignored; 0 measured; 1 filtered out; finished in 0.00s

     Running tests/engineering_runtime_record_corpus.rs (target/debug/deps/engineering_runtime_record_corpus-544729f4e1294d0c)

running 0 tests

test result: ok. 0 passed; 0 failed; 0 ignored; 0 measured; 4 filtered out; finished in 0.00s

     Running tests/grant_race_replay.rs (target/debug/deps/grant_race_replay-c9f8c18d6667567d)

running 0 tests

test result: ok. 0 passed; 0 failed; 0 ignored; 0 measured; 1 filtered out; finished in 0.00s

     Running tests/grant_review_fixtures.rs (target/debug/deps/grant_review_fixtures-b45b2cee9ff8e56e)

running 0 tests

test result: ok. 0 passed; 0 failed; 0 ignored; 0 measured; 1 filtered out; finished in 0.00s

     Running tests/grant_stale_dispatch.rs (target/debug/deps/grant_stale_dispatch-db55c8cb6b746f85)

running 0 tests

test result: ok. 0 passed; 0 failed; 0 ignored; 0 measured; 1 filtered out; finished in 0.00s

     Running tests/platform_adapter_conformance.rs (target/debug/deps/platform_adapter_conformance-e4252934d8b1c603)

running 0 tests

test result: ok. 0 passed; 0 failed; 0 ignored; 0 measured; 2 filtered out; finished in 0.00s

     Running tests/repository_safety_matrix.rs (target/debug/deps/repository_safety_matrix-65c90518a1bcd1e0)

running 0 tests

test result: ok. 0 passed; 0 failed; 0 ignored; 0 measured; 2 filtered out; finished in 0.00s

     Running tests/retry_admission.rs (target/debug/deps/retry_admission-2c851f401bd01f79)

running 0 tests

test result: ok. 0 passed; 0 failed; 0 ignored; 0 measured; 11 filtered out; finished in 0.00s

     Running tests/workflow_budget_independence.rs (target/debug/deps/workflow_budget_independence-2de93261c4dda06c)

running 0 tests

test result: ok. 0 passed; 0 failed; 0 ignored; 0 measured; 3 filtered out; finished in 0.00s

     Running tests/workflow_definition.rs (target/debug/deps/workflow_definition-574427c2826e010a)

running 0 tests

test result: ok. 0 passed; 0 failed; 0 ignored; 0 measured; 8 filtered out; finished in 0.00s

     Running tests/workflow_identity.rs (target/debug/deps/workflow_identity-f23e29536c391fc5)

running 0 tests

test result: ok. 0 passed; 0 failed; 0 ignored; 0 measured; 9 filtered out; finished in 0.00s

     Running tests/workflow_verifier.rs (target/debug/deps/workflow_verifier-ac3c31389397eb91)

running 0 tests

test result: ok. 0 passed; 0 failed; 0 ignored; 0 measured; 7 filtered out; finished in 0.00s

     Running tests/write_recovery_matrix.rs (target/debug/deps/write_recovery_matrix-774f1a5d8f717985)

running 0 tests

test result: ok. 0 passed; 0 failed; 0 ignored; 0 measured; 4 filtered out; finished in 0.00s
$ cargo test -p agentmage-kernel-engine operational_store::tests::future_schema_and_page_corruption_are_refused --locked
    Finished `test` profile [unoptimized + debuginfo] target(s) in 0.02s
     Running unittests src/lib.rs (target/debug/deps/agentmage_kernel_engine-5d89fb1f2dd765fa)

running 1 test
test operational_store::tests::future_schema_and_page_corruption_are_refused ... ok

test result: ok. 1 passed; 0 failed; 0 ignored; 0 measured; 704 filtered out; finished in 0.26s

     Running tests/adversarial_grant_corpus.rs (target/debug/deps/adversarial_grant_corpus-1b4b97cbccbdf090)

running 0 tests

test result: ok. 0 passed; 0 failed; 0 ignored; 0 measured; 1 filtered out; finished in 0.00s

     Running tests/authority_escalation_matrix.rs (target/debug/deps/authority_escalation_matrix-16ba4ae1b6e86b97)

running 0 tests

test result: ok. 0 passed; 0 failed; 0 ignored; 0 measured; 1 filtered out; finished in 0.00s

     Running tests/boundary_workflow.rs (target/debug/deps/boundary_workflow-75929cc4c43529ef)

running 0 tests

test result: ok. 0 passed; 0 failed; 0 ignored; 0 measured; 1 filtered out; finished in 0.00s

     Running tests/command_injection_corpus.rs (target/debug/deps/command_injection_corpus-80c0e8afb922bd47)

running 0 tests

test result: ok. 0 passed; 0 failed; 0 ignored; 0 measured; 1 filtered out; finished in 0.00s

     Running tests/display_link_authority.rs (target/debug/deps/display_link_authority-83bf91da9259c180)

running 0 tests

test result: ok. 0 passed; 0 failed; 0 ignored; 0 measured; 1 filtered out; finished in 0.00s

     Running tests/engineering_runtime_record_corpus.rs (target/debug/deps/engineering_runtime_record_corpus-544729f4e1294d0c)

running 0 tests

test result: ok. 0 passed; 0 failed; 0 ignored; 0 measured; 4 filtered out; finished in 0.00s

     Running tests/grant_race_replay.rs (target/debug/deps/grant_race_replay-c9f8c18d6667567d)

running 0 tests

test result: ok. 0 passed; 0 failed; 0 ignored; 0 measured; 1 filtered out; finished in 0.00s

     Running tests/grant_review_fixtures.rs (target/debug/deps/grant_review_fixtures-b45b2cee9ff8e56e)

running 0 tests

test result: ok. 0 passed; 0 failed; 0 ignored; 0 measured; 1 filtered out; finished in 0.00s

     Running tests/grant_stale_dispatch.rs (target/debug/deps/grant_stale_dispatch-db55c8cb6b746f85)

running 0 tests

test result: ok. 0 passed; 0 failed; 0 ignored; 0 measured; 1 filtered out; finished in 0.00s

     Running tests/platform_adapter_conformance.rs (target/debug/deps/platform_adapter_conformance-e4252934d8b1c603)

running 0 tests

test result: ok. 0 passed; 0 failed; 0 ignored; 0 measured; 2 filtered out; finished in 0.00s

     Running tests/repository_safety_matrix.rs (target/debug/deps/repository_safety_matrix-65c90518a1bcd1e0)

running 0 tests

test result: ok. 0 passed; 0 failed; 0 ignored; 0 measured; 2 filtered out; finished in 0.00s

     Running tests/retry_admission.rs (target/debug/deps/retry_admission-2c851f401bd01f79)

running 0 tests

test result: ok. 0 passed; 0 failed; 0 ignored; 0 measured; 11 filtered out; finished in 0.00s

     Running tests/workflow_budget_independence.rs (target/debug/deps/workflow_budget_independence-2de93261c4dda06c)

running 0 tests

test result: ok. 0 passed; 0 failed; 0 ignored; 0 measured; 3 filtered out; finished in 0.00s

     Running tests/workflow_definition.rs (target/debug/deps/workflow_definition-574427c2826e010a)

running 0 tests

test result: ok. 0 passed; 0 failed; 0 ignored; 0 measured; 8 filtered out; finished in 0.00s

     Running tests/workflow_identity.rs (target/debug/deps/workflow_identity-f23e29536c391fc5)

running 0 tests

test result: ok. 0 passed; 0 failed; 0 ignored; 0 measured; 9 filtered out; finished in 0.00s

     Running tests/workflow_verifier.rs (target/debug/deps/workflow_verifier-ac3c31389397eb91)

running 0 tests

test result: ok. 0 passed; 0 failed; 0 ignored; 0 measured; 7 filtered out; finished in 0.00s

     Running tests/write_recovery_matrix.rs (target/debug/deps/write_recovery_matrix-774f1a5d8f717985)

running 0 tests

test result: ok. 0 passed; 0 failed; 0 ignored; 0 measured; 4 filtered out; finished in 0.00s
$ cargo test -p agentmage-kernel-contracts every_runtime_record_family_rejects_unsupported_versions --locked
    Finished `test` profile [unoptimized + debuginfo] target(s) in 0.01s
     Running unittests src/lib.rs (target/debug/deps/agentmage_kernel_contracts-6eb6c44b4ce1fddc)

running 0 tests

test result: ok. 0 passed; 0 failed; 0 ignored; 0 measured; 68 filtered out; finished in 0.00s

     Running tests/contract_family.rs (target/debug/deps/contract_family-e6be84c9440ed9d0)

running 0 tests

test result: ok. 0 passed; 0 failed; 0 ignored; 0 measured; 2 filtered out; finished in 0.00s

     Running tests/engineering_runtime_record_types.rs (target/debug/deps/engineering_runtime_record_types-111fa984dc6ae74e)

running 1 test
test every_runtime_record_family_rejects_unsupported_versions ... ok

test result: ok. 1 passed; 0 failed; 0 ignored; 0 measured; 2 filtered out; finished in 0.00s

     Running tests/grant_target_contract.rs (target/debug/deps/grant_target_contract-c2fbf4cd5e305ded)

running 0 tests

test result: ok. 0 passed; 0 failed; 0 ignored; 0 measured; 6 filtered out; finished in 0.00s

     Running tests/path_corpus.rs (target/debug/deps/path_corpus-4ba5289de3479052)

running 0 tests

test result: ok. 0 passed; 0 failed; 0 ignored; 0 measured; 1 filtered out; finished in 0.00s

     Running tests/platform_path_contract.rs (target/debug/deps/platform_path_contract-8818aa1a953159c2)

running 0 tests

test result: ok. 0 passed; 0 failed; 0 ignored; 0 measured; 2 filtered out; finished in 0.00s
$ cargo clippy -p agentmage-kernel-engine --all-targets --all-features --locked -- -D warnings
    Finished `dev` profile [unoptimized + debuginfo] target(s) in 0.03s
