$ cargo test -p agentmage-kernel-engine tool_composition::tests --locked
    Finished `test` profile [unoptimized + debuginfo] target(s) in 0.02s
     Running unittests src/lib.rs (target/debug/deps/agentmage_kernel_engine-5d89fb1f2dd765fa)

running 8 tests
test tool_composition::tests::story_16_3_registers_all_exact_preflights_and_maps_every_visible_tool ... ok
test tool_composition::tests::story_16_3_preflight_policy_grant_launch_verify_and_cleanup_order_is_exact ... ok
test tool_composition::tests::story_16_3_duplicate_calls_and_failed_consumption_never_launch ... ok
test tool_composition::tests::story_16_3_every_preflight_drift_fails_before_attempt_or_worker ... ok
test tool_composition::tests::story_16_3_post_approval_preflight_policy_and_grant_drift_start_no_worker ... ok
test tool_composition::tests::story_16_3_receipt_verification_and_cleanup_gaps_force_noncompletion ... ok
test tool_composition::tests::story_16_3_crash_boundaries_restore_one_uncertain_terminal_without_replay ... ok
test tool_composition::tests::story_16_3_all_terminal_states_are_explicit_and_never_false_complete ... ok

test result: ok. 8 passed; 0 failed; 0 ignored; 0 measured; 728 filtered out; finished in 0.00s

     Running tests/adversarial_grant_corpus.rs (target/debug/deps/adversarial_grant_corpus-1b4b97cbccbdf090)

running 0 tests

test result: ok. 0 passed; 0 failed; 0 ignored; 0 measured; 1 filtered out; finished in 0.00s

     Running tests/authority_escalation_matrix.rs (target/debug/deps/authority_escalation_matrix-16ba4ae1b6e86b97)

running 0 tests

test result: ok. 0 passed; 0 failed; 0 ignored; 0 measured; 1 filtered out; finished in 0.00s

     Running tests/boundary_workflow.rs (target/debug/deps/boundary_workflow-75929cc4c43529ef)

running 0 tests

test result: ok. 0 passed; 0 failed; 0 ignored; 0 measured; 1 filtered out; finished in 0.00s

     Running tests/command_injection_corpus.rs (target/debug/deps/command_injection_corpus-80c0e8afb922bd47)

running 0 tests

test result: ok. 0 passed; 0 failed; 0 ignored; 0 measured; 1 filtered out; finished in 0.00s

     Running tests/display_link_authority.rs (target/debug/deps/display_link_authority-83bf91da9259c180)

running 0 tests

test result: ok. 0 passed; 0 failed; 0 ignored; 0 measured; 1 filtered out; finished in 0.00s

     Running tests/engineering_runtime_record_corpus.rs (target/debug/deps/engineering_runtime_record_corpus-544729f4e1294d0c)

running 0 tests

test result: ok. 0 passed; 0 failed; 0 ignored; 0 measured; 4 filtered out; finished in 0.00s

     Running tests/grant_race_replay.rs (target/debug/deps/grant_race_replay-c9f8c18d6667567d)

running 0 tests

test result: ok. 0 passed; 0 failed; 0 ignored; 0 measured; 1 filtered out; finished in 0.00s

     Running tests/grant_review_fixtures.rs (target/debug/deps/grant_review_fixtures-b45b2cee9ff8e56e)

running 0 tests

test result: ok. 0 passed; 0 failed; 0 ignored; 0 measured; 1 filtered out; finished in 0.00s

     Running tests/grant_stale_dispatch.rs (target/debug/deps/grant_stale_dispatch-db55c8cb6b746f85)

running 0 tests

test result: ok. 0 passed; 0 failed; 0 ignored; 0 measured; 1 filtered out; finished in 0.00s

     Running tests/platform_adapter_conformance.rs (target/debug/deps/platform_adapter_conformance-e4252934d8b1c603)

running 0 tests

test result: ok. 0 passed; 0 failed; 0 ignored; 0 measured; 2 filtered out; finished in 0.00s

     Running tests/repository_safety_matrix.rs (target/debug/deps/repository_safety_matrix-65c90518a1bcd1e0)

running 0 tests

test result: ok. 0 passed; 0 failed; 0 ignored; 0 measured; 2 filtered out; finished in 0.00s

     Running tests/retry_admission.rs (target/debug/deps/retry_admission-2c851f401bd01f79)

running 0 tests

test result: ok. 0 passed; 0 failed; 0 ignored; 0 measured; 12 filtered out; finished in 0.00s

     Running tests/workflow_budget_independence.rs (target/debug/deps/workflow_budget_independence-2de93261c4dda06c)

running 0 tests

test result: ok. 0 passed; 0 failed; 0 ignored; 0 measured; 3 filtered out; finished in 0.00s

     Running tests/workflow_definition.rs (target/debug/deps/workflow_definition-574427c2826e010a)

running 0 tests

test result: ok. 0 passed; 0 failed; 0 ignored; 0 measured; 8 filtered out; finished in 0.00s

     Running tests/workflow_identity.rs (target/debug/deps/workflow_identity-f23e29536c391fc5)

running 0 tests

test result: ok. 0 passed; 0 failed; 0 ignored; 0 measured; 9 filtered out; finished in 0.00s

     Running tests/workflow_verifier.rs (target/debug/deps/workflow_verifier-ac3c31389397eb91)

running 0 tests

test result: ok. 0 passed; 0 failed; 0 ignored; 0 measured; 7 filtered out; finished in 0.00s

     Running tests/write_recovery_matrix.rs (target/debug/deps/write_recovery_matrix-774f1a5d8f717985)

running 0 tests

test result: ok. 0 passed; 0 failed; 0 ignored; 0 measured; 4 filtered out; finished in 0.00s


$ cargo test -p agentmage-host runtime_tools --locked
   Compiling agentmage-kernel-engine v0.0.0 (/var/home/aaronnhorvitz/dev/01_repos/AgentMage/kernel/engine)
   Compiling agentmage-platform-linux v0.0.0 (/var/home/aaronnhorvitz/dev/01_repos/AgentMage/platforms/linux)
   Compiling agentmage-host v0.0.0 (/var/home/aaronnhorvitz/dev/01_repos/AgentMage/shells/host)
    Finished `test` profile [unoptimized + debuginfo] target(s) in 13.30s
     Running unittests src/lib.rs (target/debug/deps/agentmage_host-88aef749813e6ae2)

running 6 tests
test runtime_tools::tests::story_23_4_git_inspection_uses_its_existing_fixed_planner ... ok
test runtime_tools::tests::story_23_4_registry_runs_the_existing_closed_argument_validator ... ok
test runtime_tools::tests::story_16_2_artifact_catalog_uses_common_registry_and_closed_validator ... ok
test runtime_tools::tests::story_16_3_every_native_tool_has_one_complete_composition_policy ... ok
test runtime_tools::tests::story_23_4_all_existing_read_only_tools_share_the_common_registry ... ok
test runtime_tools::tests::story_23_4_duplicate_pack_registration_fails_without_replacing_tools ... ok

test result: ok. 6 passed; 0 failed; 0 ignored; 0 measured; 155 filtered out; finished in 0.00s

     Running unittests src/bin/agent.rs (target/debug/deps/agent-f0593d546fb7a4f5)

running 0 tests

test result: ok. 0 passed; 0 failed; 0 ignored; 0 measured; 0 filtered out; finished in 0.00s

     Running unittests src/bin/agentmage.rs (target/debug/deps/agentmage-a7389517de3bb1b6)

running 0 tests

test result: ok. 0 passed; 0 failed; 0 ignored; 0 measured; 0 filtered out; finished in 0.00s

     Running unittests src/main.rs (target/debug/deps/agentmage_host-982222c4b5d14c70)

running 0 tests

test result: ok. 0 passed; 0 failed; 0 ignored; 0 measured; 15 filtered out; finished in 0.00s


$ cargo test -p agentmage-host story_48_2_native_catalog_is_exact_local_and_mcp_independent --locked
    Finished `test` profile [unoptimized + debuginfo] target(s) in 0.03s
     Running unittests src/lib.rs (target/debug/deps/agentmage_host-88aef749813e6ae2)

running 1 test
test coding_tools::tests::story_48_2_native_catalog_is_exact_local_and_mcp_independent ... ok

test result: ok. 1 passed; 0 failed; 0 ignored; 0 measured; 160 filtered out; finished in 0.01s

     Running unittests src/bin/agent.rs (target/debug/deps/agent-f0593d546fb7a4f5)

running 0 tests

test result: ok. 0 passed; 0 failed; 0 ignored; 0 measured; 0 filtered out; finished in 0.00s

     Running unittests src/bin/agentmage.rs (target/debug/deps/agentmage-a7389517de3bb1b6)

running 0 tests

test result: ok. 0 passed; 0 failed; 0 ignored; 0 measured; 0 filtered out; finished in 0.00s

     Running unittests src/main.rs (target/debug/deps/agentmage_host-982222c4b5d14c70)

running 0 tests

test result: ok. 0 passed; 0 failed; 0 ignored; 0 measured; 15 filtered out; finished in 0.00s


$ cargo clippy -p agentmage-kernel-engine -p agentmage-host --all-targets --all-features --locked -- -D warnings
    Checking agentmage-kernel-engine v0.0.0 (/var/home/aaronnhorvitz/dev/01_repos/AgentMage/kernel/engine)
    Checking agentmage-platform-linux v0.0.0 (/var/home/aaronnhorvitz/dev/01_repos/AgentMage/platforms/linux)
    Checking agentmage-host v0.0.0 (/var/home/aaronnhorvitz/dev/01_repos/AgentMage/shells/host)
    Finished `dev` profile [unoptimized + debuginfo] target(s) in 7.94s
