$ cargo test -p agentmage-kernel-contracts engineering_records::step_execution_policy_tests::effect_taxonomy_is_closed_versioned_and_independent_of_authority_and_risk --locked
   Compiling agentmage-kernel-contracts v0.0.0 (/var/home/aaronnhorvitz/dev/01_repos/AgentMage/kernel/contracts)
    Finished `test` profile [unoptimized + debuginfo] target(s) in 0.30s
     Running unittests src/lib.rs (target/debug/deps/agentmage_kernel_contracts-6eb6c44b4ce1fddc)

running 1 test
test engineering_records::step_execution_policy_tests::effect_taxonomy_is_closed_versioned_and_independent_of_authority_and_risk ... ok

test result: ok. 1 passed; 0 failed; 0 ignored; 0 measured; 68 filtered out; finished in 0.00s

     Running tests/contract_family.rs (target/debug/deps/contract_family-e6be84c9440ed9d0)

running 0 tests

test result: ok. 0 passed; 0 failed; 0 ignored; 0 measured; 2 filtered out; finished in 0.00s

     Running tests/engineering_runtime_record_types.rs (target/debug/deps/engineering_runtime_record_types-111fa984dc6ae74e)

running 0 tests

test result: ok. 0 passed; 0 failed; 0 ignored; 0 measured; 3 filtered out; finished in 0.00s

     Running tests/grant_target_contract.rs (target/debug/deps/grant_target_contract-c2fbf4cd5e305ded)

running 0 tests

test result: ok. 0 passed; 0 failed; 0 ignored; 0 measured; 6 filtered out; finished in 0.00s

     Running tests/path_corpus.rs (target/debug/deps/path_corpus-4ba5289de3479052)

running 0 tests

test result: ok. 0 passed; 0 failed; 0 ignored; 0 measured; 1 filtered out; finished in 0.00s

     Running tests/platform_path_contract.rs (target/debug/deps/platform_path_contract-8818aa1a953159c2)

running 0 tests

test result: ok. 0 passed; 0 failed; 0 ignored; 0 measured; 2 filtered out; finished in 0.00s

$ cargo test -p agentmage-kernel-contracts engineering_records::step_execution_policy_tests::every_effect_class_admits_only_its_own_retry_classes --locked
    Finished `test` profile [unoptimized + debuginfo] target(s) in 0.01s
     Running unittests src/lib.rs (target/debug/deps/agentmage_kernel_contracts-6eb6c44b4ce1fddc)

running 1 test
test engineering_records::step_execution_policy_tests::every_effect_class_admits_only_its_own_retry_classes ... ok

test result: ok. 1 passed; 0 failed; 0 ignored; 0 measured; 68 filtered out; finished in 0.00s

     Running tests/contract_family.rs (target/debug/deps/contract_family-e6be84c9440ed9d0)

running 0 tests

test result: ok. 0 passed; 0 failed; 0 ignored; 0 measured; 2 filtered out; finished in 0.00s

     Running tests/engineering_runtime_record_types.rs (target/debug/deps/engineering_runtime_record_types-111fa984dc6ae74e)

running 0 tests

test result: ok. 0 passed; 0 failed; 0 ignored; 0 measured; 3 filtered out; finished in 0.00s

     Running tests/grant_target_contract.rs (target/debug/deps/grant_target_contract-c2fbf4cd5e305ded)

running 0 tests

test result: ok. 0 passed; 0 failed; 0 ignored; 0 measured; 6 filtered out; finished in 0.00s

     Running tests/path_corpus.rs (target/debug/deps/path_corpus-4ba5289de3479052)

running 0 tests

test result: ok. 0 passed; 0 failed; 0 ignored; 0 measured; 1 filtered out; finished in 0.00s

     Running tests/platform_path_contract.rs (target/debug/deps/platform_path_contract-8818aa1a953159c2)

running 0 tests

test result: ok. 0 passed; 0 failed; 0 ignored; 0 measured; 2 filtered out; finished in 0.00s

$ cargo test -p agentmage-kernel-contracts engineering_records::step_execution_policy_tests::workflow_failure_taxonomy_has_one_exact_conservative_default_per_class --locked
    Finished `test` profile [unoptimized + debuginfo] target(s) in 0.02s
     Running unittests src/lib.rs (target/debug/deps/agentmage_kernel_contracts-6eb6c44b4ce1fddc)

running 1 test
test engineering_records::step_execution_policy_tests::workflow_failure_taxonomy_has_one_exact_conservative_default_per_class ... ok

test result: ok. 1 passed; 0 failed; 0 ignored; 0 measured; 68 filtered out; finished in 0.00s

     Running tests/contract_family.rs (target/debug/deps/contract_family-e6be84c9440ed9d0)

running 0 tests

test result: ok. 0 passed; 0 failed; 0 ignored; 0 measured; 2 filtered out; finished in 0.00s

     Running tests/engineering_runtime_record_types.rs (target/debug/deps/engineering_runtime_record_types-111fa984dc6ae74e)

running 0 tests

test result: ok. 0 passed; 0 failed; 0 ignored; 0 measured; 3 filtered out; finished in 0.00s

     Running tests/grant_target_contract.rs (target/debug/deps/grant_target_contract-c2fbf4cd5e305ded)

running 0 tests

test result: ok. 0 passed; 0 failed; 0 ignored; 0 measured; 6 filtered out; finished in 0.00s

     Running tests/path_corpus.rs (target/debug/deps/path_corpus-4ba5289de3479052)

running 0 tests

test result: ok. 0 passed; 0 failed; 0 ignored; 0 measured; 1 filtered out; finished in 0.00s

     Running tests/platform_path_contract.rs (target/debug/deps/platform_path_contract-8818aa1a953159c2)

running 0 tests

test result: ok. 0 passed; 0 failed; 0 ignored; 0 measured; 2 filtered out; finished in 0.00s

$ cargo test -p agentmage-kernel-contracts engineering_records::step_execution_policy_tests::every_canonical_operation_has_one_conservative_effect_class --locked
    Finished `test` profile [unoptimized + debuginfo] target(s) in 0.02s
     Running unittests src/lib.rs (target/debug/deps/agentmage_kernel_contracts-6eb6c44b4ce1fddc)

running 1 test
test engineering_records::step_execution_policy_tests::every_canonical_operation_has_one_conservative_effect_class ... ok

test result: ok. 1 passed; 0 failed; 0 ignored; 0 measured; 68 filtered out; finished in 0.00s

     Running tests/contract_family.rs (target/debug/deps/contract_family-e6be84c9440ed9d0)

running 0 tests

test result: ok. 0 passed; 0 failed; 0 ignored; 0 measured; 2 filtered out; finished in 0.00s

     Running tests/engineering_runtime_record_types.rs (target/debug/deps/engineering_runtime_record_types-111fa984dc6ae74e)

running 0 tests

test result: ok. 0 passed; 0 failed; 0 ignored; 0 measured; 3 filtered out; finished in 0.00s

     Running tests/grant_target_contract.rs (target/debug/deps/grant_target_contract-c2fbf4cd5e305ded)

running 0 tests

test result: ok. 0 passed; 0 failed; 0 ignored; 0 measured; 6 filtered out; finished in 0.00s

     Running tests/path_corpus.rs (target/debug/deps/path_corpus-4ba5289de3479052)

running 0 tests

test result: ok. 0 passed; 0 failed; 0 ignored; 0 measured; 1 filtered out; finished in 0.00s

     Running tests/platform_path_contract.rs (target/debug/deps/platform_path_contract-8818aa1a953159c2)

running 0 tests

test result: ok. 0 passed; 0 failed; 0 ignored; 0 measured; 2 filtered out; finished in 0.00s

$ cargo test -p agentmage-kernel-engine tooling::tests::every_registered_operation_maps_exactly_once_and_untrusted_classes_fail_closed --locked
   Compiling agentmage-kernel-engine v0.0.0 (/var/home/aaronnhorvitz/dev/01_repos/AgentMage/kernel/engine)
    Finished `test` profile [unoptimized + debuginfo] target(s) in 3.17s
     Running unittests src/lib.rs (target/debug/deps/agentmage_kernel_engine-9b341475fdc661f2)

running 1 test
test tooling::tests::every_registered_operation_maps_exactly_once_and_untrusted_classes_fail_closed ... ok

test result: ok. 1 passed; 0 failed; 0 ignored; 0 measured; 784 filtered out; finished in 0.00s

     Running tests/adversarial_grant_corpus.rs (target/debug/deps/adversarial_grant_corpus-56c2c291005c6bac)

running 0 tests

test result: ok. 0 passed; 0 failed; 0 ignored; 0 measured; 1 filtered out; finished in 0.00s

     Running tests/authority_escalation_matrix.rs (target/debug/deps/authority_escalation_matrix-1d35cecc8eac4a50)

running 0 tests

test result: ok. 0 passed; 0 failed; 0 ignored; 0 measured; 1 filtered out; finished in 0.00s

     Running tests/boundary_workflow.rs (target/debug/deps/boundary_workflow-0763e8462d798883)

running 0 tests

test result: ok. 0 passed; 0 failed; 0 ignored; 0 measured; 1 filtered out; finished in 0.00s

     Running tests/command_injection_corpus.rs (target/debug/deps/command_injection_corpus-96fb8646b8e88c01)

running 0 tests

test result: ok. 0 passed; 0 failed; 0 ignored; 0 measured; 1 filtered out; finished in 0.00s

     Running tests/dependency_degradation.rs (target/debug/deps/dependency_degradation-0b41c11af9f7bcef)

running 0 tests

test result: ok. 0 passed; 0 failed; 0 ignored; 0 measured; 7 filtered out; finished in 0.00s

     Running tests/display_link_authority.rs (target/debug/deps/display_link_authority-3183945eaf6ee601)

running 0 tests

test result: ok. 0 passed; 0 failed; 0 ignored; 0 measured; 1 filtered out; finished in 0.00s

     Running tests/engineering_runtime_record_corpus.rs (target/debug/deps/engineering_runtime_record_corpus-e1a8fee3763d0eff)

running 0 tests

test result: ok. 0 passed; 0 failed; 0 ignored; 0 measured; 4 filtered out; finished in 0.00s

     Running tests/grant_race_replay.rs (target/debug/deps/grant_race_replay-c2bf19d0e955e0a1)

running 0 tests

test result: ok. 0 passed; 0 failed; 0 ignored; 0 measured; 1 filtered out; finished in 0.00s

     Running tests/grant_review_fixtures.rs (target/debug/deps/grant_review_fixtures-f39a9d9ea513dfc1)

running 0 tests

test result: ok. 0 passed; 0 failed; 0 ignored; 0 measured; 1 filtered out; finished in 0.00s

     Running tests/grant_stale_dispatch.rs (target/debug/deps/grant_stale_dispatch-6655190128ba9428)

running 0 tests

test result: ok. 0 passed; 0 failed; 0 ignored; 0 measured; 1 filtered out; finished in 0.00s

     Running tests/platform_adapter_conformance.rs (target/debug/deps/platform_adapter_conformance-dfbfdc9850767ddd)

running 0 tests

test result: ok. 0 passed; 0 failed; 0 ignored; 0 measured; 2 filtered out; finished in 0.00s

     Running tests/repository_safety_matrix.rs (target/debug/deps/repository_safety_matrix-977b1de1fa35ee44)

running 0 tests

test result: ok. 0 passed; 0 failed; 0 ignored; 0 measured; 2 filtered out; finished in 0.00s

     Running tests/retry_admission.rs (target/debug/deps/retry_admission-62d14a6aec0f9677)

running 0 tests

test result: ok. 0 passed; 0 failed; 0 ignored; 0 measured; 13 filtered out; finished in 0.00s

     Running tests/workflow_budget_independence.rs (target/debug/deps/workflow_budget_independence-e051a35e39b8b099)

running 0 tests

test result: ok. 0 passed; 0 failed; 0 ignored; 0 measured; 3 filtered out; finished in 0.00s

     Running tests/workflow_definition.rs (target/debug/deps/workflow_definition-9289ebbbd5c8954a)

running 0 tests

test result: ok. 0 passed; 0 failed; 0 ignored; 0 measured; 8 filtered out; finished in 0.00s

     Running tests/workflow_identity.rs (target/debug/deps/workflow_identity-304ed0f5ab07c9f8)

running 0 tests

test result: ok. 0 passed; 0 failed; 0 ignored; 0 measured; 9 filtered out; finished in 0.00s

     Running tests/workflow_verifier.rs (target/debug/deps/workflow_verifier-204c979953d9da6b)

running 0 tests

test result: ok. 0 passed; 0 failed; 0 ignored; 0 measured; 7 filtered out; finished in 0.00s

     Running tests/write_recovery_matrix.rs (target/debug/deps/write_recovery_matrix-890f5a0284eee806)

running 0 tests

test result: ok. 0 passed; 0 failed; 0 ignored; 0 measured; 4 filtered out; finished in 0.00s

