$ cargo test -p agentmage-kernel-contracts story_5_2_every_registered_operation_failure_pair_has_one_model_independent_disposition
    Finished `test` profile [unoptimized + debuginfo] target(s) in 0.02s
     Running unittests src/lib.rs (target/debug/deps/agentmage_kernel_contracts-6eb6c44b4ce1fddc)

running 1 test
test engineering_records::step_execution_policy_tests::story_5_2_every_registered_operation_failure_pair_has_one_model_independent_disposition ... ok

test result: ok. 1 passed; 0 failed; 0 ignored; 0 measured; 68 filtered out; finished in 0.00s

     Running tests/contract_family.rs (target/debug/deps/contract_family-e6be84c9440ed9d0)

running 0 tests

test result: ok. 0 passed; 0 failed; 0 ignored; 0 measured; 2 filtered out; finished in 0.00s

     Running tests/engineering_runtime_record_types.rs (target/debug/deps/engineering_runtime_record_types-111fa984dc6ae74e)

running 0 tests

test result: ok. 0 passed; 0 failed; 0 ignored; 0 measured; 3 filtered out; finished in 0.00s

     Running tests/grant_target_contract.rs (target/debug/deps/grant_target_contract-c2fbf4cd5e305ded)

running 0 tests

test result: ok. 0 passed; 0 failed; 0 ignored; 0 measured; 6 filtered out; finished in 0.00s

     Running tests/path_corpus.rs (target/debug/deps/path_corpus-4ba5289de3479052)

running 0 tests

test result: ok. 0 passed; 0 failed; 0 ignored; 0 measured; 1 filtered out; finished in 0.00s

     Running tests/platform_path_contract.rs (target/debug/deps/platform_path_contract-8818aa1a953159c2)

running 0 tests

test result: ok. 0 passed; 0 failed; 0 ignored; 0 measured; 2 filtered out; finished in 0.00s
$ python3 scripts/effect_class_taxonomy_evidence.py
Task 5.2.1 effect, failure, and registration taxonomy evidence validated
$ python3 scripts/retry_repair_policy_evidence.py
Retry, repair, mutation, and race evidence validated through Sub-task 5.2.4.2
$ python3 scripts/story_5_2_policy_evidence.py
Task 5.2.1 effect, failure, and registration taxonomy evidence validated
Retry, repair, mutation, and race evidence validated through Sub-task 5.2.4.2
Workflow supervision evidence validated through Sub-task 5.2.3.3
Story 5.2 policy evidence validated through Sub-task 5.2.4.3
