$ cargo test -p agentmage-kernel-engine workflow_budget::tests --locked
    Finished `test` profile [unoptimized + debuginfo] target(s) in 0.02s
     Running unittests src/lib.rs (target/debug/deps/agentmage_kernel_engine-5d89fb1f2dd765fa)

running 4 tests
test workflow_budget::tests::missing_or_duplicate_error_classes_cannot_form_a_policy ... ok
test workflow_budget::tests::content_identity_is_immutable_and_substitution_is_denied ... ok
test workflow_budget::tests::every_dimension_is_separate_and_every_error_class_is_exact ... ok
test workflow_budget::tests::checked_arithmetic_and_total_budget_fail_without_partial_consumption ... ok

test result: ok. 4 passed; 0 failed; 0 ignored; 0 measured; 691 filtered out; finished in 0.00s

     Running tests/adversarial_grant_corpus.rs (target/debug/deps/adversarial_grant_corpus-1b4b97cbccbdf090)

running 0 tests

test result: ok. 0 passed; 0 failed; 0 ignored; 0 measured; 1 filtered out; finished in 0.00s

     Running tests/authority_escalation_matrix.rs (target/debug/deps/authority_escalation_matrix-16ba4ae1b6e86b97)

running 0 tests

test result: ok. 0 passed; 0 failed; 0 ignored; 0 measured; 1 filtered out; finished in 0.00s

     Running tests/boundary_workflow.rs (target/debug/deps/boundary_workflow-75929cc4c43529ef)

running 0 tests

test result: ok. 0 passed; 0 failed; 0 ignored; 0 measured; 1 filtered out; finished in 0.00s

     Running tests/command_injection_corpus.rs (target/debug/deps/command_injection_corpus-80c0e8afb922bd47)

running 0 tests

test result: ok. 0 passed; 0 failed; 0 ignored; 0 measured; 1 filtered out; finished in 0.00s

     Running tests/display_link_authority.rs (target/debug/deps/display_link_authority-83bf91da9259c180)

running 0 tests

test result: ok. 0 passed; 0 failed; 0 ignored; 0 measured; 1 filtered out; finished in 0.00s

     Running tests/engineering_runtime_record_corpus.rs (target/debug/deps/engineering_runtime_record_corpus-544729f4e1294d0c)

running 0 tests

test result: ok. 0 passed; 0 failed; 0 ignored; 0 measured; 4 filtered out; finished in 0.00s

     Running tests/grant_race_replay.rs (target/debug/deps/grant_race_replay-c9f8c18d6667567d)

running 0 tests

test result: ok. 0 passed; 0 failed; 0 ignored; 0 measured; 1 filtered out; finished in 0.00s

     Running tests/grant_review_fixtures.rs (target/debug/deps/grant_review_fixtures-b45b2cee9ff8e56e)

running 0 tests

test result: ok. 0 passed; 0 failed; 0 ignored; 0 measured; 1 filtered out; finished in 0.00s

     Running tests/grant_stale_dispatch.rs (target/debug/deps/grant_stale_dispatch-db55c8cb6b746f85)

running 0 tests

test result: ok. 0 passed; 0 failed; 0 ignored; 0 measured; 1 filtered out; finished in 0.00s

     Running tests/platform_adapter_conformance.rs (target/debug/deps/platform_adapter_conformance-e4252934d8b1c603)

running 0 tests

test result: ok. 0 passed; 0 failed; 0 ignored; 0 measured; 2 filtered out; finished in 0.00s

     Running tests/repository_safety_matrix.rs (target/debug/deps/repository_safety_matrix-65c90518a1bcd1e0)

running 0 tests

test result: ok. 0 passed; 0 failed; 0 ignored; 0 measured; 2 filtered out; finished in 0.00s

     Running tests/retry_admission.rs (target/debug/deps/retry_admission-2c851f401bd01f79)

running 0 tests

test result: ok. 0 passed; 0 failed; 0 ignored; 0 measured; 11 filtered out; finished in 0.00s

     Running tests/workflow_budget_independence.rs (target/debug/deps/workflow_budget_independence-2de93261c4dda06c)

running 0 tests

test result: ok. 0 passed; 0 failed; 0 ignored; 0 measured; 3 filtered out; finished in 0.00s

     Running tests/workflow_definition.rs (target/debug/deps/workflow_definition-574427c2826e010a)

running 0 tests

test result: ok. 0 passed; 0 failed; 0 ignored; 0 measured; 8 filtered out; finished in 0.00s

     Running tests/workflow_identity.rs (target/debug/deps/workflow_identity-f23e29536c391fc5)

running 0 tests

test result: ok. 0 passed; 0 failed; 0 ignored; 0 measured; 9 filtered out; finished in 0.00s

     Running tests/write_recovery_matrix.rs (target/debug/deps/write_recovery_matrix-774f1a5d8f717985)

running 0 tests

test result: ok. 0 passed; 0 failed; 0 ignored; 0 measured; 4 filtered out; finished in 0.00s
$ cargo test -p agentmage-kernel-engine workflow_progress::tests --locked
    Finished `test` profile [unoptimized + debuginfo] target(s) in 0.02s
     Running unittests src/lib.rs (target/debug/deps/agentmage_kernel_engine-5d89fb1f2dd765fa)

running 4 tests
test workflow_progress::tests::incomplete_malformed_or_oversized_state_fails_closed ... ok
test workflow_progress::tests::policy_identity_is_immutable_and_substitution_changes_nothing ... ok
test workflow_progress::tests::non_adjacent_repeated_state_stops_at_the_exact_policy_limit ... ok
test workflow_progress::tests::fingerprint_is_deterministic_complete_and_boundary_preserving ... ok

test result: ok. 4 passed; 0 failed; 0 ignored; 0 measured; 691 filtered out; finished in 0.00s

     Running tests/adversarial_grant_corpus.rs (target/debug/deps/adversarial_grant_corpus-1b4b97cbccbdf090)

running 0 tests

test result: ok. 0 passed; 0 failed; 0 ignored; 0 measured; 1 filtered out; finished in 0.00s

     Running tests/authority_escalation_matrix.rs (target/debug/deps/authority_escalation_matrix-16ba4ae1b6e86b97)

running 0 tests

test result: ok. 0 passed; 0 failed; 0 ignored; 0 measured; 1 filtered out; finished in 0.00s

     Running tests/boundary_workflow.rs (target/debug/deps/boundary_workflow-75929cc4c43529ef)

running 0 tests

test result: ok. 0 passed; 0 failed; 0 ignored; 0 measured; 1 filtered out; finished in 0.00s

     Running tests/command_injection_corpus.rs (target/debug/deps/command_injection_corpus-80c0e8afb922bd47)

running 0 tests

test result: ok. 0 passed; 0 failed; 0 ignored; 0 measured; 1 filtered out; finished in 0.00s

     Running tests/display_link_authority.rs (target/debug/deps/display_link_authority-83bf91da9259c180)

running 0 tests

test result: ok. 0 passed; 0 failed; 0 ignored; 0 measured; 1 filtered out; finished in 0.00s

     Running tests/engineering_runtime_record_corpus.rs (target/debug/deps/engineering_runtime_record_corpus-544729f4e1294d0c)

running 0 tests

test result: ok. 0 passed; 0 failed; 0 ignored; 0 measured; 4 filtered out; finished in 0.00s

     Running tests/grant_race_replay.rs (target/debug/deps/grant_race_replay-c9f8c18d6667567d)

running 0 tests

test result: ok. 0 passed; 0 failed; 0 ignored; 0 measured; 1 filtered out; finished in 0.00s

     Running tests/grant_review_fixtures.rs (target/debug/deps/grant_review_fixtures-b45b2cee9ff8e56e)

running 0 tests

test result: ok. 0 passed; 0 failed; 0 ignored; 0 measured; 1 filtered out; finished in 0.00s

     Running tests/grant_stale_dispatch.rs (target/debug/deps/grant_stale_dispatch-db55c8cb6b746f85)

running 0 tests

test result: ok. 0 passed; 0 failed; 0 ignored; 0 measured; 1 filtered out; finished in 0.00s

     Running tests/platform_adapter_conformance.rs (target/debug/deps/platform_adapter_conformance-e4252934d8b1c603)

running 0 tests

test result: ok. 0 passed; 0 failed; 0 ignored; 0 measured; 2 filtered out; finished in 0.00s

     Running tests/repository_safety_matrix.rs (target/debug/deps/repository_safety_matrix-65c90518a1bcd1e0)

running 0 tests

test result: ok. 0 passed; 0 failed; 0 ignored; 0 measured; 2 filtered out; finished in 0.00s

     Running tests/retry_admission.rs (target/debug/deps/retry_admission-2c851f401bd01f79)

running 0 tests

test result: ok. 0 passed; 0 failed; 0 ignored; 0 measured; 11 filtered out; finished in 0.00s

     Running tests/workflow_budget_independence.rs (target/debug/deps/workflow_budget_independence-2de93261c4dda06c)

running 0 tests

test result: ok. 0 passed; 0 failed; 0 ignored; 0 measured; 3 filtered out; finished in 0.00s

     Running tests/workflow_definition.rs (target/debug/deps/workflow_definition-574427c2826e010a)

running 0 tests

test result: ok. 0 passed; 0 failed; 0 ignored; 0 measured; 8 filtered out; finished in 0.00s

     Running tests/workflow_identity.rs (target/debug/deps/workflow_identity-f23e29536c391fc5)

running 0 tests

test result: ok. 0 passed; 0 failed; 0 ignored; 0 measured; 9 filtered out; finished in 0.00s

     Running tests/write_recovery_matrix.rs (target/debug/deps/write_recovery_matrix-774f1a5d8f717985)

running 0 tests

test result: ok. 0 passed; 0 failed; 0 ignored; 0 measured; 4 filtered out; finished in 0.00s
$ cargo test -p agentmage-kernel-engine workflow_termination::tests --locked
    Finished `test` profile [unoptimized + debuginfo] target(s) in 0.02s
     Running unittests src/lib.rs (target/debug/deps/agentmage_kernel_engine-5d89fb1f2dd765fa)

running 4 tests
test workflow_termination::tests::every_policy_denial_has_one_exact_safe_nonexecuting_action ... ok
test workflow_termination::tests::terminal_output_has_no_caller_text_identity_or_authority_surface ... ok
test workflow_termination::tests::exhausted_and_saturated_budgets_are_inert_and_do_not_change_usage ... ok
test workflow_termination::tests::only_exact_repeated_state_stop_terminates_and_detector_remains_unchanged ... ok

test result: ok. 4 passed; 0 failed; 0 ignored; 0 measured; 691 filtered out; finished in 0.00s

     Running tests/adversarial_grant_corpus.rs (target/debug/deps/adversarial_grant_corpus-1b4b97cbccbdf090)

running 0 tests

test result: ok. 0 passed; 0 failed; 0 ignored; 0 measured; 1 filtered out; finished in 0.00s

     Running tests/authority_escalation_matrix.rs (target/debug/deps/authority_escalation_matrix-16ba4ae1b6e86b97)

running 0 tests

test result: ok. 0 passed; 0 failed; 0 ignored; 0 measured; 1 filtered out; finished in 0.00s

     Running tests/boundary_workflow.rs (target/debug/deps/boundary_workflow-75929cc4c43529ef)

running 0 tests

test result: ok. 0 passed; 0 failed; 0 ignored; 0 measured; 1 filtered out; finished in 0.00s

     Running tests/command_injection_corpus.rs (target/debug/deps/command_injection_corpus-80c0e8afb922bd47)

running 0 tests

test result: ok. 0 passed; 0 failed; 0 ignored; 0 measured; 1 filtered out; finished in 0.00s

     Running tests/display_link_authority.rs (target/debug/deps/display_link_authority-83bf91da9259c180)

running 0 tests

test result: ok. 0 passed; 0 failed; 0 ignored; 0 measured; 1 filtered out; finished in 0.00s

     Running tests/engineering_runtime_record_corpus.rs (target/debug/deps/engineering_runtime_record_corpus-544729f4e1294d0c)

running 0 tests

test result: ok. 0 passed; 0 failed; 0 ignored; 0 measured; 4 filtered out; finished in 0.00s

     Running tests/grant_race_replay.rs (target/debug/deps/grant_race_replay-c9f8c18d6667567d)

running 0 tests

test result: ok. 0 passed; 0 failed; 0 ignored; 0 measured; 1 filtered out; finished in 0.00s

     Running tests/grant_review_fixtures.rs (target/debug/deps/grant_review_fixtures-b45b2cee9ff8e56e)

running 0 tests

test result: ok. 0 passed; 0 failed; 0 ignored; 0 measured; 1 filtered out; finished in 0.00s

     Running tests/grant_stale_dispatch.rs (target/debug/deps/grant_stale_dispatch-db55c8cb6b746f85)

running 0 tests

test result: ok. 0 passed; 0 failed; 0 ignored; 0 measured; 1 filtered out; finished in 0.00s

     Running tests/platform_adapter_conformance.rs (target/debug/deps/platform_adapter_conformance-e4252934d8b1c603)

running 0 tests

test result: ok. 0 passed; 0 failed; 0 ignored; 0 measured; 2 filtered out; finished in 0.00s

     Running tests/repository_safety_matrix.rs (target/debug/deps/repository_safety_matrix-65c90518a1bcd1e0)

running 0 tests

test result: ok. 0 passed; 0 failed; 0 ignored; 0 measured; 2 filtered out; finished in 0.00s

     Running tests/retry_admission.rs (target/debug/deps/retry_admission-2c851f401bd01f79)

running 0 tests

test result: ok. 0 passed; 0 failed; 0 ignored; 0 measured; 11 filtered out; finished in 0.00s

     Running tests/workflow_budget_independence.rs (target/debug/deps/workflow_budget_independence-2de93261c4dda06c)

running 0 tests

test result: ok. 0 passed; 0 failed; 0 ignored; 0 measured; 3 filtered out; finished in 0.00s

     Running tests/workflow_definition.rs (target/debug/deps/workflow_definition-574427c2826e010a)

running 0 tests

test result: ok. 0 passed; 0 failed; 0 ignored; 0 measured; 8 filtered out; finished in 0.00s

     Running tests/workflow_identity.rs (target/debug/deps/workflow_identity-f23e29536c391fc5)

running 0 tests

test result: ok. 0 passed; 0 failed; 0 ignored; 0 measured; 9 filtered out; finished in 0.00s

     Running tests/write_recovery_matrix.rs (target/debug/deps/write_recovery_matrix-774f1a5d8f717985)

running 0 tests

test result: ok. 0 passed; 0 failed; 0 ignored; 0 measured; 4 filtered out; finished in 0.00s
