    Finished `test` profile [unoptimized + debuginfo] target(s) in 0.04s
     Running unittests src/lib.rs (target/debug/deps/agentmage_platform_linux-28f606209526cf9e)

running 19 tests
test sandbox::research::tests::actual_research_worker_starts_inside_native_profile_and_refuses_expired_packet ... ignored, actual built optional worker with expired input; native startup/closure only, no DNS/HTTP
test sandbox::research::tests::dispatch_fixture::native_dispatch_spends_once_retains_uncertainty_and_never_replays_after_reopen ... ignored, canonical SQLCipher/native dual-proof refusal integration; expired worker input, no DNS/HTTP
test sandbox::research::tests::dispatch_fixture::native_public_source_is_bound_to_canonical_receipt_and_remains_lifecycle_checked ... ignored, explicit real public native HTTPS plus canonical source/reopen/lifecycle; no provider or model
test sandbox::research::tests::installed_research_cancellation_deadline_and_output_failure_leave_lane_reusable ... ignored, native owned cancellation/deadline/output limits; sealed diagnostic ELF, no traffic
test sandbox::research::tests::installed_research_filter_denies_nonclient_sockets_and_lane_is_reusable ... ignored, native research confinement diagnostic; owned units, sealed ELF, no network traffic
test sandbox::research::tests::installed_research_namespace_projects_only_exact_inputs_and_no_host_descriptors ... ignored, native filesystem/env/descriptor isolation; owned sealed diagnostic ELF, no traffic
test sandbox::research::tests::copied_development_worker_cannot_exceed_its_unchanged_native_memory_cap ... ok
test sandbox::research::tests::research_probe_is_bounded_static_and_uses_exact_native_call_arguments ... ok
test sandbox::research::tests::native_success_requires_exact_exit_complete_full_output_and_no_stderr ... ok
test sandbox::research::tests::resolver_service_delegation_is_data_only_and_rejects_untrusted_metadata ... ok
test sandbox::research::tests::research_failure_keeps_observed_reason_distinct_from_uncertain_disclosure ... ok
test sandbox::research_resolver::tests::local_system_resolver_is_preserved_but_search_options_and_comments_are_not ... ok
test sandbox::research_resolver::tests::complete_bounded_ordered_server_set_is_not_truncated_or_sorted ... ok
test sandbox::research::tests::a_closed_worker_report_is_only_the_failure_reason ... ok
test sandbox::research_resolver::tests::missing_malformed_scoped_ambiguous_and_oversized_inputs_fail_closed ... ok
test sandbox::supervision::tests::research_unit_observation_requires_the_optional_closed_owner_and_exact_nonce ... ok
test sandbox::research_seccomp::tests::compiled_socket_policy_admits_only_exact_client_argument_sets ... ok
test sandbox::research_seccomp::tests::compiled_policy_keeps_child_server_privileged_and_alias_syscalls_denied ... ok
test sandbox::research_seccomp::tests::connected_policy_is_distinct_and_stays_inside_atomic_release_ceiling ... ok

test result: ok. 13 passed; 0 failed; 6 ignored; 0 measured; 255 filtered out; finished in 0.00s

