$ cargo test -p agentmage-kernel-engine story_21_3 --locked
    Finished `test` profile [unoptimized + debuginfo] target(s) in 0.05s
     Running unittests src/lib.rs (target/debug/deps/agentmage_kernel_engine-5d89fb1f2dd765fa)

running 10 tests
test runtime_journal::tests::story_21_3_correctness_event_crash_child ... ignored, subprocess stop target; invoked only by the Story 21.3 crash matrix
test runtime_event::tests::story_21_3_rejected_duplicate_identity_events_do_not_mutate_replay_state ... ok
test runtime_event::tests::story_21_3_blocked_extraction_is_terminal_for_indexing_and_remains_visible ... ok
test runtime_event::tests::story_21_3_large_and_sensitive_payloads_remain_reference_only ... ok
test runtime_event::tests::story_21_3_legacy_clients_get_explicit_unsupported_kind_without_breaking_old_journals ... ok
test runtime_event::tests::story_21_3_missing_duplicate_reordered_cross_bound_and_tampered_events_fail_closed ... ok
test runtime_event::tests::story_21_3_complete_artifact_workflow_replays_to_one_exact_projection ... ok
test runtime_event::tests::story_21_3_materialized_projection_drift_never_overrides_canonical_replay ... ok
test runtime_journal::tests::story_21_3_new_correctness_events_commit_reopen_and_replay_exactly ... ok
test runtime_journal::tests::story_21_3_every_new_correctness_event_survives_before_and_after_process_stop ... ok

test result: ok. 9 passed; 0 failed; 1 ignored; 0 measured; 751 filtered out; finished in 4.65s

     Running tests/adversarial_grant_corpus.rs (target/debug/deps/adversarial_grant_corpus-1b4b97cbccbdf090)

running 0 tests

test result: ok. 0 passed; 0 failed; 0 ignored; 0 measured; 1 filtered out; finished in 0.00s

     Running tests/authority_escalation_matrix.rs (target/debug/deps/authority_escalation_matrix-16ba4ae1b6e86b97)

running 0 tests

test result: ok. 0 passed; 0 failed; 0 ignored; 0 measured; 1 filtered out; finished in 0.00s

     Running tests/boundary_workflow.rs (target/debug/deps/boundary_workflow-75929cc4c43529ef)

running 0 tests

test result: ok. 0 passed; 0 failed; 0 ignored; 0 measured; 1 filtered out; finished in 0.00s

     Running tests/command_injection_corpus.rs (target/debug/deps/command_injection_corpus-80c0e8afb922bd47)

running 0 tests

test result: ok. 0 passed; 0 failed; 0 ignored; 0 measured; 1 filtered out; finished in 0.00s

     Running tests/display_link_authority.rs (target/debug/deps/display_link_authority-83bf91da9259c180)

running 0 tests

test result: ok. 0 passed; 0 failed; 0 ignored; 0 measured; 1 filtered out; finished in 0.00s

     Running tests/engineering_runtime_record_corpus.rs (target/debug/deps/engineering_runtime_record_corpus-544729f4e1294d0c)

running 0 tests

test result: ok. 0 passed; 0 failed; 0 ignored; 0 measured; 4 filtered out; finished in 0.00s

     Running tests/grant_race_replay.rs (target/debug/deps/grant_race_replay-c9f8c18d6667567d)

running 0 tests

test result: ok. 0 passed; 0 failed; 0 ignored; 0 measured; 1 filtered out; finished in 0.00s

     Running tests/grant_review_fixtures.rs (target/debug/deps/grant_review_fixtures-b45b2cee9ff8e56e)

running 0 tests

test result: ok. 0 passed; 0 failed; 0 ignored; 0 measured; 1 filtered out; finished in 0.00s

     Running tests/grant_stale_dispatch.rs (target/debug/deps/grant_stale_dispatch-db55c8cb6b746f85)

running 0 tests

test result: ok. 0 passed; 0 failed; 0 ignored; 0 measured; 1 filtered out; finished in 0.00s

     Running tests/platform_adapter_conformance.rs (target/debug/deps/platform_adapter_conformance-e4252934d8b1c603)

running 0 tests

test result: ok. 0 passed; 0 failed; 0 ignored; 0 measured; 2 filtered out; finished in 0.00s

     Running tests/repository_safety_matrix.rs (target/debug/deps/repository_safety_matrix-65c90518a1bcd1e0)

running 0 tests

test result: ok. 0 passed; 0 failed; 0 ignored; 0 measured; 2 filtered out; finished in 0.00s

     Running tests/retry_admission.rs (target/debug/deps/retry_admission-2c851f401bd01f79)

running 0 tests

test result: ok. 0 passed; 0 failed; 0 ignored; 0 measured; 12 filtered out; finished in 0.00s

     Running tests/workflow_budget_independence.rs (target/debug/deps/workflow_budget_independence-2de93261c4dda06c)

running 0 tests

test result: ok. 0 passed; 0 failed; 0 ignored; 0 measured; 3 filtered out; finished in 0.00s

     Running tests/workflow_definition.rs (target/debug/deps/workflow_definition-574427c2826e010a)

running 0 tests

test result: ok. 0 passed; 0 failed; 0 ignored; 0 measured; 8 filtered out; finished in 0.00s

     Running tests/workflow_identity.rs (target/debug/deps/workflow_identity-f23e29536c391fc5)

running 0 tests

test result: ok. 0 passed; 0 failed; 0 ignored; 0 measured; 9 filtered out; finished in 0.00s

     Running tests/workflow_verifier.rs (target/debug/deps/workflow_verifier-ac3c31389397eb91)

running 0 tests

test result: ok. 0 passed; 0 failed; 0 ignored; 0 measured; 7 filtered out; finished in 0.00s

     Running tests/write_recovery_matrix.rs (target/debug/deps/write_recovery_matrix-774f1a5d8f717985)

running 0 tests

test result: ok. 0 passed; 0 failed; 0 ignored; 0 measured; 4 filtered out; finished in 0.00s


$ cargo test -p agentmage-kernel-engine story_21_2_lagging_subscriber_is_removed_without_blocking_runtime --locked
    Finished `test` profile [unoptimized + debuginfo] target(s) in 0.02s
     Running unittests src/lib.rs (target/debug/deps/agentmage_kernel_engine-5d89fb1f2dd765fa)

running 1 test
test runtime_event::tests::story_21_2_lagging_subscriber_is_removed_without_blocking_runtime ... ok

test result: ok. 1 passed; 0 failed; 0 ignored; 0 measured; 760 filtered out; finished in 0.00s

     Running tests/adversarial_grant_corpus.rs (target/debug/deps/adversarial_grant_corpus-1b4b97cbccbdf090)

running 0 tests

test result: ok. 0 passed; 0 failed; 0 ignored; 0 measured; 1 filtered out; finished in 0.00s

     Running tests/authority_escalation_matrix.rs (target/debug/deps/authority_escalation_matrix-16ba4ae1b6e86b97)

running 0 tests

test result: ok. 0 passed; 0 failed; 0 ignored; 0 measured; 1 filtered out; finished in 0.00s

     Running tests/boundary_workflow.rs (target/debug/deps/boundary_workflow-75929cc4c43529ef)

running 0 tests

test result: ok. 0 passed; 0 failed; 0 ignored; 0 measured; 1 filtered out; finished in 0.00s

     Running tests/command_injection_corpus.rs (target/debug/deps/command_injection_corpus-80c0e8afb922bd47)

running 0 tests

test result: ok. 0 passed; 0 failed; 0 ignored; 0 measured; 1 filtered out; finished in 0.00s

     Running tests/display_link_authority.rs (target/debug/deps/display_link_authority-83bf91da9259c180)

running 0 tests

test result: ok. 0 passed; 0 failed; 0 ignored; 0 measured; 1 filtered out; finished in 0.00s

     Running tests/engineering_runtime_record_corpus.rs (target/debug/deps/engineering_runtime_record_corpus-544729f4e1294d0c)

running 0 tests

test result: ok. 0 passed; 0 failed; 0 ignored; 0 measured; 4 filtered out; finished in 0.00s

     Running tests/grant_race_replay.rs (target/debug/deps/grant_race_replay-c9f8c18d6667567d)

running 0 tests

test result: ok. 0 passed; 0 failed; 0 ignored; 0 measured; 1 filtered out; finished in 0.00s

     Running tests/grant_review_fixtures.rs (target/debug/deps/grant_review_fixtures-b45b2cee9ff8e56e)

running 0 tests

test result: ok. 0 passed; 0 failed; 0 ignored; 0 measured; 1 filtered out; finished in 0.00s

     Running tests/grant_stale_dispatch.rs (target/debug/deps/grant_stale_dispatch-db55c8cb6b746f85)

running 0 tests

test result: ok. 0 passed; 0 failed; 0 ignored; 0 measured; 1 filtered out; finished in 0.00s

     Running tests/platform_adapter_conformance.rs (target/debug/deps/platform_adapter_conformance-e4252934d8b1c603)

running 0 tests

test result: ok. 0 passed; 0 failed; 0 ignored; 0 measured; 2 filtered out; finished in 0.00s

     Running tests/repository_safety_matrix.rs (target/debug/deps/repository_safety_matrix-65c90518a1bcd1e0)

running 0 tests

test result: ok. 0 passed; 0 failed; 0 ignored; 0 measured; 2 filtered out; finished in 0.00s

     Running tests/retry_admission.rs (target/debug/deps/retry_admission-2c851f401bd01f79)

running 0 tests

test result: ok. 0 passed; 0 failed; 0 ignored; 0 measured; 12 filtered out; finished in 0.00s

     Running tests/workflow_budget_independence.rs (target/debug/deps/workflow_budget_independence-2de93261c4dda06c)

running 0 tests

test result: ok. 0 passed; 0 failed; 0 ignored; 0 measured; 3 filtered out; finished in 0.00s

     Running tests/workflow_definition.rs (target/debug/deps/workflow_definition-574427c2826e010a)

running 0 tests

test result: ok. 0 passed; 0 failed; 0 ignored; 0 measured; 8 filtered out; finished in 0.00s

     Running tests/workflow_identity.rs (target/debug/deps/workflow_identity-f23e29536c391fc5)

running 0 tests

test result: ok. 0 passed; 0 failed; 0 ignored; 0 measured; 9 filtered out; finished in 0.00s

     Running tests/workflow_verifier.rs (target/debug/deps/workflow_verifier-ac3c31389397eb91)

running 0 tests

test result: ok. 0 passed; 0 failed; 0 ignored; 0 measured; 7 filtered out; finished in 0.00s

     Running tests/write_recovery_matrix.rs (target/debug/deps/write_recovery_matrix-774f1a5d8f717985)

running 0 tests

test result: ok. 0 passed; 0 failed; 0 ignored; 0 measured; 4 filtered out; finished in 0.00s


$ cargo test -p agentmage-kernel-engine story_21_2_dedicated_writer_keeps_progress_and_clients_off_slow_store --locked
    Finished `test` profile [unoptimized + debuginfo] target(s) in 0.02s
     Running unittests src/lib.rs (target/debug/deps/agentmage_kernel_engine-5d89fb1f2dd765fa)

running 1 test
test runtime_journal::tests::story_21_2_dedicated_writer_keeps_progress_and_clients_off_slow_store ... ok

test result: ok. 1 passed; 0 failed; 0 ignored; 0 measured; 760 filtered out; finished in 0.10s

     Running tests/adversarial_grant_corpus.rs (target/debug/deps/adversarial_grant_corpus-1b4b97cbccbdf090)

running 0 tests

test result: ok. 0 passed; 0 failed; 0 ignored; 0 measured; 1 filtered out; finished in 0.00s

     Running tests/authority_escalation_matrix.rs (target/debug/deps/authority_escalation_matrix-16ba4ae1b6e86b97)

running 0 tests

test result: ok. 0 passed; 0 failed; 0 ignored; 0 measured; 1 filtered out; finished in 0.00s

     Running tests/boundary_workflow.rs (target/debug/deps/boundary_workflow-75929cc4c43529ef)

running 0 tests

test result: ok. 0 passed; 0 failed; 0 ignored; 0 measured; 1 filtered out; finished in 0.00s

     Running tests/command_injection_corpus.rs (target/debug/deps/command_injection_corpus-80c0e8afb922bd47)

running 0 tests

test result: ok. 0 passed; 0 failed; 0 ignored; 0 measured; 1 filtered out; finished in 0.00s

     Running tests/display_link_authority.rs (target/debug/deps/display_link_authority-83bf91da9259c180)

running 0 tests

test result: ok. 0 passed; 0 failed; 0 ignored; 0 measured; 1 filtered out; finished in 0.00s

     Running tests/engineering_runtime_record_corpus.rs (target/debug/deps/engineering_runtime_record_corpus-544729f4e1294d0c)

running 0 tests

test result: ok. 0 passed; 0 failed; 0 ignored; 0 measured; 4 filtered out; finished in 0.00s

     Running tests/grant_race_replay.rs (target/debug/deps/grant_race_replay-c9f8c18d6667567d)

running 0 tests

test result: ok. 0 passed; 0 failed; 0 ignored; 0 measured; 1 filtered out; finished in 0.00s

     Running tests/grant_review_fixtures.rs (target/debug/deps/grant_review_fixtures-b45b2cee9ff8e56e)

running 0 tests

test result: ok. 0 passed; 0 failed; 0 ignored; 0 measured; 1 filtered out; finished in 0.00s

     Running tests/grant_stale_dispatch.rs (target/debug/deps/grant_stale_dispatch-db55c8cb6b746f85)

running 0 tests

test result: ok. 0 passed; 0 failed; 0 ignored; 0 measured; 1 filtered out; finished in 0.00s

     Running tests/platform_adapter_conformance.rs (target/debug/deps/platform_adapter_conformance-e4252934d8b1c603)

running 0 tests

test result: ok. 0 passed; 0 failed; 0 ignored; 0 measured; 2 filtered out; finished in 0.00s

     Running tests/repository_safety_matrix.rs (target/debug/deps/repository_safety_matrix-65c90518a1bcd1e0)

running 0 tests

test result: ok. 0 passed; 0 failed; 0 ignored; 0 measured; 2 filtered out; finished in 0.00s

     Running tests/retry_admission.rs (target/debug/deps/retry_admission-2c851f401bd01f79)

running 0 tests

test result: ok. 0 passed; 0 failed; 0 ignored; 0 measured; 12 filtered out; finished in 0.00s

     Running tests/workflow_budget_independence.rs (target/debug/deps/workflow_budget_independence-2de93261c4dda06c)

running 0 tests

test result: ok. 0 passed; 0 failed; 0 ignored; 0 measured; 3 filtered out; finished in 0.00s

     Running tests/workflow_definition.rs (target/debug/deps/workflow_definition-574427c2826e010a)

running 0 tests

test result: ok. 0 passed; 0 failed; 0 ignored; 0 measured; 8 filtered out; finished in 0.00s

     Running tests/workflow_identity.rs (target/debug/deps/workflow_identity-f23e29536c391fc5)

running 0 tests

test result: ok. 0 passed; 0 failed; 0 ignored; 0 measured; 9 filtered out; finished in 0.00s

     Running tests/workflow_verifier.rs (target/debug/deps/workflow_verifier-ac3c31389397eb91)

running 0 tests

test result: ok. 0 passed; 0 failed; 0 ignored; 0 measured; 7 filtered out; finished in 0.00s

     Running tests/write_recovery_matrix.rs (target/debug/deps/write_recovery_matrix-774f1a5d8f717985)

running 0 tests

test result: ok. 0 passed; 0 failed; 0 ignored; 0 measured; 4 filtered out; finished in 0.00s


$ node --test tests/test_planning_schemas.mjs
✔ all canonical examples satisfy their schema and semantic contract (4.00461ms)
✔ decision and supersession templates are valid unapproved drafts (21.750432ms)
✔ templates cannot be represented as accepted without approval evidence (0.137631ms)
✔ validation does not mutate its input (0.449834ms)
✔ every record rejects missing required fields and unknown properties (0.332137ms)
✔ shared identities, paths, hashes, dates, and commits are strict (0.160699ms)
✔ accepted decisions require approval evidence and cannot supersede themselves (0.143696ms)
✔ risk registers reject duplicate identities and incorrect calculated scores (0.140741ms)
✔ accepted risks require a decision and evidence (0.13968ms)
✔ change logs reject duplicate identities and decreasing timestamps (0.186181ms)
✔ release manifests bind release IDs and require unique component and profile identities (0.153509ms)
✔ released manifests require a signer and release evidence (0.094373ms)
✔ release manifests require one exact configuration identity (0.142324ms)
✔ accepted supersessions require approval and disjoint requirement sets (0.12315ms)
✔ unknown planning record types fail explicitly (0.197995ms)
✔ platform, provenance, and fuzz results satisfy their testing schemas (31.532692ms)
✔ testing schemas reject weakened platform and provenance controls (3.740776ms)
✔ unknown testing record types fail explicitly (0.073851ms)
✔ runtime state event and environment fixtures satisfy closed schemas (258.61259ms)
✔ runtime artifact schemas reject path authority and lifecycle drift (1.773387ms)
✔ validation receipts reject false pass, partial ambiguity, secrets, and unsorted evidence (1.99111ms)
✔ logical commit plans reject authority, duplicate operations, and noncanonical groups (0.693995ms)
✔ local review packets reject false review, validation, and change accounting (1.906094ms)
✔ local commit records reject signer, approval, index, publication, and signature drift (2.240161ms)
✔ change intent runtime schema rejects ambiguity and authority forgery (0.89147ms)
✔ reproduction runtime schema rejects false outcomes and inherited authority (0.68183ms)
✔ repository runtime schemas reject preservation and authority ambiguity (2.084668ms)
✔ command runtime schemas reject authority and outcome ambiguity (1.42191ms)
✔ write-aware checkpoint schema rejects ambiguous completion (0.940376ms)
✔ runtime schemas reject missing and unknown fields (34.200274ms)
✔ runtime events reject inline sensitive content and invented token events (0.914643ms)
✔ artifact and workflow projection event families remain closed (3.31066ms)
✔ thin client requests reject hidden authority and binding drift (0.681577ms)
✔ thin client request commands remain closed and semantically bounded (0.25033ms)
✔ thin client events reject malformed payloads and output drift (0.322016ms)
✔ frontier decisions reject trigger, authority, clarification, and evidence drift (0.214717ms)
✔ executive rankings reject hidden effects score drift and unstable ordering (0.27386ms)
✔ executive views reject authority truth-state and evidence-order drift (0.160862ms)
✔ executive correspondence reviews reject send completion and issue drift (0.264089ms)
✔ meeting runtime records reject inferred states guessed fields and hidden effects (0.53977ms)
✔ document-control records reject truth approval preview and effect drift (0.52727ms)
✔ Markdown artifact records reject evidence ordering effect and round-trip drift (0.331628ms)
✔ Word artifact records reject identity ordering fidelity and authority drift (1.047129ms)
✔ PDF records reject page citation OCR and effect drift (1.139832ms)
✔ tabular and spreadsheet records reject semantic and effect drift (197.99156ms)
✔ JSON reconciliation and spreadsheet verification records reject semantic drift (0.892441ms)
✔ presentation records reject unsafe inspection, stale previews, and edit drift (1.110974ms)
✔ frontier receipts reject delivery and implicit or sensitive destinations (0.172273ms)
✔ frontier return manifests reject authority stale references and operation drift (0.699319ms)
✔ frontier round-trip receipts reject trust effects and recursive authority (0.478476ms)
✔ state-machine schema rejects phase edge and authority drift (0.181501ms)
✔ progress events enforce sequence revision step identity and content-free shape (0.140799ms)
✔ session environment schema rejects syntax bounds variants and authority drift (0.455282ms)
✔ unknown runtime record types fail explicitly (0.067105ms)
✔ all configuration sections and the bundle satisfy closed versioned schemas (31.33609ms)
✔ session and release result examples bind an exact configuration identity (23.184896ms)
✔ configuration-bound results reject incomplete or broadened records (0.393558ms)
✔ configuration diff and rollback review examples satisfy closed schemas (20.521534ms)
✔ configuration review schemas reject raw values and unsafe rollback claims (0.697457ms)
✔ configuration schemas reject missing versions and unknown fields (2.930955ms)
✔ configuration validation does not coerce values or apply defaults (0.233903ms)
✔ configuration bundle enforces authority, network, and logging controls (0.549843ms)
✔ configuration bundle rejects authority and resource relationships that broaden scope (0.241154ms)
✔ current configuration schemas retain complete fail-closed mutation coverage (26.872991ms)
✔ retained configuration report currentness remains an explicit legacy check (22.097947ms)
✔ unknown configuration record types fail explicitly (0.103267ms)
✔ configuration profile catalog and all seven profiles satisfy formal schemas (19.766557ms)
✔ future profile catalog entries cannot claim registration, network, or macOS support (0.958486ms)
ℹ tests 68
ℹ suites 0
ℹ pass 68
ℹ fail 0
ℹ cancelled 0
ℹ skipped 0
ℹ todo 0
ℹ duration_ms 1151.929826

$ cargo clippy -p agentmage-kernel-engine -p agentmage-host --all-targets --locked -- -D warnings
    Finished `dev` profile [unoptimized + debuginfo] target(s) in 0.05s
