$ cargo test -p agentmage-kernel-engine --test engineering_runtime_record_corpus every_declared_schema_failure_fails_before_canonical_publication -- --exact
    Finished `test` profile [unoptimized + debuginfo] target(s) in 0.02s
     Running tests/engineering_runtime_record_corpus.rs (target/debug/deps/engineering_runtime_record_corpus-e1a8fee3763d0eff)

running 1 test
test every_declared_schema_failure_fails_before_canonical_publication ... ok

test result: ok. 1 passed; 0 failed; 0 ignored; 0 measured; 3 filtered out; finished in 0.00s
$ cargo test -p agentmage-kernel-engine --test engineering_runtime_record_corpus cyclic_and_stale_records_fail_at_their_exact_trusted_boundaries -- --exact
    Finished `test` profile [unoptimized + debuginfo] target(s) in 0.02s
     Running tests/engineering_runtime_record_corpus.rs (target/debug/deps/engineering_runtime_record_corpus-e1a8fee3763d0eff)

running 1 test
test cyclic_and_stale_records_fail_at_their_exact_trusted_boundaries ... ok

test result: ok. 1 passed; 0 failed; 0 ignored; 0 measured; 3 filtered out; finished in 0.00s
$ cargo test -p agentmage-kernel-contracts --lib serialization::tests::malformed_missing_extra_duplicate_and_trailing_inputs_fail_closed -- --exact
   Compiling agentmage-kernel-contracts v0.0.0 (/var/home/aaronnhorvitz/dev/01_repos/AgentMage/kernel/contracts)
    Finished `test` profile [unoptimized + debuginfo] target(s) in 5.02s
     Running unittests src/lib.rs (target/debug/deps/agentmage_kernel_contracts-6eb6c44b4ce1fddc)

running 1 test
test serialization::tests::malformed_missing_extra_duplicate_and_trailing_inputs_fail_closed ... ok

test result: ok. 1 passed; 0 failed; 0 ignored; 0 measured; 68 filtered out; finished in 0.00s
$ cargo test -p agentmage-kernel-contracts --lib serialization::tests::oversized_input_and_unsupported_versions_have_exact_error_paths -- --exact
    Finished `test` profile [unoptimized + debuginfo] target(s) in 0.01s
     Running unittests src/lib.rs (target/debug/deps/agentmage_kernel_contracts-6eb6c44b4ce1fddc)

running 1 test
test serialization::tests::oversized_input_and_unsupported_versions_have_exact_error_paths ... ok

test result: ok. 1 passed; 0 failed; 0 ignored; 0 measured; 68 filtered out; finished in 0.00s
$ cargo test -p agentmage-kernel-contracts --lib engineering_records::execution_envelope_tests::unknown_and_missing_envelope_fields_are_rejected -- --exact
    Finished `test` profile [unoptimized + debuginfo] target(s) in 0.01s
     Running unittests src/lib.rs (target/debug/deps/agentmage_kernel_contracts-6eb6c44b4ce1fddc)

running 1 test
test engineering_records::execution_envelope_tests::unknown_and_missing_envelope_fields_are_rejected ... ok

test result: ok. 1 passed; 0 failed; 0 ignored; 0 measured; 68 filtered out; finished in 0.00s
$ python3 scripts/engineering_runtime_record_evidence.py
Task 1.3.3.1 canonical record evidence validated
