
> agentmage-planning-docs@0.0.0 contract-boundary:check
> npm run contract-boundary:verify && python3 scripts/contract_boundary_gate.py


> agentmage-planning-docs@0.0.0 contract-boundary:verify
> npm run engineering-runtime:schemas:check && python3 scripts/dependency_rules.py && python3 -m unittest tests.test_dependency_rules && python3 scripts/runtime_ownership.py && python3 -m unittest tests.test_runtime_ownership && python3 scripts/vscode_api_surfaces.py && python3 -m unittest tests.test_vscode_api_surfaces && python3 scripts/status_model.py && python3 -m unittest tests.test_status_model tests.test_contract_boundary_gate


> agentmage-planning-docs@0.0.0 engineering-runtime:schemas:check
> node scripts/engineering_runtime_schemas.mjs && node --test tests/test_engineering_runtime_schemas.mjs && node -e "console.log('generated Engineering Runtime schemas are current, closed, and compile')"

Validated 37 Engineering Runtime schemas and 6 reused contracts.
✔ generated Engineering Runtime schemas are current, closed, and compile (102.174487ms)
✔ canonical runtime record schemas reject every unsupported version (0.418455ms)
✔ source-artifact family schemas reject missing, extra, malformed, stale, oversized, and unsupported-version envelopes (46.438018ms)
✔ multi-agent schemas require bounded workers and verifier-owned completion evidence (17.05431ms)
✔ artifact capture and context delivery fail closed (13.22428ms)
✔ remote endpoint and route records cannot enable or silently fallback (15.425699ms)
✔ tool observations and terminal results preserve runtime authority (15.164342ms)
✔ context-manifest binds schema_version to the authoritative Rust contract version (6.888345ms)
✔ structural sections and context dispositions reject reversed ranges through trusted semantic validation (11.27245ms)
✔ extraction terminal states forbid payload contradicting the declared disposition (5.260447ms)
✔ context-manifest semantic validation reconciles source_artifact_count, artifact_id uniqueness, and ordered ranges (7.189487ms)
✔ context-manifest items reject non-admitting dispositions carrying ranges or tokens (5.689676ms)
✔ context-manifest items require a deterministic reason_code for every non-complete disposition (5.910471ms)
✔ createEngineeringRuntimeValidator is the mandatory public path that binds structural and semantic contracts (32.335039ms)
✔ createEngineeringRuntimeValidator refuses to reuse a mismatched schema registered under the authoritative $id (10.20737ms)
✔ source-reference records reject contradictory reference_class and support_state combinations (5.634829ms)
✔ context-disposition terminal states forbid ranges and tokens outside admitting states (5.449578ms)
✔ context-disposition and context-manifest impose matching reason_code rules for each disposition (11.686047ms)
✔ source-retention binds schema_version to the authoritative Rust contract version (7.152607ms)
✔ source-retention rejects missing, extra, malformed, and oversized fields (6.551343ms)
✔ source-retention cannot widen RuntimeArtifactKind or name a second physical store (5.948236ms)
✔ source-retention forbids persistence contradicting the declared retention class (6.343842ms)
✔ source-retention requires a deterministic reason_code for every non-active lifecycle state (5.820554ms)
✔ source-retention semantic validation reconciles retention_class with lifecycle_state (12.137919ms)
✔ source-retention carries protected metadata only as a digest (6.382525ms)
✔ source-locator binds schema_version and admits every authoritative coordinate space (23.464909ms)
✔ source-locator carries exactly the payload of its declared kind (9.72099ms)
✔ source-locator forbids naming a position it never resolved (10.280909ms)
✔ source-locator requires a deterministic reason_code for every non-complete state (8.694907ms)
✔ source-locator semantic validation rejects reversed ranges and degenerate coordinates (18.464078ms)
✔ source-locator rejects missing, extra, malformed, and out-of-range fields (9.370294ms)
✔ step-execution-policy binds schema_version and names eight identities keyed to the existing plan step (18.396471ms)
✔ step-execution-policy is a companion record and restates no plan, tool, grant, receipt, or completion state (7.555608ms)
✔ step-execution-policy admits exactly the retry classes its effect class permits (7.845934ms)
✔ step-execution-policy never automatically retries a destructive, external, non-idempotent, or unclassified effect (8.257614ms)
✔ step-execution-policy retries an idempotent write only against a verified key or desired state (7.297609ms)
✔ step-execution-policy resolves completion to verifier evidence or exactly one recorded deferral (7.113755ms)
✔ step-execution-policy gives an unretried step exactly one attempt (6.850193ms)
✔ step-execution-policy rejects missing, malformed, oversized, and duplicated identities (14.151138ms)
✔ execution envelopes are admitted, versioned, and established only by the runtime (74.297464ms)
✔ execution envelopes reference the protected contracts by identity and never restate them (35.607154ms)
✔ workflow and step executions bind the existing plan and step identities (4.94285ms)
✔ call envelope carries only the digest of validated arguments and explains every rejection (5.068906ms)
✔ operation attempts are new attempts that resolve to an executor receipt (6.867689ms)
✔ recovery decisions reconcile an uncertain outcome and retry only a classified transient failure (6.024313ms)
✔ terminal diagnostics stay content free (11.108014ms)
✔ execution envelopes reject missing, malformed, and unknown fields (75.140379ms)
✔ retry admission opens a new attempt and never replays a prior identity (6.210293ms)
✔ retry admission keeps attempts an ordered chain rather than a repeated identity (10.876313ms)
✔ retry admission requires a fresh approval per attempt and reconciliation before reattempt (4.994753ms)
✔ retry admission carries no receipt and no replay surface (5.287606ms)
✔ retry compatibility and migration rules are closed, complete, and enforced (0.126913ms)
ℹ tests 52
ℹ suites 0
ℹ pass 52
ℹ fail 0
ℹ cancelled 0
ℹ skipped 0
ℹ todo 0
ℹ duration_ms 839.170046
generated Engineering Runtime schemas are current, closed, and compile
dependency rule validation passed
........
----------------------------------------------------------------------
Ran 8 tests in 0.002s

OK
runtime ownership validation passed
...............
----------------------------------------------------------------------
Ran 15 tests in 0.003s

OK
vscode api surface validation passed
.............
----------------------------------------------------------------------
Ran 13 tests in 0.001s

OK
status model validation passed
.................................
----------------------------------------------------------------------
Ran 33 tests in 0.579s

OK
Task 1.2.5.1 contract boundary gate passed locally
