$ cargo test -p agentmage-kernel-engine --test workflow_verifier exit_zero_persuasive_output_and_tampered_results_never_establish_completion -- --exact
    Finished `test` profile [unoptimized + debuginfo] target(s) in 0.05s
     Running tests/workflow_verifier.rs (target/debug/deps/workflow_verifier-ac3c31389397eb91)

running 1 test
test exit_zero_persuasive_output_and_tampered_results_never_establish_completion ... ok

test result: ok. 1 passed; 0 failed; 0 ignored; 0 measured; 6 filtered out; finished in 0.00s
$ cargo test -p agentmage-kernel-engine --test workflow_verifier every_postcondition_invariant_and_prohibited_effect_is_fail_closed -- --exact
    Finished `test` profile [unoptimized + debuginfo] target(s) in 0.02s
     Running tests/workflow_verifier.rs (target/debug/deps/workflow_verifier-ac3c31389397eb91)

running 1 test
test every_postcondition_invariant_and_prohibited_effect_is_fail_closed ... ok

test result: ok. 1 passed; 0 failed; 0 ignored; 0 measured; 6 filtered out; finished in 0.00s
$ cargo test -p agentmage-kernel-engine --test workflow_verifier changed_and_unchanged_verified_evidence_resolve_to_distinct_success_states -- --exact
    Finished `test` profile [unoptimized + debuginfo] target(s) in 0.02s
     Running tests/workflow_verifier.rs (target/debug/deps/workflow_verifier-ac3c31389397eb91)

running 1 test
test changed_and_unchanged_verified_evidence_resolve_to_distinct_success_states ... ok

test result: ok. 1 passed; 0 failed; 0 ignored; 0 measured; 6 filtered out; finished in 0.00s
$ python3 scripts/workflow_verifier_evidence.py
Deterministic workflow evidence validated through Sub-task 5.3.2.1
$ python3 scripts/workflow_terminal_evidence.py
Closed workflow terminal outcomes validated through Sub-task 5.3.2.2
$ python3 scripts/workflow_adversarial_campaign.py
Eight adversarial workflow families validated through Sub-task 5.3.3.1
