$ cargo test -p agentmage-kernel-engine --test workflow_verifier --locked
    Finished `test` profile [unoptimized + debuginfo] target(s) in 0.04s
     Running tests/workflow_verifier.rs (target/debug/deps/workflow_verifier-ac3c31389397eb91)

running 7 tests
test malformed_non_success_cannot_collapse_into_a_success_or_generic_failure ... ok
test all_seven_non_success_states_remain_exact_and_diagnostic ... ok
test exact_current_deterministic_evidence_is_admitted_without_authority ... ok
test expected_output_state_observation_receipt_and_evidence_bind_independently ... ok
test every_postcondition_invariant_and_prohibited_effect_is_fail_closed ... ok
test exit_zero_persuasive_output_and_tampered_results_never_establish_completion ... ok
test changed_and_unchanged_verified_evidence_resolve_to_distinct_success_states ... ok

test result: ok. 7 passed; 0 failed; 0 ignored; 0 measured; 0 filtered out; finished in 0.00s
$ cargo clippy -p agentmage-kernel-engine -p agentmage-kernel-contracts --all-targets --all-features --locked -- -D warnings
    Checking agentmage-kernel-contracts v0.0.0 (/var/home/aaronnhorvitz/dev/01_repos/AgentMage/kernel/contracts)
    Finished `dev` profile [unoptimized + debuginfo] target(s) in 4.75s
$ npm run engineering-runtime:schemas:check

> agentmage-planning-docs@0.0.0 engineering-runtime:schemas:check
> node scripts/engineering_runtime_schemas.mjs && node --test tests/test_engineering_runtime_schemas.mjs

Validated 37 Engineering Runtime schemas and 6 reused contracts.
✔ generated Engineering Runtime schemas are current, closed, and compile (111.198803ms)
✔ canonical runtime record schemas reject every unsupported version (0.45632ms)
✔ source-artifact family schemas reject missing, extra, malformed, stale, oversized, and unsupported-version envelopes (49.653277ms)
✔ multi-agent schemas require bounded workers and verifier-owned completion evidence (18.660812ms)
✔ artifact capture and context delivery fail closed (13.597841ms)
✔ remote endpoint and route records cannot enable or silently fallback (12.462536ms)
✔ tool observations and terminal results preserve runtime authority (13.710947ms)
✔ context-manifest binds schema_version to the authoritative Rust contract version (7.28908ms)
✔ structural sections and context dispositions reject reversed ranges through trusted semantic validation (11.561224ms)
✔ extraction terminal states forbid payload contradicting the declared disposition (5.488379ms)
✔ context-manifest semantic validation reconciles source_artifact_count, artifact_id uniqueness, and ordered ranges (7.031489ms)
✔ context-manifest items reject non-admitting dispositions carrying ranges or tokens (7.360968ms)
✔ context-manifest items require a deterministic reason_code for every non-complete disposition (6.066626ms)
✔ createEngineeringRuntimeValidator is the mandatory public path that binds structural and semantic contracts (33.082402ms)
✔ createEngineeringRuntimeValidator refuses to reuse a mismatched schema registered under the authoritative $id (11.452024ms)
✔ source-reference records reject contradictory reference_class and support_state combinations (5.490318ms)
✔ context-disposition terminal states forbid ranges and tokens outside admitting states (6.036404ms)
✔ context-disposition and context-manifest impose matching reason_code rules for each disposition (12.00166ms)
✔ source-retention binds schema_version to the authoritative Rust contract version (7.344361ms)
✔ source-retention rejects missing, extra, malformed, and oversized fields (6.830593ms)
✔ source-retention cannot widen RuntimeArtifactKind or name a second physical store (6.344797ms)
✔ source-retention forbids persistence contradicting the declared retention class (6.102361ms)
✔ source-retention requires a deterministic reason_code for every non-active lifecycle state (6.481442ms)
✔ source-retention semantic validation reconciles retention_class with lifecycle_state (12.629164ms)
✔ source-retention carries protected metadata only as a digest (6.240288ms)
✔ source-locator binds schema_version and admits every authoritative coordinate space (24.21137ms)
✔ source-locator carries exactly the payload of its declared kind (9.850124ms)
✔ source-locator forbids naming a position it never resolved (10.579033ms)
✔ source-locator requires a deterministic reason_code for every non-complete state (9.33839ms)
✔ source-locator semantic validation rejects reversed ranges and degenerate coordinates (18.408055ms)
✔ source-locator rejects missing, extra, malformed, and out-of-range fields (10.11291ms)
✔ step-execution-policy binds schema_version and names eight identities keyed to the existing plan step (19.391552ms)
✔ step-execution-policy is a companion record and restates no plan, tool, grant, receipt, or completion state (8.367759ms)
✔ step-execution-policy admits exactly the retry classes its effect class permits (7.826267ms)
✔ step-execution-policy never automatically retries a destructive, external, non-idempotent, or unclassified effect (8.312335ms)
✔ step-execution-policy retries an idempotent write only against a verified key or desired state (7.79911ms)
✔ step-execution-policy resolves completion to verifier evidence or exactly one recorded deferral (7.573946ms)
✔ step-execution-policy gives an unretried step exactly one attempt (7.811897ms)
✔ step-execution-policy rejects missing, malformed, oversized, and duplicated identities (15.645952ms)
✔ execution envelopes are admitted, versioned, and established only by the runtime (79.305992ms)
✔ execution envelopes reference the protected contracts by identity and never restate them (34.815176ms)
✔ workflow and step executions bind the existing plan and step identities (5.23442ms)
✔ call envelope carries only the digest of validated arguments and explains every rejection (5.615691ms)
✔ operation attempts are new attempts that resolve to an executor receipt (6.037042ms)
✔ recovery decisions reconcile an uncertain outcome and retry only a classified transient failure (5.633322ms)
✔ terminal diagnostics stay content free (10.186123ms)
✔ execution envelopes reject missing, malformed, and unknown fields (79.578638ms)
✔ retry admission opens a new attempt and never replays a prior identity (6.152158ms)
✔ retry admission keeps attempts an ordered chain rather than a repeated identity (11.5894ms)
✔ retry admission requires a fresh approval per attempt and reconciliation before reattempt (5.279048ms)
✔ retry admission carries no receipt and no replay surface (5.588969ms)
✔ retry compatibility and migration rules are closed, complete, and enforced (0.115594ms)
ℹ tests 52
ℹ suites 0
ℹ pass 52
ℹ fail 0
ℹ cancelled 0
ℹ skipped 0
ℹ todo 0
ℹ duration_ms 864.158057
