$ cargo test -p agentmage-kernel-engine --locked served_capabilit
    Finished `test` profile [unoptimized + debuginfo] target(s) in 0.03s
     Running unittests src/lib.rs (target/debug/deps/agentmage_kernel_engine-9b341475fdc661f2)

running 3 tests
test model_runtime::tests::health_rejects_every_served_capability_drift_before_dispatch ... ok
test model_runtime::tests::served_capabilities_reject_missing_forged_undersized_and_unsafe_facts ... ok
test model_runtime::tests::served_capability_stable_sleep_reobservation_and_reload_generation_are_explicit ... ok

test result: ok. 3 passed; 0 failed; 0 ignored; 0 measured; 1038 filtered out; finished in 0.00s

     Running tests/adversarial_grant_corpus.rs (target/debug/deps/adversarial_grant_corpus-56c2c291005c6bac)

running 0 tests

test result: ok. 0 passed; 0 failed; 0 ignored; 0 measured; 1 filtered out; finished in 0.00s

     Running tests/authority_escalation_matrix.rs (target/debug/deps/authority_escalation_matrix-1d35cecc8eac4a50)

running 0 tests

test result: ok. 0 passed; 0 failed; 0 ignored; 0 measured; 1 filtered out; finished in 0.00s

     Running tests/boundary_workflow.rs (target/debug/deps/boundary_workflow-0763e8462d798883)

running 0 tests

test result: ok. 0 passed; 0 failed; 0 ignored; 0 measured; 1 filtered out; finished in 0.00s

     Running tests/command_injection_corpus.rs (target/debug/deps/command_injection_corpus-96fb8646b8e88c01)

running 0 tests

test result: ok. 0 passed; 0 failed; 0 ignored; 0 measured; 1 filtered out; finished in 0.00s

     Running tests/dependency_degradation.rs (target/debug/deps/dependency_degradation-0b41c11af9f7bcef)

running 0 tests

test result: ok. 0 passed; 0 failed; 0 ignored; 0 measured; 7 filtered out; finished in 0.00s

     Running tests/display_link_authority.rs (target/debug/deps/display_link_authority-3183945eaf6ee601)

running 0 tests

test result: ok. 0 passed; 0 failed; 0 ignored; 0 measured; 1 filtered out; finished in 0.00s

     Running tests/engineering_runtime_record_corpus.rs (target/debug/deps/engineering_runtime_record_corpus-e1a8fee3763d0eff)

running 0 tests

test result: ok. 0 passed; 0 failed; 0 ignored; 0 measured; 4 filtered out; finished in 0.00s

     Running tests/grant_race_replay.rs (target/debug/deps/grant_race_replay-c2bf19d0e955e0a1)

running 0 tests

test result: ok. 0 passed; 0 failed; 0 ignored; 0 measured; 1 filtered out; finished in 0.00s

     Running tests/grant_review_fixtures.rs (target/debug/deps/grant_review_fixtures-f39a9d9ea513dfc1)

running 0 tests

test result: ok. 0 passed; 0 failed; 0 ignored; 0 measured; 1 filtered out; finished in 0.00s

     Running tests/grant_stale_dispatch.rs (target/debug/deps/grant_stale_dispatch-6655190128ba9428)

running 0 tests

test result: ok. 0 passed; 0 failed; 0 ignored; 0 measured; 1 filtered out; finished in 0.00s

     Running tests/platform_adapter_conformance.rs (target/debug/deps/platform_adapter_conformance-dfbfdc9850767ddd)

running 0 tests

test result: ok. 0 passed; 0 failed; 0 ignored; 0 measured; 2 filtered out; finished in 0.00s

     Running tests/repository_safety_matrix.rs (target/debug/deps/repository_safety_matrix-977b1de1fa35ee44)

running 0 tests

test result: ok. 0 passed; 0 failed; 0 ignored; 0 measured; 2 filtered out; finished in 0.00s

     Running tests/retry_admission.rs (target/debug/deps/retry_admission-62d14a6aec0f9677)

running 0 tests

test result: ok. 0 passed; 0 failed; 0 ignored; 0 measured; 13 filtered out; finished in 0.00s

     Running tests/workflow_budget_independence.rs (target/debug/deps/workflow_budget_independence-e051a35e39b8b099)

running 0 tests

test result: ok. 0 passed; 0 failed; 0 ignored; 0 measured; 3 filtered out; finished in 0.00s

     Running tests/workflow_definition.rs (target/debug/deps/workflow_definition-9289ebbbd5c8954a)

running 0 tests

test result: ok. 0 passed; 0 failed; 0 ignored; 0 measured; 8 filtered out; finished in 0.00s

     Running tests/workflow_identity.rs (target/debug/deps/workflow_identity-304ed0f5ab07c9f8)

running 0 tests

test result: ok. 0 passed; 0 failed; 0 ignored; 0 measured; 9 filtered out; finished in 0.00s

     Running tests/workflow_verifier.rs (target/debug/deps/workflow_verifier-204c979953d9da6b)

running 0 tests

test result: ok. 0 passed; 0 failed; 0 ignored; 0 measured; 7 filtered out; finished in 0.00s

     Running tests/write_recovery_matrix.rs (target/debug/deps/write_recovery_matrix-890f5a0284eee806)

running 0 tests

test result: ok. 0 passed; 0 failed; 0 ignored; 0 measured; 4 filtered out; finished in 0.00s


$ cargo test -p agentmage-platform-linux-inference --locked undersized_served_capacity_refuses_and_retains_no_loaded_binding
    Finished `test` profile [unoptimized + debuginfo] target(s) in 0.02s
     Running unittests src/lib.rs (target/debug/deps/agentmage_platform_linux_inference-9b8eded1ee48c32a)

running 1 test
test native_model_adapter::tests::undersized_served_capacity_refuses_and_retains_no_loaded_binding ... ok

test result: ok. 1 passed; 0 failed; 0 ignored; 0 measured; 91 filtered out; finished in 0.00s

     Running unittests src/docker_guard_main.rs (target/debug/deps/agentmage_docker_guard-e694f0eb4f1ba26d)

running 0 tests

test result: ok. 0 passed; 0 failed; 0 ignored; 0 measured; 0 filtered out; finished in 0.00s

     Running unittests src/docker_topology_collector_main.rs (target/debug/deps/agentmage_docker_topology_collector-0b7fc57f4622dd2b)

running 0 tests

test result: ok. 0 passed; 0 failed; 0 ignored; 0 measured; 0 filtered out; finished in 0.00s

     Running unittests src/model_installer_main.rs (target/debug/deps/agentmage_model_installer-c7e3e860f99917b1)

running 0 tests

test result: ok. 0 passed; 0 failed; 0 ignored; 0 measured; 0 filtered out; finished in 0.00s

     Running unittests src/main.rs (target/debug/deps/agentmage_native_inference-ef4aae71cea88a13)

running 0 tests

test result: ok. 0 passed; 0 failed; 0 ignored; 0 measured; 0 filtered out; finished in 0.00s

     Running tests/muse_live_evaluation.rs (target/debug/deps/muse_live_evaluation-afb5ed20a037e93d)

running 0 tests

test result: ok. 0 passed; 0 failed; 0 ignored; 0 measured; 2 filtered out; finished in 0.00s

     Running tests/muse_live_install.rs (target/debug/deps/muse_live_install-cba0d4fcb2e1f1c9)

running 0 tests

test result: ok. 0 passed; 0 failed; 0 ignored; 0 measured; 3 filtered out; finished in 0.00s

     Running tests/process_boundary.rs (target/debug/deps/process_boundary-c046b64f0f2c12ea)

running 0 tests

test result: ok. 0 passed; 0 failed; 0 ignored; 0 measured; 9 filtered out; finished in 0.00s


$ cargo test -p agentmage-platform-linux-inference --locked llama_server_driver::tests::
    Finished `test` profile [unoptimized + debuginfo] target(s) in 0.02s
     Running unittests src/lib.rs (target/debug/deps/agentmage_platform_linux_inference-9b8eded1ee48c32a)

running 16 tests
test llama_server_driver::tests::accelerator_observation_is_exact_bounded_and_process_specific ... ok
test llama_server_driver::tests::completion_streams_exact_sampling_tuple_and_classifies_inert_output ... ok
test llama_server_driver::tests::ctx_finish_retains_incomplete_reasons_usage_and_bounded_partial_bytes ... ok
test llama_server_driver::tests::deadline_interrupts_a_silent_stream_with_one_terminal_fragment ... ok
test llama_server_driver::tests::exact_directory_does_not_assume_filesystem_link_count_semantics ... ok
test llama_server_driver::tests::exact_health_and_tokenize_requests_use_only_closed_endpoints ... ok
test llama_server_driver::tests::launch_tuple_is_fixed_to_one_private_socket_and_slot ... ok
test llama_server_driver::tests::live_probe_cancels_after_a_fragment_and_closes_the_stream_once ... ok
test llama_server_driver::tests::malformed_chunked_sse_contracts_fail_without_advisory_fallback ... ok
test llama_server_driver::tests::malformed_status_length_chunking_and_trailing_data_fail_closed ... ok
test llama_server_driver::tests::only_bounded_nonstructured_utf8_can_be_advisory_text ... ok
test llama_server_driver::tests::process_generation_is_read_from_the_live_process_identity ... ok
test llama_server_driver::tests::sandbox_tuple_exposes_only_runtime_model_gpu_support_and_private_socket ... ok
test llama_server_driver::tests::serving_properties_reject_missing_undersized_identity_and_sleep_drift ... ok
test llama_server_driver::tests::unix_socket_path_is_fixed_name_and_bounded_by_linux_address_limit ... ok
test llama_server_driver::tests::verified_file_snapshot_detects_inode_mode_and_link_drift ... ok

test result: ok. 16 passed; 0 failed; 0 ignored; 0 measured; 76 filtered out; finished in 0.31s

     Running unittests src/docker_guard_main.rs (target/debug/deps/agentmage_docker_guard-e694f0eb4f1ba26d)

running 0 tests

test result: ok. 0 passed; 0 failed; 0 ignored; 0 measured; 0 filtered out; finished in 0.00s

     Running unittests src/docker_topology_collector_main.rs (target/debug/deps/agentmage_docker_topology_collector-0b7fc57f4622dd2b)

running 0 tests

test result: ok. 0 passed; 0 failed; 0 ignored; 0 measured; 0 filtered out; finished in 0.00s

     Running unittests src/model_installer_main.rs (target/debug/deps/agentmage_model_installer-c7e3e860f99917b1)

running 0 tests

test result: ok. 0 passed; 0 failed; 0 ignored; 0 measured; 0 filtered out; finished in 0.00s

     Running unittests src/main.rs (target/debug/deps/agentmage_native_inference-ef4aae71cea88a13)

running 0 tests

test result: ok. 0 passed; 0 failed; 0 ignored; 0 measured; 0 filtered out; finished in 0.00s

     Running tests/muse_live_evaluation.rs (target/debug/deps/muse_live_evaluation-afb5ed20a037e93d)

running 0 tests

test result: ok. 0 passed; 0 failed; 0 ignored; 0 measured; 2 filtered out; finished in 0.00s

     Running tests/muse_live_install.rs (target/debug/deps/muse_live_install-cba0d4fcb2e1f1c9)

running 0 tests

test result: ok. 0 passed; 0 failed; 0 ignored; 0 measured; 3 filtered out; finished in 0.00s

     Running tests/process_boundary.rs (target/debug/deps/process_boundary-c046b64f0f2c12ea)

running 0 tests

test result: ok. 0 passed; 0 failed; 0 ignored; 0 measured; 9 filtered out; finished in 0.00s
