$ cargo test -p agentmage-kernel-engine story_11_3 --locked
    Finished `test` profile [unoptimized + debuginfo] target(s) in 0.05s
     Running unittests src/lib.rs (target/debug/deps/agentmage_kernel_engine-9b341475fdc661f2)

running 5 tests
test workflow_resume::tests::story_11_3_current_checkpoint_is_the_only_dispatch_permitting_result ... ok
test workflow_resume::tests::story_11_3_every_identity_family_invalidates_resume_transitively ... ok
test workflow_resume::tests::story_11_3_budget_and_terminal_state_are_absorbing ... ok
test workflow_resume::tests::story_11_3_malformed_or_mismatched_durable_records_fail_closed ... ok
test workflow_resume::tests::story_11_3_uncertain_or_completed_effect_never_replays ... ok

test result: ok. 5 passed; 0 failed; 0 ignored; 0 measured; 1390 filtered out; finished in 0.00s

     Running tests/adversarial_grant_corpus.rs (target/debug/deps/adversarial_grant_corpus-56c2c291005c6bac)

running 0 tests

test result: ok. 0 passed; 0 failed; 0 ignored; 0 measured; 1 filtered out; finished in 0.00s

     Running tests/authority_escalation_matrix.rs (target/debug/deps/authority_escalation_matrix-1d35cecc8eac4a50)

running 0 tests

test result: ok. 0 passed; 0 failed; 0 ignored; 0 measured; 1 filtered out; finished in 0.00s

     Running tests/boundary_workflow.rs (target/debug/deps/boundary_workflow-0763e8462d798883)

running 0 tests

test result: ok. 0 passed; 0 failed; 0 ignored; 0 measured; 1 filtered out; finished in 0.00s

     Running tests/command_injection_corpus.rs (target/debug/deps/command_injection_corpus-96fb8646b8e88c01)

running 0 tests

test result: ok. 0 passed; 0 failed; 0 ignored; 0 measured; 1 filtered out; finished in 0.00s

     Running tests/dependency_degradation.rs (target/debug/deps/dependency_degradation-0b41c11af9f7bcef)

running 0 tests

test result: ok. 0 passed; 0 failed; 0 ignored; 0 measured; 7 filtered out; finished in 0.00s

     Running tests/display_link_authority.rs (target/debug/deps/display_link_authority-3183945eaf6ee601)

running 0 tests

test result: ok. 0 passed; 0 failed; 0 ignored; 0 measured; 1 filtered out; finished in 0.00s

     Running tests/engineering_runtime_record_corpus.rs (target/debug/deps/engineering_runtime_record_corpus-e1a8fee3763d0eff)

running 0 tests

test result: ok. 0 passed; 0 failed; 0 ignored; 0 measured; 4 filtered out; finished in 0.00s

     Running tests/grant_race_replay.rs (target/debug/deps/grant_race_replay-c2bf19d0e955e0a1)

running 0 tests

test result: ok. 0 passed; 0 failed; 0 ignored; 0 measured; 1 filtered out; finished in 0.00s

     Running tests/grant_review_fixtures.rs (target/debug/deps/grant_review_fixtures-f39a9d9ea513dfc1)

running 0 tests

test result: ok. 0 passed; 0 failed; 0 ignored; 0 measured; 1 filtered out; finished in 0.00s

     Running tests/grant_stale_dispatch.rs (target/debug/deps/grant_stale_dispatch-6655190128ba9428)

running 0 tests

test result: ok. 0 passed; 0 failed; 0 ignored; 0 measured; 1 filtered out; finished in 0.00s

     Running tests/platform_adapter_conformance.rs (target/debug/deps/platform_adapter_conformance-dfbfdc9850767ddd)

running 0 tests

test result: ok. 0 passed; 0 failed; 0 ignored; 0 measured; 2 filtered out; finished in 0.00s

     Running tests/repository_safety_matrix.rs (target/debug/deps/repository_safety_matrix-977b1de1fa35ee44)

running 0 tests

test result: ok. 0 passed; 0 failed; 0 ignored; 0 measured; 2 filtered out; finished in 0.00s

     Running tests/retry_admission.rs (target/debug/deps/retry_admission-62d14a6aec0f9677)

running 0 tests

test result: ok. 0 passed; 0 failed; 0 ignored; 0 measured; 13 filtered out; finished in 0.00s

     Running tests/workflow_budget_independence.rs (target/debug/deps/workflow_budget_independence-e051a35e39b8b099)

running 0 tests

test result: ok. 0 passed; 0 failed; 0 ignored; 0 measured; 3 filtered out; finished in 0.00s

     Running tests/workflow_definition.rs (target/debug/deps/workflow_definition-9289ebbbd5c8954a)

running 0 tests

test result: ok. 0 passed; 0 failed; 0 ignored; 0 measured; 8 filtered out; finished in 0.00s

     Running tests/workflow_identity.rs (target/debug/deps/workflow_identity-304ed0f5ab07c9f8)

running 0 tests

test result: ok. 0 passed; 0 failed; 0 ignored; 0 measured; 9 filtered out; finished in 0.00s

     Running tests/workflow_verifier.rs (target/debug/deps/workflow_verifier-204c979953d9da6b)

running 0 tests

test result: ok. 0 passed; 0 failed; 0 ignored; 0 measured; 7 filtered out; finished in 0.00s

     Running tests/write_recovery_matrix.rs (target/debug/deps/write_recovery_matrix-890f5a0284eee806)

running 0 tests

test result: ok. 0 passed; 0 failed; 0 ignored; 0 measured; 4 filtered out; finished in 0.00s


$ cargo test -p agentmage-kernel-engine workflow_checkpoint_ --locked
    Finished `test` profile [unoptimized + debuginfo] target(s) in 0.02s
     Running unittests src/lib.rs (target/debug/deps/agentmage_kernel_engine-9b341475fdc661f2)

running 1 test
test operational_store::tests::workflow_checkpoint_reopens_exactly_and_tamper_blocks_restart ... ok

test result: ok. 1 passed; 0 failed; 0 ignored; 0 measured; 1394 filtered out; finished in 0.23s

     Running tests/adversarial_grant_corpus.rs (target/debug/deps/adversarial_grant_corpus-56c2c291005c6bac)

running 0 tests

test result: ok. 0 passed; 0 failed; 0 ignored; 0 measured; 1 filtered out; finished in 0.00s

     Running tests/authority_escalation_matrix.rs (target/debug/deps/authority_escalation_matrix-1d35cecc8eac4a50)

running 0 tests

test result: ok. 0 passed; 0 failed; 0 ignored; 0 measured; 1 filtered out; finished in 0.00s

     Running tests/boundary_workflow.rs (target/debug/deps/boundary_workflow-0763e8462d798883)

running 0 tests

test result: ok. 0 passed; 0 failed; 0 ignored; 0 measured; 1 filtered out; finished in 0.00s

     Running tests/command_injection_corpus.rs (target/debug/deps/command_injection_corpus-96fb8646b8e88c01)

running 0 tests

test result: ok. 0 passed; 0 failed; 0 ignored; 0 measured; 1 filtered out; finished in 0.00s

     Running tests/dependency_degradation.rs (target/debug/deps/dependency_degradation-0b41c11af9f7bcef)

running 0 tests

test result: ok. 0 passed; 0 failed; 0 ignored; 0 measured; 7 filtered out; finished in 0.00s

     Running tests/display_link_authority.rs (target/debug/deps/display_link_authority-3183945eaf6ee601)

running 0 tests

test result: ok. 0 passed; 0 failed; 0 ignored; 0 measured; 1 filtered out; finished in 0.00s

     Running tests/engineering_runtime_record_corpus.rs (target/debug/deps/engineering_runtime_record_corpus-e1a8fee3763d0eff)

running 0 tests

test result: ok. 0 passed; 0 failed; 0 ignored; 0 measured; 4 filtered out; finished in 0.00s

     Running tests/grant_race_replay.rs (target/debug/deps/grant_race_replay-c2bf19d0e955e0a1)

running 0 tests

test result: ok. 0 passed; 0 failed; 0 ignored; 0 measured; 1 filtered out; finished in 0.00s

     Running tests/grant_review_fixtures.rs (target/debug/deps/grant_review_fixtures-f39a9d9ea513dfc1)

running 0 tests

test result: ok. 0 passed; 0 failed; 0 ignored; 0 measured; 1 filtered out; finished in 0.00s

     Running tests/grant_stale_dispatch.rs (target/debug/deps/grant_stale_dispatch-6655190128ba9428)

running 0 tests

test result: ok. 0 passed; 0 failed; 0 ignored; 0 measured; 1 filtered out; finished in 0.00s

     Running tests/platform_adapter_conformance.rs (target/debug/deps/platform_adapter_conformance-dfbfdc9850767ddd)

running 0 tests

test result: ok. 0 passed; 0 failed; 0 ignored; 0 measured; 2 filtered out; finished in 0.00s

     Running tests/repository_safety_matrix.rs (target/debug/deps/repository_safety_matrix-977b1de1fa35ee44)

running 0 tests

test result: ok. 0 passed; 0 failed; 0 ignored; 0 measured; 2 filtered out; finished in 0.00s

     Running tests/retry_admission.rs (target/debug/deps/retry_admission-62d14a6aec0f9677)

running 0 tests

test result: ok. 0 passed; 0 failed; 0 ignored; 0 measured; 13 filtered out; finished in 0.00s

     Running tests/workflow_budget_independence.rs (target/debug/deps/workflow_budget_independence-e051a35e39b8b099)

running 0 tests

test result: ok. 0 passed; 0 failed; 0 ignored; 0 measured; 3 filtered out; finished in 0.00s

     Running tests/workflow_definition.rs (target/debug/deps/workflow_definition-9289ebbbd5c8954a)

running 0 tests

test result: ok. 0 passed; 0 failed; 0 ignored; 0 measured; 8 filtered out; finished in 0.00s

     Running tests/workflow_identity.rs (target/debug/deps/workflow_identity-304ed0f5ab07c9f8)

running 0 tests

test result: ok. 0 passed; 0 failed; 0 ignored; 0 measured; 9 filtered out; finished in 0.00s

     Running tests/workflow_verifier.rs (target/debug/deps/workflow_verifier-204c979953d9da6b)

running 0 tests

test result: ok. 0 passed; 0 failed; 0 ignored; 0 measured; 7 filtered out; finished in 0.00s

     Running tests/write_recovery_matrix.rs (target/debug/deps/write_recovery_matrix-890f5a0284eee806)

running 0 tests

test result: ok. 0 passed; 0 failed; 0 ignored; 0 measured; 4 filtered out; finished in 0.00s


$ cargo test -p agentmage-kernel-engine workflow_projection_failure_retains_no_event_checkpoint_cursor_or_state --locked
    Finished `test` profile [unoptimized + debuginfo] target(s) in 0.02s
     Running unittests src/lib.rs (target/debug/deps/agentmage_kernel_engine-9b341475fdc661f2)

running 1 test
test operational_store::tests::workflow_projection_failure_retains_no_event_checkpoint_cursor_or_state ... ok

test result: ok. 1 passed; 0 failed; 0 ignored; 0 measured; 1394 filtered out; finished in 0.18s

     Running tests/adversarial_grant_corpus.rs (target/debug/deps/adversarial_grant_corpus-56c2c291005c6bac)

running 0 tests

test result: ok. 0 passed; 0 failed; 0 ignored; 0 measured; 1 filtered out; finished in 0.00s

     Running tests/authority_escalation_matrix.rs (target/debug/deps/authority_escalation_matrix-1d35cecc8eac4a50)

running 0 tests

test result: ok. 0 passed; 0 failed; 0 ignored; 0 measured; 1 filtered out; finished in 0.00s

     Running tests/boundary_workflow.rs (target/debug/deps/boundary_workflow-0763e8462d798883)

running 0 tests

test result: ok. 0 passed; 0 failed; 0 ignored; 0 measured; 1 filtered out; finished in 0.00s

     Running tests/command_injection_corpus.rs (target/debug/deps/command_injection_corpus-96fb8646b8e88c01)

running 0 tests

test result: ok. 0 passed; 0 failed; 0 ignored; 0 measured; 1 filtered out; finished in 0.00s

     Running tests/dependency_degradation.rs (target/debug/deps/dependency_degradation-0b41c11af9f7bcef)

running 0 tests

test result: ok. 0 passed; 0 failed; 0 ignored; 0 measured; 7 filtered out; finished in 0.00s

     Running tests/display_link_authority.rs (target/debug/deps/display_link_authority-3183945eaf6ee601)

running 0 tests

test result: ok. 0 passed; 0 failed; 0 ignored; 0 measured; 1 filtered out; finished in 0.00s

     Running tests/engineering_runtime_record_corpus.rs (target/debug/deps/engineering_runtime_record_corpus-e1a8fee3763d0eff)

running 0 tests

test result: ok. 0 passed; 0 failed; 0 ignored; 0 measured; 4 filtered out; finished in 0.00s

     Running tests/grant_race_replay.rs (target/debug/deps/grant_race_replay-c2bf19d0e955e0a1)

running 0 tests

test result: ok. 0 passed; 0 failed; 0 ignored; 0 measured; 1 filtered out; finished in 0.00s

     Running tests/grant_review_fixtures.rs (target/debug/deps/grant_review_fixtures-f39a9d9ea513dfc1)

running 0 tests

test result: ok. 0 passed; 0 failed; 0 ignored; 0 measured; 1 filtered out; finished in 0.00s

     Running tests/grant_stale_dispatch.rs (target/debug/deps/grant_stale_dispatch-6655190128ba9428)

running 0 tests

test result: ok. 0 passed; 0 failed; 0 ignored; 0 measured; 1 filtered out; finished in 0.00s

     Running tests/platform_adapter_conformance.rs (target/debug/deps/platform_adapter_conformance-dfbfdc9850767ddd)

running 0 tests

test result: ok. 0 passed; 0 failed; 0 ignored; 0 measured; 2 filtered out; finished in 0.00s

     Running tests/repository_safety_matrix.rs (target/debug/deps/repository_safety_matrix-977b1de1fa35ee44)

running 0 tests

test result: ok. 0 passed; 0 failed; 0 ignored; 0 measured; 2 filtered out; finished in 0.00s

     Running tests/retry_admission.rs (target/debug/deps/retry_admission-62d14a6aec0f9677)

running 0 tests

test result: ok. 0 passed; 0 failed; 0 ignored; 0 measured; 13 filtered out; finished in 0.00s

     Running tests/workflow_budget_independence.rs (target/debug/deps/workflow_budget_independence-e051a35e39b8b099)

running 0 tests

test result: ok. 0 passed; 0 failed; 0 ignored; 0 measured; 3 filtered out; finished in 0.00s

     Running tests/workflow_definition.rs (target/debug/deps/workflow_definition-9289ebbbd5c8954a)

running 0 tests

test result: ok. 0 passed; 0 failed; 0 ignored; 0 measured; 8 filtered out; finished in 0.00s

     Running tests/workflow_identity.rs (target/debug/deps/workflow_identity-304ed0f5ab07c9f8)

running 0 tests

test result: ok. 0 passed; 0 failed; 0 ignored; 0 measured; 9 filtered out; finished in 0.00s

     Running tests/workflow_verifier.rs (target/debug/deps/workflow_verifier-204c979953d9da6b)

running 0 tests

test result: ok. 0 passed; 0 failed; 0 ignored; 0 measured; 7 filtered out; finished in 0.00s

     Running tests/write_recovery_matrix.rs (target/debug/deps/write_recovery_matrix-890f5a0284eee806)

running 0 tests

test result: ok. 0 passed; 0 failed; 0 ignored; 0 measured; 4 filtered out; finished in 0.00s


$ cargo test -p agentmage-kernel-engine d027_s12_restart_grant_worker_receipt_and_terminal_boundaries_reconcile --locked
    Finished `test` profile [unoptimized + debuginfo] target(s) in 0.02s
     Running unittests src/lib.rs (target/debug/deps/agentmage_kernel_engine-9b341475fdc661f2)

running 1 test
test authority_transaction::tests::d027_s12_restart_grant_worker_receipt_and_terminal_boundaries_reconcile ... ok

test result: ok. 1 passed; 0 failed; 0 ignored; 0 measured; 1394 filtered out; finished in 2.31s

     Running tests/adversarial_grant_corpus.rs (target/debug/deps/adversarial_grant_corpus-56c2c291005c6bac)

running 0 tests

test result: ok. 0 passed; 0 failed; 0 ignored; 0 measured; 1 filtered out; finished in 0.00s

     Running tests/authority_escalation_matrix.rs (target/debug/deps/authority_escalation_matrix-1d35cecc8eac4a50)

running 0 tests

test result: ok. 0 passed; 0 failed; 0 ignored; 0 measured; 1 filtered out; finished in 0.00s

     Running tests/boundary_workflow.rs (target/debug/deps/boundary_workflow-0763e8462d798883)

running 0 tests

test result: ok. 0 passed; 0 failed; 0 ignored; 0 measured; 1 filtered out; finished in 0.00s

     Running tests/command_injection_corpus.rs (target/debug/deps/command_injection_corpus-96fb8646b8e88c01)

running 0 tests

test result: ok. 0 passed; 0 failed; 0 ignored; 0 measured; 1 filtered out; finished in 0.00s

     Running tests/dependency_degradation.rs (target/debug/deps/dependency_degradation-0b41c11af9f7bcef)

running 0 tests

test result: ok. 0 passed; 0 failed; 0 ignored; 0 measured; 7 filtered out; finished in 0.00s

     Running tests/display_link_authority.rs (target/debug/deps/display_link_authority-3183945eaf6ee601)

running 0 tests

test result: ok. 0 passed; 0 failed; 0 ignored; 0 measured; 1 filtered out; finished in 0.00s

     Running tests/engineering_runtime_record_corpus.rs (target/debug/deps/engineering_runtime_record_corpus-e1a8fee3763d0eff)

running 0 tests

test result: ok. 0 passed; 0 failed; 0 ignored; 0 measured; 4 filtered out; finished in 0.00s

     Running tests/grant_race_replay.rs (target/debug/deps/grant_race_replay-c2bf19d0e955e0a1)

running 0 tests

test result: ok. 0 passed; 0 failed; 0 ignored; 0 measured; 1 filtered out; finished in 0.00s

     Running tests/grant_review_fixtures.rs (target/debug/deps/grant_review_fixtures-f39a9d9ea513dfc1)

running 0 tests

test result: ok. 0 passed; 0 failed; 0 ignored; 0 measured; 1 filtered out; finished in 0.00s

     Running tests/grant_stale_dispatch.rs (target/debug/deps/grant_stale_dispatch-6655190128ba9428)

running 0 tests

test result: ok. 0 passed; 0 failed; 0 ignored; 0 measured; 1 filtered out; finished in 0.00s

     Running tests/platform_adapter_conformance.rs (target/debug/deps/platform_adapter_conformance-dfbfdc9850767ddd)

running 0 tests

test result: ok. 0 passed; 0 failed; 0 ignored; 0 measured; 2 filtered out; finished in 0.00s

     Running tests/repository_safety_matrix.rs (target/debug/deps/repository_safety_matrix-977b1de1fa35ee44)

running 0 tests

test result: ok. 0 passed; 0 failed; 0 ignored; 0 measured; 2 filtered out; finished in 0.00s

     Running tests/retry_admission.rs (target/debug/deps/retry_admission-62d14a6aec0f9677)

running 0 tests

test result: ok. 0 passed; 0 failed; 0 ignored; 0 measured; 13 filtered out; finished in 0.00s

     Running tests/workflow_budget_independence.rs (target/debug/deps/workflow_budget_independence-e051a35e39b8b099)

running 0 tests

test result: ok. 0 passed; 0 failed; 0 ignored; 0 measured; 3 filtered out; finished in 0.00s

     Running tests/workflow_definition.rs (target/debug/deps/workflow_definition-9289ebbbd5c8954a)

running 0 tests

test result: ok. 0 passed; 0 failed; 0 ignored; 0 measured; 8 filtered out; finished in 0.00s

     Running tests/workflow_identity.rs (target/debug/deps/workflow_identity-304ed0f5ab07c9f8)

running 0 tests

test result: ok. 0 passed; 0 failed; 0 ignored; 0 measured; 9 filtered out; finished in 0.00s

     Running tests/workflow_verifier.rs (target/debug/deps/workflow_verifier-204c979953d9da6b)

running 0 tests

test result: ok. 0 passed; 0 failed; 0 ignored; 0 measured; 7 filtered out; finished in 0.00s

     Running tests/write_recovery_matrix.rs (target/debug/deps/write_recovery_matrix-890f5a0284eee806)

running 0 tests

test result: ok. 0 passed; 0 failed; 0 ignored; 0 measured; 4 filtered out; finished in 0.00s


$ cargo test -p agentmage-kernel-engine session_reconstructs_after_supervisor_and_view_disappear --locked
    Finished `test` profile [unoptimized + debuginfo] target(s) in 0.02s
     Running unittests src/lib.rs (target/debug/deps/agentmage_kernel_engine-9b341475fdc661f2)

running 1 test
test persistent_supervisor::tests::session_reconstructs_after_supervisor_and_view_disappear ... ok

test result: ok. 1 passed; 0 failed; 0 ignored; 0 measured; 1394 filtered out; finished in 0.00s

     Running tests/adversarial_grant_corpus.rs (target/debug/deps/adversarial_grant_corpus-56c2c291005c6bac)

running 0 tests

test result: ok. 0 passed; 0 failed; 0 ignored; 0 measured; 1 filtered out; finished in 0.00s

     Running tests/authority_escalation_matrix.rs (target/debug/deps/authority_escalation_matrix-1d35cecc8eac4a50)

running 0 tests

test result: ok. 0 passed; 0 failed; 0 ignored; 0 measured; 1 filtered out; finished in 0.00s

     Running tests/boundary_workflow.rs (target/debug/deps/boundary_workflow-0763e8462d798883)

running 0 tests

test result: ok. 0 passed; 0 failed; 0 ignored; 0 measured; 1 filtered out; finished in 0.00s

     Running tests/command_injection_corpus.rs (target/debug/deps/command_injection_corpus-96fb8646b8e88c01)

running 0 tests

test result: ok. 0 passed; 0 failed; 0 ignored; 0 measured; 1 filtered out; finished in 0.00s

     Running tests/dependency_degradation.rs (target/debug/deps/dependency_degradation-0b41c11af9f7bcef)

running 0 tests

test result: ok. 0 passed; 0 failed; 0 ignored; 0 measured; 7 filtered out; finished in 0.00s

     Running tests/display_link_authority.rs (target/debug/deps/display_link_authority-3183945eaf6ee601)

running 0 tests

test result: ok. 0 passed; 0 failed; 0 ignored; 0 measured; 1 filtered out; finished in 0.00s

     Running tests/engineering_runtime_record_corpus.rs (target/debug/deps/engineering_runtime_record_corpus-e1a8fee3763d0eff)

running 0 tests

test result: ok. 0 passed; 0 failed; 0 ignored; 0 measured; 4 filtered out; finished in 0.00s

     Running tests/grant_race_replay.rs (target/debug/deps/grant_race_replay-c2bf19d0e955e0a1)

running 0 tests

test result: ok. 0 passed; 0 failed; 0 ignored; 0 measured; 1 filtered out; finished in 0.00s

     Running tests/grant_review_fixtures.rs (target/debug/deps/grant_review_fixtures-f39a9d9ea513dfc1)

running 0 tests

test result: ok. 0 passed; 0 failed; 0 ignored; 0 measured; 1 filtered out; finished in 0.00s

     Running tests/grant_stale_dispatch.rs (target/debug/deps/grant_stale_dispatch-6655190128ba9428)

running 0 tests

test result: ok. 0 passed; 0 failed; 0 ignored; 0 measured; 1 filtered out; finished in 0.00s

     Running tests/platform_adapter_conformance.rs (target/debug/deps/platform_adapter_conformance-dfbfdc9850767ddd)

running 0 tests

test result: ok. 0 passed; 0 failed; 0 ignored; 0 measured; 2 filtered out; finished in 0.00s

     Running tests/repository_safety_matrix.rs (target/debug/deps/repository_safety_matrix-977b1de1fa35ee44)

running 0 tests

test result: ok. 0 passed; 0 failed; 0 ignored; 0 measured; 2 filtered out; finished in 0.00s

     Running tests/retry_admission.rs (target/debug/deps/retry_admission-62d14a6aec0f9677)

running 0 tests

test result: ok. 0 passed; 0 failed; 0 ignored; 0 measured; 13 filtered out; finished in 0.00s

     Running tests/workflow_budget_independence.rs (target/debug/deps/workflow_budget_independence-e051a35e39b8b099)

running 0 tests

test result: ok. 0 passed; 0 failed; 0 ignored; 0 measured; 3 filtered out; finished in 0.00s

     Running tests/workflow_definition.rs (target/debug/deps/workflow_definition-9289ebbbd5c8954a)

running 0 tests

test result: ok. 0 passed; 0 failed; 0 ignored; 0 measured; 8 filtered out; finished in 0.00s

     Running tests/workflow_identity.rs (target/debug/deps/workflow_identity-304ed0f5ab07c9f8)

running 0 tests

test result: ok. 0 passed; 0 failed; 0 ignored; 0 measured; 9 filtered out; finished in 0.00s

     Running tests/workflow_verifier.rs (target/debug/deps/workflow_verifier-204c979953d9da6b)

running 0 tests

test result: ok. 0 passed; 0 failed; 0 ignored; 0 measured; 7 filtered out; finished in 0.00s

     Running tests/write_recovery_matrix.rs (target/debug/deps/write_recovery_matrix-890f5a0284eee806)

running 0 tests

test result: ok. 0 passed; 0 failed; 0 ignored; 0 measured; 4 filtered out; finished in 0.00s


$ cargo test -p agentmage-kernel-engine story_21_2_process_stop_matrix_preserves_one_truthful_replay --locked
    Finished `test` profile [unoptimized + debuginfo] target(s) in 0.02s
     Running unittests src/lib.rs (target/debug/deps/agentmage_kernel_engine-9b341475fdc661f2)

running 1 test
test runtime_journal::tests::story_21_2_process_stop_matrix_preserves_one_truthful_replay ... ok

test result: ok. 1 passed; 0 failed; 0 ignored; 0 measured; 1394 filtered out; finished in 1.94s

     Running tests/adversarial_grant_corpus.rs (target/debug/deps/adversarial_grant_corpus-56c2c291005c6bac)

running 0 tests

test result: ok. 0 passed; 0 failed; 0 ignored; 0 measured; 1 filtered out; finished in 0.00s

     Running tests/authority_escalation_matrix.rs (target/debug/deps/authority_escalation_matrix-1d35cecc8eac4a50)

running 0 tests

test result: ok. 0 passed; 0 failed; 0 ignored; 0 measured; 1 filtered out; finished in 0.00s

     Running tests/boundary_workflow.rs (target/debug/deps/boundary_workflow-0763e8462d798883)

running 0 tests

test result: ok. 0 passed; 0 failed; 0 ignored; 0 measured; 1 filtered out; finished in 0.00s

     Running tests/command_injection_corpus.rs (target/debug/deps/command_injection_corpus-96fb8646b8e88c01)

running 0 tests

test result: ok. 0 passed; 0 failed; 0 ignored; 0 measured; 1 filtered out; finished in 0.00s

     Running tests/dependency_degradation.rs (target/debug/deps/dependency_degradation-0b41c11af9f7bcef)

running 0 tests

test result: ok. 0 passed; 0 failed; 0 ignored; 0 measured; 7 filtered out; finished in 0.00s

     Running tests/display_link_authority.rs (target/debug/deps/display_link_authority-3183945eaf6ee601)

running 0 tests

test result: ok. 0 passed; 0 failed; 0 ignored; 0 measured; 1 filtered out; finished in 0.00s

     Running tests/engineering_runtime_record_corpus.rs (target/debug/deps/engineering_runtime_record_corpus-e1a8fee3763d0eff)

running 0 tests

test result: ok. 0 passed; 0 failed; 0 ignored; 0 measured; 4 filtered out; finished in 0.00s

     Running tests/grant_race_replay.rs (target/debug/deps/grant_race_replay-c2bf19d0e955e0a1)

running 0 tests

test result: ok. 0 passed; 0 failed; 0 ignored; 0 measured; 1 filtered out; finished in 0.00s

     Running tests/grant_review_fixtures.rs (target/debug/deps/grant_review_fixtures-f39a9d9ea513dfc1)

running 0 tests

test result: ok. 0 passed; 0 failed; 0 ignored; 0 measured; 1 filtered out; finished in 0.00s

     Running tests/grant_stale_dispatch.rs (target/debug/deps/grant_stale_dispatch-6655190128ba9428)

running 0 tests

test result: ok. 0 passed; 0 failed; 0 ignored; 0 measured; 1 filtered out; finished in 0.00s

     Running tests/platform_adapter_conformance.rs (target/debug/deps/platform_adapter_conformance-dfbfdc9850767ddd)

running 0 tests

test result: ok. 0 passed; 0 failed; 0 ignored; 0 measured; 2 filtered out; finished in 0.00s

     Running tests/repository_safety_matrix.rs (target/debug/deps/repository_safety_matrix-977b1de1fa35ee44)

running 0 tests

test result: ok. 0 passed; 0 failed; 0 ignored; 0 measured; 2 filtered out; finished in 0.00s

     Running tests/retry_admission.rs (target/debug/deps/retry_admission-62d14a6aec0f9677)

running 0 tests

test result: ok. 0 passed; 0 failed; 0 ignored; 0 measured; 13 filtered out; finished in 0.00s

     Running tests/workflow_budget_independence.rs (target/debug/deps/workflow_budget_independence-e051a35e39b8b099)

running 0 tests

test result: ok. 0 passed; 0 failed; 0 ignored; 0 measured; 3 filtered out; finished in 0.00s

     Running tests/workflow_definition.rs (target/debug/deps/workflow_definition-9289ebbbd5c8954a)

running 0 tests

test result: ok. 0 passed; 0 failed; 0 ignored; 0 measured; 8 filtered out; finished in 0.00s

     Running tests/workflow_identity.rs (target/debug/deps/workflow_identity-304ed0f5ab07c9f8)

running 0 tests

test result: ok. 0 passed; 0 failed; 0 ignored; 0 measured; 9 filtered out; finished in 0.00s

     Running tests/workflow_verifier.rs (target/debug/deps/workflow_verifier-204c979953d9da6b)

running 0 tests

test result: ok. 0 passed; 0 failed; 0 ignored; 0 measured; 7 filtered out; finished in 0.00s

     Running tests/write_recovery_matrix.rs (target/debug/deps/write_recovery_matrix-890f5a0284eee806)

running 0 tests

test result: ok. 0 passed; 0 failed; 0 ignored; 0 measured; 4 filtered out; finished in 0.00s


$ cargo clippy -p agentmage-kernel-engine --all-targets --all-features --locked -- -D warnings
    Finished `dev` profile [unoptimized + debuginfo] target(s) in 0.05s
