    Finished `test` profile [unoptimized + debuginfo] target(s) in 0.02s
     Running unittests src/lib.rs (target/debug/deps/agentmage_platform_linux_inference-5fc27fd4d1c7ad24)

running 160 tests
test docker_guard::tests::guard_caller_identity_and_session_mutations_fail_closed ... ok
test docker_guard::tests::only_exact_guarded_kernel_adapter_receives_a_permit ... ok
test docker_guard::tests::process_mount_and_kernel_transport_mutations_fail_closed ... ok
test codec_json::tests::codec_json_normalizes_syntax_without_repairing_or_discarding_fields ... ok
test docker_guard::tests::profile_identity_mutations_fail_before_topology ... ok
test docker_guard::tests::raw_endpoint_exposure_mutations_fail_closed ... ok
test docker_guard_service::tests::bootstrap_is_exact_fixed_size_and_rejects_every_identity_zero ... ok
test docker_guard_service::tests::debug_and_errors_are_content_free ... ok
test docker_guard_service::tests::kernel_peer_verification_binds_readable_identity_before_challenge ... ok
test docker_guard_service::tests::authentication_binds_challenge_secret_and_complete_peer ... ok
test docker_guard_service::tests::only_exact_bounded_chat_request_is_admitted ... ok
test docker_http_observer::tests::exact_length_and_chunked_responses_are_bounded ... ok
test docker_guard_service::tests::socket_boundary_rejects_an_ordinary_same_user_guard ... ok
test docker_http_observer::tests::request_paths_accept_only_fixed_read_only_api_grammar ... ok
test docker_http_observer::tests::docker_records_require_all_security_relevant_fields ... ok
test docker_linux_observer::tests::status_requires_complete_equal_identity_and_closed_security_fields ... ok
test docker_linux_observer::tests::tcp_route_and_device_parsers_are_exact ... ok
test docker_live_collector::tests::mount_classifier_has_only_two_declared_mounts ... ok
test docker_live_collector::tests::public_reader_refuses_before_parsing_for_non_admin ... ok
test docker_live_collector::tests::request_identity_and_freshness_are_closed ... ok
test docker_preflight::tests::api_and_reachability_drift_refuse_without_fallback ... ok
test docker_preflight::tests::daemon_and_socket_drift_are_distinct_refusals ... ok
test docker_preflight::tests::exact_complete_fresh_observation_is_the_only_admission ... ok
test docker_preflight::tests::image_resource_and_egress_drift_are_terminal ... ok
test docker_preflight::tests::profile_and_observation_identity_drift_refuse_first ... ok
test docker_runtime::tests::daemon_prerequisites_make_privilege_explicit_and_fail_closed ... ok
test docker_runtime::tests::mounts_and_resources_reject_every_authority_or_limit_expansion ... ok
test docker_runtime::tests::network_policy_accepts_only_private_wildcard_with_loopback_guard ... ok
test docker_live_collector::tests::production_derivation_admits_only_the_exact_closed_fixture ... ok
test docker_runtime::tests::runtime_identity_has_no_tag_fallback ... ok
test docker_runtime::tests::topology_accepts_only_the_guarded_kernel_docker_endpoint ... ok
test docker_topology_collector::tests::digest_parser_is_exact_lower_or_upper_hex_but_no_prefix_fallback ... ok
test docker_topology_collector::tests::exact_complete_observation_is_admitted_for_root_only ... ok
test docker_live_collector::tests::replay_marker_is_atomic_private_and_one_use ... ok
test gpt_oss_harmony_codec::tests::codec_rejects_family_identity_and_channel_substitution ... ok
test docker_topology_collector::tests::every_preflight_class_is_preserved_without_observed_values ... ok
test docker_topology_collector::tests::malformed_unknown_oversized_and_partial_input_fail_closed ... ok
test gpt_oss_harmony_codec::tests::decoder_accepts_only_one_canonical_final_proposal ... ok
test gpt_oss_harmony_codec::tests::harmony_context_keeps_reasoning_tool_and_final_channels_explicit ... ok
test gpt_oss_harmony_codec::tests::native_harmony_feedback_is_paired_with_the_exact_completed_call ... ok
test gpt_oss_harmony_codec::tests::native_harmony_tool_channel_is_schema_bound_and_duplicate_json_is_rejected ... ok
test gpt_oss_harmony_codec::tests::pinned_template_recipient_first_and_native_completion_remain_schema_bound ... ok
test gpt_oss_harmony_codec::tests::retained_json_format_header_preserves_invalid_arguments_for_native_rejection ... ok
test gpt_oss_harmony_codec::tests::retained_no_space_format_header_preserves_invalid_validation_arguments ... ok
test gpt_oss_harmony_codec::tests::retained_malformed_final_is_not_reinterpreted_as_valid_completion ... ok
test llama_server_driver::owned_files::tests::creation_and_unobserved_socket_refusals_preserve_existing_work ... ok
test llama_server_driver::owned_files::tests::cleanup_removes_only_original_objects_and_accepts_observed_unlink ... ok
test llama_server_driver::owned_files::tests::replacement_parent_is_preserved_alongside_held_original ... ok
test llama_server_driver::owned_process::tests::namespace_init_requires_exact_complete_nested_identity ... ok
test llama_server_driver::tests::accelerator_observation_is_exact_bounded_and_process_specific ... ok
test llama_server_driver::owned_process::tests::held_descriptor_reports_only_the_captured_process_exit ... ok
test llama_server_driver::owned_files::tests::changed_objects_refuse_before_removing_any_file ... ok
test llama_server_driver::tests::controlled_preparation_tests::controlled_manifest_and_load_refuse_before_missing_native_paths_or_process_effects ... ok
test llama_server_driver::tests::completion_streams_exact_sampling_tuple_and_classifies_inert_output ... ok
test llama_server_driver::tests::controlled_preparation_tests::controlled_startup_keeps_uncertain_namespace_cleanup_over_cancellation ... ok
test llama_server_driver::tests::controlled_preparation_tests::controlled_startup_preserves_stop_after_proved_cpu_fixture_cleanup ... ok
test llama_server_driver::tests::controlled_preparation_tests::controlled_readiness_cancellation_interrupts_an_in_flight_health_exchange ... ok
test llama_server_driver::tests::ctx_finish_retains_incomplete_reasons_usage_and_bounded_partial_bytes ... ok
test llama_server_driver::tests::controlled_preparation_tests::controlled_token_exchange_cannot_renew_the_original_operation_deadline ... ok
test llama_server_driver::tests::ephemeral_api_key_is_private_random_and_never_part_of_launch_arguments ... ok
test llama_server_driver::tests::exact_directory_does_not_assume_filesystem_link_count_semantics ... ok
test llama_server_driver::tests::exact_health_and_tokenize_requests_use_only_closed_endpoints ... ok
test llama_server_driver::tests::launch_tuple_is_fixed_to_one_private_socket_and_slot ... ok
test llama_server_driver::tests::controlled_preparation_tests::controlled_hashing_stops_between_original_bounded_chunks ... ok
test llama_server_driver::tests::deadline_interrupts_a_silent_stream_with_one_terminal_fragment ... ok
test llama_server_driver::tests::malformed_chunked_sse_contracts_fail_without_advisory_fallback ... ok
test llama_server_driver::tests::malformed_status_length_chunking_and_trailing_data_fail_closed ... ok
test llama_server_driver::tests::native_cleanup_preserves_an_unowned_socket_path ... ok
test llama_server_driver::tests::native_cleanup_unknown_startup_keeps_serving_and_admission_closed ... ok
test llama_server_driver::tests::native_cleanup_original_deadline_and_late_exit_never_release_the_slot ... ok
test llama_server_driver::tests::only_bounded_nonstructured_utf8_can_be_advisory_text ... ok
test llama_server_driver::tests::prepared_resource_policy_does_not_change_legacy_eight_k_defaults ... ok
test llama_server_driver::tests::process_generation_is_read_from_the_live_process_identity ... ok
test llama_server_driver::tests::readiness_client_errors_after_startup_expiry_keep_the_startup_category ... ok
test llama_server_driver::tests::native_cleanup_verified_cpu_fixture_releases_exact_files_and_lease ... ok
test llama_server_driver::tests::sandbox_tuple_exposes_only_runtime_model_gpu_support_and_private_socket ... ok
test llama_server_driver::tests::serving_properties_reject_missing_undersized_identity_and_sleep_drift ... ok
test llama_server_driver::tests::spawn_failure_keeps_the_legacy_category_and_controlled_uncertainty ... ok
test llama_server_driver::tests::transport_budget_tests::transport_budget_bounded_response_still_enforces_its_byte_ceiling ... ok
test llama_server_driver::tests::live_probe_cancels_after_a_fragment_and_closes_the_stream_once ... ok
test llama_server_driver::tests::readiness_refuses_a_healthy_reply_after_its_original_startup_deadline ... ok
test docker_linux_observer::tests::current_process_is_held_and_revalidated ... ok
test llama_server_driver::tests::transport_budget_tests::transport_budget_failed_probe_never_connects_or_fabricates_cancellation ... ok
test llama_server_driver::tests::transport_budget_tests::transport_budget_cancellation_interrupts_completion_upload_once ... ok
test llama_server_driver::tests::transport_budget_tests::transport_budget_precancel_and_foreign_cancel_never_connect ... ok
test llama_server_driver::tests::transport_budget_tests::transport_budget_deadline_interrupts_token_request_upload ... ok
test llama_server_driver::tests::transport_budget_tests::transport_budget_silent_response_has_a_deadline_failure ... ok
test llama_server_driver::tests::transport_budget_tests::transport_budget_full_connection_queue_never_waits_for_accept ... ok
test llama_server_driver::tests::unix_socket_path_is_fixed_name_and_bounded_by_linux_address_limit ... ok
test llama_server_driver::tests::verified_file_snapshot_detects_inode_mode_and_link_drift ... ok
test model_acquisition::tests::cancellation_removes_staging_and_link_or_mode_attacks_fail_closed ... ok
test model_acquisition::tests::corrupt_and_oversized_inputs_quarantine_without_activation ... ok
test model_acquisition::tests::each_hardware_boundary_below_at_and_above_is_exact ... ok
test model_acquisition::tests::exact_boundary_is_eligible_and_review_is_complete_without_io ... ok
test model_acquisition::tests::exact_local_import_stages_without_activation_source_mutation_or_authority ... ok
test model_acquisition::tests::platform_runtime_context_profile_and_artifact_drift_block_before_io ... ok
test model_download::tests::cancellation_removes_partial_and_bad_bytes_quarantine ... ok
test model_download::tests::drifted_source_license_or_approval_cannot_create_staging ... ok
test model_download::tests::exact_download_is_verified_staged_without_activation_or_authority ... ok
test model_download::tests::exhausted_retry_is_resumable_and_next_attempt_completes ... ok
test model_download::tests::permanent_transport_failure_removes_partial_and_returns_receipt ... ok
test model_download::tests::redirected_or_substituted_transport_is_quarantined_without_activation ... ok
test model_install_lifecycle::tests::activation_requires_scan_and_self_test_then_preserves_predecessor_for_rollback ... ok
test model_install_lifecycle::tests::cleanup_recovery_is_idempotent_after_partial_progress ... ok
test model_install_lifecycle::tests::failed_scan_quarantines_candidate_and_preserves_active_manifest ... ok
test model_install_lifecycle::tests::installer_lock_is_exclusive ... ok
test model_install_lifecycle::tests::interruption_at_each_stage_recovers_to_prior_or_fully_committed_state ... ok
test model_install_lifecycle::tests::rollback_interruption_recovers_current_or_verified_predecessor ... ok
test model_install_lifecycle::tests::symlinked_staging_and_lock_objects_fail_closed ... ok
test model_install_verifier::tests::exact_allowlisted_gguf_and_adapter_complete_install_verification ... ok
test llama_server_driver::tests::transport_budget_tests::transport_budget_deadline_interrupts_completion_upload_once ... ok
test model_install_verifier::tests::executable_or_wrong_version_fixture_fails_scan ... ok
test model_installer_process::tests::malformed_oversized_and_effectful_operations_fail_closed ... ok
test model_installer_process::tests::only_exact_self_check_is_representable ... ok
test model_installer_process::tests::exact_preflight_is_non_acquiring_closed_and_content_free ... ok
test muse_atem_codec::tests::native_atem_parameter_grammar_preserves_strings_and_rejects_ambiguity ... ok
test muse_atem_codec::tests::reasoning_profile_keeps_private_atem_content_out_of_the_proposal ... ok
test muse_atem_codec::tests::rejects_context_response_and_unknown_field_drift ... ok
test muse_atem_codec::tests::rejects_every_identity_dimension_independently ... ok
test muse_atem_codec::tests::renders_each_role_and_schema_without_interpreting_payload_tokens ... ok
test muse_atem_codec::tests::renders_exact_bounded_atem_context_and_closed_proposal ... ok
test muse_atem_codec::tests::retained_native_validation_call_is_bound_without_promoting_reasoning ... ok
test native_inference_lease::tests::armed_cleanup_releases_only_the_exact_marker_and_inode ... ok
test native_inference_lease::tests::armed_exit_child ... ignored, subprocess helper, exercised by armed_owner_death_keeps_future_hosts_closed
test native_inference_lease::tests::armed_owner_death_keeps_future_hosts_closed ... ok
test muse_atem_codec::tests::accepts_only_bounded_text_or_canonical_schema_bound_tool_arguments ... ok
test native_inference_lease::tests::contention_refuses_and_drop_releases_without_removing_lock ... ok
test native_inference_lease::tests::lease_child ... ignored, subprocess helper, exercised by separate_process_observes_owner_then_release
test native_inference_lease::tests::changed_marker_is_preserved_and_refuses_later_admission ... ok
test native_inference_lease::tests::linked_nonempty_and_nonprivate_locks_refuse ... ok
test native_inference_lease::tests::retained_lease_child ... ignored, subprocess helper, exercised by unarmed_retention_holds_until_owner_process_exits
test native_inference_lease::tests::parent_replacement_preserves_both_lock_objects ... ok
test native_inference_lease::tests::symlink_lock_refuses_without_touching_target ... ok
test native_inference_lease::tests::separate_process_observes_owner_then_release ... ok
test native_inference_lease::tests::unsafe_roots_and_aliases_refuse ... ok
test native_inference_lease::tests::unarmed_retention_holds_until_owner_process_exits ... ok
test native_model_adapter::tests::changed_fallback_hash_and_foreign_profiles_fail_before_driver_load ... ok
test native_model_adapter::tests::controlled_preparation_tests::native_adapter_cancelled_or_invalid_load_preserves_cleanup_priority ... ok
test native_model_adapter::tests::controlled_preparation_tests::native_adapter_controlled_defaults_never_fall_through_to_legacy_driver_load ... ok
test native_model_adapter::tests::controlled_preparation_tests::native_adapter_controlled_load_keeps_exact_receipt_and_serving_checks ... ok
test native_model_adapter::tests::exact_profile_verifies_loads_reports_health_and_unloads ... ok
test llama_server_driver::tests::transport_budget_tests::transport_budget_slow_response_cannot_renew_the_deadline ... ok
test native_model_adapter::tests::undersized_served_capacity_refuses_and_retains_no_loaded_binding ... ok
test native_model_adapter::tests::isolation_authority_and_manifest_drift_fail_closed ... ok
test native_resource_admission::tests::hybrid_membership_never_substitutes_legacy_or_ambiguous_scopes ... ok
test native_resource_admission::tests::hybrid_membership_selects_the_unique_unified_resource_scope ... ok
test native_resource_admission::tests::kernel_observation_parsers_refuse_ambiguity_and_unbounded_controls ... ok
test native_resource_admission::tests::native_scope_preflight_keeps_resource_limits_without_inference ... ignored, native CPU-only scope diagnostic; requires the owner's exact capped scope
test native_resource_admission::tests::resource_policy_is_bound_to_the_unchanged_preparation_limits ... ok
test native_resource_admission::tests::single_gpu_and_inclusive_resource_boundaries_are_exact ... ok
test native_runtime::tests::model_store_requires_non_root_exact_owner_and_private_mode ... ok
test native_runtime::tests::resources_require_no_swap_one_slot_and_bounded_values ... ok
test native_runtime::tests::runtime_identity_has_no_mutable_name_or_fallback ... ok
test native_runtime::tests::topology_accepts_only_guarded_native_kernel_endpoint ... ok
test tests::descriptor_is_inactive_content_free_and_authority_empty ... ok
test tests::endpoint_identity_is_shared_authenticated_and_nonzero ... ok
test tests::only_exact_self_check_is_representable ... ok
test native_model_adapter::tests::controlled_preparation_tests::native_adapter_failed_load_requires_an_exact_empty_unload_receipt ... ok
test native_resource_admission::tests::held_observer_execution_is_cpu_only_and_has_bounded_empty_output ... ok
test llama_server_driver::tests::transport_budget_tests::transport_budget_upload_and_response_share_the_original_deadline ... ok

test result: ok. 156 passed; 0 failed; 4 ignored; 0 measured; 0 filtered out; finished in 0.98s

     Running unittests src/docker_guard_main.rs (target/debug/deps/agentmage_docker_guard-5cf88295e89c389e)

running 0 tests

test result: ok. 0 passed; 0 failed; 0 ignored; 0 measured; 0 filtered out; finished in 0.00s

     Running unittests src/docker_topology_collector_main.rs (target/debug/deps/agentmage_docker_topology_collector-368cadba4847bd1c)

running 0 tests

test result: ok. 0 passed; 0 failed; 0 ignored; 0 measured; 0 filtered out; finished in 0.00s

     Running unittests src/model_installer_main.rs (target/debug/deps/agentmage_model_installer-61b8aff495be348b)

running 0 tests

test result: ok. 0 passed; 0 failed; 0 ignored; 0 measured; 0 filtered out; finished in 0.00s

     Running unittests src/main.rs (target/debug/deps/agentmage_native_inference-d77dab4a5965bc7f)

running 0 tests

test result: ok. 0 passed; 0 failed; 0 ignored; 0 measured; 0 filtered out; finished in 0.00s

     Running tests/muse_live_evaluation.rs (target/debug/deps/muse_live_evaluation-429201353eb34756)

running 2 tests
test exact_muse_quality_and_repeatability_profiles ... ignored, loads the exact 16.7 GB Muse artifact for bounded quality and repeatability trials
test evaluation_matrix_is_closed_and_profiles_are_separate ... ok

test result: ok. 1 passed; 0 failed; 1 ignored; 0 measured; 0 filtered out; finished in 0.00s

     Running tests/muse_live_install.rs (target/debug/deps/muse_live_install-9959d4dc325bd637)

running 3 tests
test exact_muse_driver_manifest_diagnostic ... ignored, hashes the exact 16.7 GB Muse artifact through the native driver
test exact_muse_import_scan_load_unload_and_evidence_activation ... ignored, loads the exact 16.7 GB Muse artifact on pinned local hardware
test exact_muse_sandboxed_advisory_cancellation_and_unload ... ignored, loads and runs the exact Muse artifact inside the native sandbox

test result: ok. 0 passed; 0 failed; 3 ignored; 0 measured; 0 filtered out; finished in 0.00s

     Running tests/process_boundary.rs (target/debug/deps/process_boundary-ea31f087ce072823)

running 9 tests
test packaged_docker_collector_self_check_is_exact_and_inactive ... ok
test packaged_docker_guard_self_check_is_exact_and_inactive ... ok
test packaged_model_installer_is_one_shot_inactive_and_content_free ... ok
test packaged_docker_guard_refuses_arguments_and_incomplete_bootstrap ... ok
test packaged_model_installer_preflight_is_exact_and_non_acquiring ... ok
test packaged_process_self_check_is_exact_and_inactive ... ok
test packaged_model_installer_refuses_lifecycle_and_ambient_arguments ... ok
test packaged_docker_collector_refuses_arguments_and_empty_input ... ok
test packaged_process_refuses_inference_and_ambient_arguments ... ok

test result: ok. 9 passed; 0 failed; 0 ignored; 0 measured; 0 filtered out; finished in 0.01s

   Doc-tests agentmage_platform_linux_inference

running 0 tests

test result: ok. 0 passed; 0 failed; 0 ignored; 0 measured; 0 filtered out; finished in 0.00s

