cli-help exit 0
clean-setup exit 0
clean-start exit 5
catalog-setup exit 0
sample-1.0.0 exit 0
list-empty exit 0
import-other-license exit 4
import-1.0.0 exit 0
import-1.0.0-again exit 4
sample-1.1.0 exit 0
import-1.1.0-without-refresh exit 4
import-1.1.0-refresh exit 0
search-current exit 0
search-history exit 0
search-remote-cache exit 0
inspect exit 0
delete-1.0.0 exit 0
delete-unknown exit 4
sample-tampered exit 0
import-tampered exit 2
sample-linked exit 0
import-linked exit 2
list-final exit 0
cli-doc-pack-with-scenario exit 2
ended-run-read exit 0
ended-run-invalid exit 1
dirty-setup exit 0
dirty-start exit 1
idle-stop exit 1
idle-pause exit 1
idle-resume exit 1
BATCH17_LINUX_OBSERVATION_COMPLETE=1
