...................................................................................inventory does not reproduce
.........................................Initialized empty Git repository in <tmpdir>/tmpjen5j7i9/fixture/disposable/worktree/.git/
[agentmage/tasks/coding-fixture (root-commit) 564aa15] test: initialize synthetic coding fixture
 3 files changed, 29 insertions(+)
 create mode 100644 .agentmage-development-workspace
 create mode 100644 src/calc.py
 create mode 100644 tests/run_validation.py
............Initialized empty Git repository in <tmpdir>/tmp5uonygpo/new/disposable/worktree/.git/
[agentmage/tasks/coding-fixture (root-commit) 2a3b1e5] test: initialize synthetic coding fixture
 2 files changed, 27 insertions(+)
 create mode 100644 .agentmage-development-workspace
 create mode 100644 tests/run_validation.py
Initialized empty Git repository in <tmpdir>/tmp5uonygpo/multi/disposable/worktree/.git/
[agentmage/tasks/coding-fixture (root-commit) bdff932] test: initialize synthetic coding fixture
 4 files changed, 35 insertions(+)
 create mode 100644 .agentmage-development-workspace
 create mode 100644 src/calc.py
 create mode 100644 src/subtract.py
 create mode 100644 tests/run_validation.py
.Initialized empty Git repository in <tmpdir>/tmpck14mm3_/fixture/disposable/worktree/.git/
[agentmage/tasks/coding-fixture (root-commit) d75a789] test: initialize synthetic coding fixture
 3 files changed, 29 insertions(+)
 create mode 100644 .agentmage-development-workspace
 create mode 100644 src/calc.py
 create mode 100644 tests/run_validation.py
........
----------------------------------------------------------------------
Ran 145 tests in 66.834s

OK
{"counts": {"current": 1, "newly-stale": 1, "previously-stale-or-historical": 1}, "newly_stale_artifacts": ["evidence/bound.json"]}
{"counts": {"current": 1, "newly-stale": 1, "previously-stale-or-historical": 1}, "newly_stale_artifacts": ["evidence/bound.json"]}
{"record": "fixture-verification", "stages": 1}
{"record": "fixture-verification", "stages": 1}
{"activation": true, "agentmage_binary": "/bin/true", "base": "<tmpdir>/tmpjen5j7i9/fixture", "confinement": false, "confinement_prerequisites": {"native_executables": {"bwrap": "untrusted-path", "git": "untrusted-path", "systemctl": "untrusted-path", "systemd-run": "untrusted-path"}, "ready": false, "scope": "prerequisites-only", "user_manager": "not-probed-untrusted-systemctl"}, "disposable_private": true, "fixture_profile_id": "scripted-executable-fixture-32k-v1", "git_branch": "refs/heads/agentmage/tasks/coding-fixture", "git_clean": true, "host_binary": "/bin/true", "lifecycle": "ready", "model_request": {"observation": "unavailable", "qualification": "not-assessed", "selection": null, "serving": "not-observed"}, "read_worker_binary": "/bin/true", "schema_version": 2, "scope": "development-diagnostics-only", "state_key": "not-created", "state_private": true, "transport_path": true, "workspace_private": true}
coding.harness.cancellation-requested
coding.harness.suspension-requested
coding.harness.resumption-requested
{"activation": true, "agentmage_binary": "/bin/true", "base": "<tmpdir>/tmp5uonygpo/new", "confinement": false, "confinement_prerequisites": {"native_executables": {"bwrap": "untrusted-path", "git": "untrusted-path", "systemctl": "untrusted-path", "systemd-run": "untrusted-path"}, "ready": false, "scope": "prerequisites-only", "user_manager": "not-probed-untrusted-systemctl"}, "disposable_private": true, "fixture_profile_id": "scripted-executable-fixture-32k-v1", "git_branch": "refs/heads/agentmage/tasks/coding-fixture", "git_clean": true, "host_binary": "/bin/true", "lifecycle": "ready", "model_request": {"observation": "unavailable", "qualification": "not-assessed", "selection": null, "serving": "not-observed"}, "read_worker_binary": "/bin/true", "schema_version": 2, "scope": "development-diagnostics-only", "state_key": "not-created", "state_private": true, "transport_path": true, "workspace_private": true}
{"activation": true, "agentmage_binary": "/bin/true", "base": "<tmpdir>/tmp5uonygpo/multi", "confinement": false, "confinement_prerequisites": {"native_executables": {"bwrap": "untrusted-path", "git": "untrusted-path", "systemctl": "untrusted-path", "systemd-run": "untrusted-path"}, "ready": false, "scope": "prerequisites-only", "user_manager": "not-probed-untrusted-systemctl"}, "disposable_private": true, "fixture_profile_id": "scripted-executable-fixture-32k-v1", "git_branch": "refs/heads/agentmage/tasks/coding-fixture", "git_clean": true, "host_binary": "/bin/true", "lifecycle": "ready", "model_request": {"observation": "unavailable", "qualification": "not-assessed", "selection": null, "serving": "not-observed"}, "read_worker_binary": "/bin/true", "schema_version": 2, "scope": "development-diagnostics-only", "state_key": "not-created", "state_private": true, "transport_path": true, "workspace_private": true}
{"activation": true, "agentmage_binary": "/bin/true", "base": "<tmpdir>/tmpck14mm3_/fixture", "confinement": false, "confinement_prerequisites": {"native_executables": {"bwrap": "untrusted-path", "git": "untrusted-path", "systemctl": "untrusted-path", "systemd-run": "untrusted-path"}, "ready": false, "scope": "prerequisites-only", "user_manager": "not-probed-untrusted-systemctl"}, "disposable_private": true, "fixture_profile_id": "scripted-executable-fixture-32k-v1", "git_branch": "refs/heads/agentmage/tasks/coding-fixture", "git_clean": true, "host_binary": "/bin/true", "lifecycle": "ready", "model_request": {"observation": "unavailable", "qualification": "not-assessed", "selection": null, "serving": "not-observed"}, "read_worker_binary": "/bin/true", "schema_version": 2, "scope": "development-diagnostics-only", "state_key": "not-created", "state_private": true, "transport_path": true, "workspace_private": true}
