    Finished `test` profile [unoptimized + debuginfo] target(s) in 0.03s
     Running unittests src/lib.rs (target/debug/deps/agentmage_capability_repository_map-d510cbb8f071a18a)

running 61 tests
test cache::tests::exact_complete_key_controls_retrieval_and_changed_inputs_invalidate_first ... ok
test cache::tests::invalid_capacity_key_record_and_over_capacity_write_fail_closed ... ok
test cache::tests::every_workspace_path_content_git_grammar_parser_and_policy_change_misses_then_invalidates ... ok
test change_intent::tests::exact_intent_and_minimal_impact_are_deterministic_and_authority_free ... ok
test change_intent::tests::material_unknown_and_unassessed_surface_stop_planning ... ok
test change_intent::tests::stale_facts_contradictions_and_scope_broadening_fail_closed ... ok
test change_plan::tests::nonreproduction_and_missing_failing_test_never_become_proven_fix_plans ... ok
test change_plan::tests::reproduced_defect_with_regression_hypothesis_and_alternatives_is_review_ready ... ok
test change_plan::tests::validation_authority_alternative_and_hypothesis_forgeries_fail_closed ... ok
test deep_views::tests::bounded_slices_report_omissions_and_stale_history_or_requests_fail_closed ... ok
test deep_analysis::tests::index_mutation_and_model_like_uncited_facts_fail_closed ... ok
test deep_views::tests::documentation_drift_requires_current_citations_and_exact_checker_evidence ... ok
test deep_views::tests::history_and_portfolio_preserve_exact_branch_commit_and_repository_boundaries ... ok
test deep_views::tests::traces_exports_and_glossary_are_deterministic_and_unknowns_remain_visible ... ok
test grammar::tests::path_detection_is_closed_and_unsupported_languages_remain_visible ... ok
test grammar::tests::grammar_bom_is_exact_unique_hash_bound_and_runtime_compatible ... ok
test invariance_tests::tests::disposable_git_mapping_is_byte_mode_ref_and_object_invariant ... ok
test inventory::tests::duplicate_traversal_forged_hash_context_and_limits_fail_closed ... ok
test deep_analysis::tests::deterministic_profile_is_cited_branch_aware_and_explicitly_incomplete ... ok
test inventory::tests::inventory_is_stable_git_aware_policy_aware_and_parser_backed ... ok
test language_server_codec::tests::a_server_request_is_answered_only_by_a_refusal ... ok
test language_server_codec::tests::diagnostics_map_utf16_positions_to_exact_bytes_and_keep_only_digests ... ok
test inventory::tests::symbolic_links_and_gitlinks_remain_visible_without_read_or_parse_authority ... ok
test language_server_codec::tests::frames_split_or_joined_across_reads_decode_in_order ... ok
test language_server_codec::tests::invalid_diagnostics_and_positions_fail_while_a_character_past_the_line_end_clamps ... ok
test language_server_codec::tests::malformed_unknown_or_oversized_headers_fail_and_the_decoder_stays_failed ... ok
test language_server_codec::tests::messages_are_classified_and_every_other_shape_is_refused ... ok
test language_server_codec::tests::empty_failed_cancelled_and_foreign_answers_never_look_complete ... ok
test language_server_codec::tests::paths_outside_the_root_traversal_and_unsupplied_files_fail ... ok
test language_server_codec::tests::references_across_visible_files_are_sorted_numbered_and_bounded ... ok
test language_server_codec::tests::requests_are_encoded_at_the_request_position_in_the_negotiated_unit ... ok
test language_server_codec::tests::the_context_must_match_the_request_bytes_kind_and_root ... ok
test language_service::tests::descriptor_request_response_and_digest_mutation_never_verify ... ok
test language_server_codec::tests::rename_previews_keep_only_replacement_digests_and_refuse_file_operations ... ok
test language_service::tests::every_read_capability_seals_bounded_untrusted_observations ... ok
test language_service::tests::workspace_expansion_hostile_items_and_false_terminal_states_fail_closed ... ok
test package_scaffold::tests::collisions_stale_conventions_license_changes_and_present_roots_fail_closed ... ok
test language_service::tests::network_plugins_commands_writes_install_discovery_and_environment_fail_closed ... ok
test package_scaffold::tests::every_approved_language_emits_license_tests_docs_config_source_and_commands ... ok
test package_scaffold::tests::plan_and_file_mutations_never_verify ... ok
test package_scaffold::tests::every_scaffold_composes_an_exact_inert_atomic_root_application ... ok
test parser::tests::forged_hashes_and_orphan_relationships_fail_verification ... ok
test parser::tests::malformed_and_denied_sources_are_explicit_and_bounded ... ok
test parser::tests::parser_cancellation_returns_no_partial_structure ... ok
test parser::tests::parser_panics_are_content_free_failures ... ok
test package_scaffold::tests::scaffold_application_mutations_never_verify ... ok
test deep_analysis::tests::exact_confined_adapter_fact_is_admitted_and_stale_or_broad_authority_fails ... ok
test parser::tests::pinned_languages_extract_exact_parser_backed_definitions_and_imports ... ok
test renderer::tests::duplicate_foreign_control_and_surplus_source_requests_fail_before_rendering ... ok
test renderer::tests::budget_source_and_result_mutations_fail_closed ... ok
test resolution::tests::every_source_parser_and_git_identity_mutation_is_stale ... ok
test resolution::tests::every_structural_fact_resolves_to_exact_current_source_parser_and_git ... ok
test structured_edit::tests::go_shell_sql_and_plain_text_use_only_unique_exact_fallback ... ok
test structured_edit::tests::a_trusted_whole_file_replacement_keeps_file_bounds_but_not_edit_bounds ... ok
test structured_edit::tests::malformed_stale_mismatched_generated_duplicate_and_forged_plans_fail_closed ... ok
test structured_edit::tests::import_node_replace_and_terminal_format_are_syntax_checked ... ok
test test_generation::tests::missing_concerns_cases_style_and_plan_drift_fail_closed ... ok
test structured_edit::tests::syntax_rename_preserves_unrelated_python_typescript_and_javascript_bytes ... ok
test test_generation::tests::repository_style_and_all_concern_decisions_bind_verified_test_changes ... ok
test renderer::tests::renderer_prioritizes_targets_and_preserves_unknown_lexical_fallback ... ok
test inventory::tests::coverage_ledger_exposes_every_base_map_outcome_and_fixed_budget ... ok

test result: ok. 61 passed; 0 failed; 0 ignored; 0 measured; 0 filtered out; finished in 2.05s

     Running tests/change_planning_matrix.rs (target/debug/deps/change_planning_matrix-b5ab8ab2aefa97a3)

running 5 tests
test hostile_repository_instructions_are_rejected_without_content_disclosure ... ok
test tests_outside_the_minimal_target_and_forged_success_fail_closed ... ok
test fictional_corpus_plan_matches_the_minimal_scope_golden ... ok
test valid_ambiguous_contradictory_overbroad_and_missing_requests_are_distinct ... ok
test ten_thousand_change_plan_mutations_have_zero_verified_acceptance ... ok

test result: ok. 5 passed; 0 failed; 0 ignored; 0 measured; 0 filtered out; finished in 1.87s

     Running tests/deep_repository_matrix.rs (target/debug/deps/deep_repository_matrix-3427ab3370b97049)

running 4 tests
test duplicate_paths_and_unregistered_adapter_claims_fail_before_analysis ... ok
test hostile_prose_and_secret_canaries_never_become_structural_claims_or_exports ... ok
test every_retained_fact_citation_resolves_to_the_exact_current_map ... ok
test ten_thousand_deep_index_mutations_have_zero_verified_acceptance ... ok

test result: ok. 4 passed; 0 failed; 0 ignored; 0 measured; 0 filtered out; finished in 12.45s

     Running tests/structured_coding_matrix.rs (target/debug/deps/structured_coding_matrix-9fc4e4f86a30fd7e)

running 3 tests
test unsupported_source_uses_only_unique_exact_text_and_preserves_every_other_byte ... ok
test malformed_syntax_duplicate_fallback_and_stale_preimages_never_produce_a_plan ... ok
test fictional_python_typescript_javascript_go_shell_sql_and_test_goldens_are_exact ... ok

test result: ok. 3 passed; 0 failed; 0 ignored; 0 measured; 0 filtered out; finished in 0.03s

   Doc-tests agentmage_capability_repository_map

running 0 tests

test result: ok. 0 passed; 0 failed; 0 ignored; 0 measured; 0 filtered out; finished in 0.00s

