    Finished `test` profile [unoptimized + debuginfo] target(s) in 0.06s
     Running unittests src/lib.rs (target/debug/deps/agentmage_capability_knowledge-9f4242fe51c62022)

running 299 tests
test additional_parsers::tests::logs_preserve_sequence_ranges_json_timestamps_and_stack_lines ... ok
test additional_parsers::tests::markup_ranges_are_exact_and_active_features_remain_inert ... ok
test additional_parsers::tests::bounds_paths_and_deferred_formats_fail_closed ... ok
test additional_parsers::tests::yaml_redacts_secrets_and_rejects_executable_constructors ... ok
test advanced_reconciliation::tests::allocation_rejects_duplicate_zero_and_excessive_recipients ... ok
test advanced_reconciliation::tests::financial_rounding_ties_are_explicit ... ok
test additional_parsers::tests::notebook_extracts_markdown_code_outputs_and_metadata_without_execution ... ok
test additional_parsers::tests::archive_inventory_never_opens_members_and_quarantines_nested_content ... ok
test advanced_reconciliation::tests::stale_or_changed_sources_fail_closed ... ok
test advanced_reconciliation::tests::tolerance_is_inclusive_and_sign_correct ... ok
test advanced_reconciliation::tests::parses_thousands_of_digits_without_float_coercion ... ok
test artifact_receipt::tests::audio_observation_rejects_invented_order_time_speaker_and_effect_state ... ok
test advanced_reconciliation::tests::method_record_binds_sources_policies_totals_and_discrepancies ... ok
test artifact_receipt::tests::audio_observation_preserves_time_speaker_uncertainty_and_retention_truth ... ok
test advanced_reconciliation::tests::weighted_allocation_conserves_exact_minor_units ... ok
test authority::tests::no_operational_owner_or_operational_recovery_source_exists ... ok
test artifact_receipt::tests::receipt_rejects_stale_hash_order_locator_and_fidelity_drift ... ok
test authority::tests::every_field_has_one_complete_owner_storage_retention_and_rebuild_policy ... ok
test coding_skills::tests::skill_identity_and_sorted_closures_fail_closed ... ok
test coding_skills::tests::unsupported_tools_languages_and_missing_validation_are_disabled ... ok
test coding_skills::tests::vague_completion_hidden_authority_and_overbroad_scope_are_disabled ... ok
test connected_connector::tests::background_stale_mutated_and_local_destination_grants_fail ... ok
test connected_connector::tests::cancellation_rate_limit_and_uncertain_results_never_cache_or_blind_retry ... ok
test coding_skills::tests::every_prompt_names_completion_validation_limits_and_exclusions ... ok
test artifact_receipt::tests::every_operation_class_uses_one_exact_self_verifying_receipt ... ok
test connector_mutation::tests::sprint_87_cross_partition_or_remote_drift_is_denied ... ok
test connected_connector::tests::oversized_unencrypted_and_cross_grant_observations_fail ... ok
test connected_connector::tests::exact_preview_activation_cache_and_offline_receipt ... ok
test connector_mutation::tests::sprint_87_write_requires_discovery_draft_and_review ... ok
test connector_mutation::tests::sprint_88_exact_changed_receipt_is_admitted ... ok
test connector_mutation::tests::sprint_87_each_connector_has_an_isolated_manifest ... ok
test connector_mutation::tests::sprint_88_each_write_class_has_a_distinct_preview ... ok
test connector_mutation::tests::sprint_88_partial_and_unknown_results_block_retry ... ok
test database_adapter::tests::cancellation_live_sources_future_adapters_and_wrong_scope_fail_closed ... ok
test database_adapter::tests::parameter_injection_is_data_and_schema_grant_does_not_read_rows ... ok
test database_adapter::tests::parameterized_rows_preserve_types_redaction_provenance_and_receipt ... ok
test database_adapter::tests::row_limits_truncate_and_byte_limits_fail_closed ... ok
test doc_packs::tests::a_refresh_must_name_the_current_version_and_supersede_it ... ok
test coding_skills::tests::canonical_coding_skill_pack_is_complete_hash_bound_and_authority_free ... ok
test doc_packs::tests::a_catalog_state_restores_exactly_and_keeps_working ... ok
test doc_packs::tests::an_import_checks_the_seal_license_paths_digests_and_content_and_changes_nothing_on_failure ... ok
test doc_packs::tests::freshness_is_inspected_on_the_given_day ... ok
test doc_packs::tests::a_search_answers_from_current_versions_unless_history_is_included ... ok
test doc_packs::tests::retention_deletes_only_superseded_versions_and_deletion_keeps_no_content ... ok
test doc_packs::tests::indexing_bounds_fragments_withholds_secrets_and_keeps_history_out_of_current_searches ... ok
test doc_packs::tests::a_restored_state_is_refused_unless_the_catalogs_own_operations_could_produce_it ... ok
test domain::tests::every_canonical_kind_has_one_valid_closed_record ... ok
test document_control_skills::tests::prompts_preserve_records_truth_and_deny_every_effect ... ok
test domain::tests::identity_is_path_independent_and_strict ... ok
test domain::tests::malformed_retention_tags_and_evidence_fail_closed ... ok
test domain::tests::restricted_operational_and_self_linked_records_never_enter_markdown ... ok
test domain::tests::secret_candidates_are_denied_but_instruction_text_remains_inert_data ... ok
test domain::tests::missing_unknown_duplicate_and_oversized_fields_fail_closed ... ok
test document_control_skills::tests::document_control_pack_is_complete_removable_and_authority_free ... ok
test github_mutation::tests::sprint_85_all_mutation_classes_create_exact_inert_previews ... ok
test executive_skills::tests::every_prompt_preserves_truth_and_prohibits_external_actions ... ok
test github_mutation::tests::sprint_85_push_requires_signature_task_ref_and_distinct_approvals ... ok
test github_mutation::tests::sprint_85_state_drift_expiry_and_prohibited_operations_fail_closed ... ok
test github_mutation::tests::sprint_86_receipt_identity_and_effect_drift_fail_closed ... ok
test github_mutation::tests::sprint_86_verified_effect_must_be_exactly_once ... ok
test github_mutation::tests::sprint_86_unknown_and_partial_results_block_retry ... ok
test github_provider::tests::exact_app_binding_and_read_receipt_pass ... ok
test github_provider::tests::excessive_missing_expired_revoked_and_enterprise_aliases_fail ... ok
test github_provider::tests::wrong_host_account_repository_and_credential_fail_closed ... ok
test github_provider::tests::all_typed_response_states_are_stable_and_validated ... ok
test github_triage::tests::drafts_cannot_publish_and_hostile_content_cannot_gain_authority ... ok
test github_triage::tests::event_signature_replay_reorder_and_staleness_fail_closed ... ok
test github_triage::tests::triage_and_unpublished_draft_are_exact_and_effect_free ... ok
test github_triage::tests::edits_moved_lines_permissions_and_uncertainty_are_not_current ... ok
test hosted_repository::tests::hostile_paths_secrets_authority_and_cross_repository_fail ... ok
test hosted_repository::tests::immutable_links_require_commit_path_and_range ... ok
test hosted_repository::tests::pagination_permissions_unavailable_and_stale_local_are_explicit ... ok
test image_workflows::tests::bmp_round_trip_and_metadata_are_exact_and_effect_free ... ok
test image_workflows::tests::generation_routes_require_exact_disclosure_and_approval ... ok
test image_workflows::tests::malformed_and_oversized_inputs_fail_closed ... ok
test image_workflows::tests::redaction_scans_decoded_pixels_and_strips_ancillary_bytes ... ok
test hosted_repository::tests::complete_views_bind_all_provider_families_without_effects ... ok
test image_workflows::tests::sensitive_view_requires_exact_redaction_receipt ... ok
test image_workflows::tests::visual_diff_covers_every_artifact_kind_and_exact_bounds ... ok
test index::tests::corrupted_projection_is_rejected_and_canonical_input_rebuilds_it ... ok
test index::tests::lookup_and_search_are_bounded_stable_and_hash_verified ... ok
test index::tests::schema_contains_only_disposable_knowledge_tables ... ok
test json_data::tests::compares_nested_objects_and_arrays_with_stable_hash_only_differences ... ok
test json_data::tests::parses_stable_keys_numbers_nulls_and_closed_schema_without_effects ... ok
test index::tests::rebuild_clear_and_rebuild_preserve_exact_projection_without_input_mutation ... ok
test json_data::tests::records_schema_failures_without_guessing_or_mutating_source ... ok
test json_data::tests::redacts_exact_pointers_and_keys_by_regeneration_without_raw_value_ledger ... ok
test json_data::tests::rejects_duplicates_prototype_keys_trailing_input_and_resource_limits ... ok
test knowledge_write::tests::create_verification_recomputes_declared_links_from_proposed_bytes ... ok
test knowledge_write::tests::index_publication_is_ready_only_for_exact_verified_commit ... ok
test executive_skills::tests::executive_pack_is_complete_hash_bound_removable_and_authority_free ... ok
test knowledge_write::tests::path_identity_link_and_schema_collisions_fail_closed ... ok
test knowledge_write::tests::structural_actions_are_single_file_and_always_high_risk ... ok
test knowledge_write::tests::memory_workflow_requires_explicit_content_bound_promotion ... ok
test knowledge_write::tests::every_workflow_renders_one_parseable_link_checked_note ... ok
test lifecycle::tests::backup_version_manifest_and_content_mutation_fail_closed ... ok
test lifecycle::tests::migration_preserves_identity_across_layout_conventions ... ok
test lifecycle::tests::backup_is_order_invariant_verified_and_content_addressed ... ok
test markdown_artifact_skills::tests::prompts_require_citations_preservation_and_inert_treatment ... ok
test markdown_artifacts::tests::all_seven_artifact_kinds_render_evidence_states_and_citations ... ok
test markdown_artifacts::tests::changed_bytes_or_rendered_structure_are_visible_and_incomplete ... ok
test markdown_artifacts::tests::dangerous_and_executable_content_is_preserved_inert_and_blocks_generation ... ok
test markdown_artifacts::tests::exact_reopen_round_trip_compares_bytes_semantics_and_rendered_blocks ... ok
test markdown_artifacts::tests::factual_statements_require_exact_citations_but_unknowns_may_remain_uncited ... ok
test markdown_artifacts::tests::local_structure_renderer_is_deterministic_content_free_and_change_sensitive ... ok
test lifecycle::tests::restore_preview_never_overwrites_conflicting_content ... ok
test markdown_artifacts::tests::quality_review_marks_spacing_links_tables_language_and_unknown_acronyms ... ok
test markdown_artifacts::tests::unknown_acronyms_are_marked_and_never_expanded ... ok
test markdown_write::tests::frontmatter_sequences_are_retained_and_replaced_as_one_exact_field ... ok
test markdown_write::tests::heading_frontmatter_and_bounded_text_edits_preserve_unrelated_bytes ... ok
test markdown_write::tests::malformed_duplicate_and_unsupported_syntax_is_refused_or_visible ... ok
test markdown_write::tests::parser_classifies_structures_and_excludes_fenced_content ... ok
test markdown_write::tests::list_task_table_and_link_lines_retain_kind_and_line_endings ... ok
test markdown_write::tests::raw_notes_fences_identity_and_hidden_frontmatter_fail_closed ... ok
test markdown_write::tests::update_preview_rejects_noncanonical_source_digest ... ok
test markdown_artifact_skills::tests::markdown_artifact_pack_is_complete_removable_and_authority_free ... ok
test memory::tests::candidate_taxonomy_is_closed_source_backed_and_explicit ... ok
test memory::tests::contradictions_are_preserved_and_never_silently_superseded ... ok
test memory::tests::explicit_approve_and_reject_bind_candidate_and_decision_evidence ... ok
test memory::tests::malformed_scope_tags_evidence_expiry_and_confidence_fail_closed ... ok
test memory::tests::secret_restricted_and_inferred_sensitive_candidates_are_prohibited ... ok
test meeting_skills::tests::every_prompt_preserves_meeting_truth_and_prohibits_effects ... ok
test memory_lifecycle::tests::a_revoked_item_without_content_is_refused ... ok
test memory_lifecycle::tests::a_revoked_item_keeps_its_content_leaves_the_current_set_and_can_then_be_deleted ... ok
test memory_lifecycle::tests::edit_uses_a_new_identity_and_confidence_decay_can_only_decrease ... ok
test memory_lifecycle::tests::hold_expiry_and_delete_are_explicit_and_content_free ... ok
test meeting_skills::tests::meeting_pack_is_complete_hash_bound_removable_and_authority_free ... ok
test memory_lifecycle::tests::a_source_revocation_reaches_every_citing_item_of_its_workspace_in_one_transition ... ok
test memory_lifecycle::tests::insert_supersede_and_correction_preserve_history_atomically ... ok
test memory_lifecycle::tests::markdown_bundle_is_portable_linked_deterministic_and_never_applies ... ok
test memory_portable::tests::catalog_digest_binds_portable_metadata_and_evidence ... ok
test memory_portable::tests::a_catalog_state_round_trips_for_its_durable_owner ... ok
test memory_portable::tests::export_key_debug_never_exposes_key_bytes ... ok
test memory_portable::tests::a_revoked_item_survives_export_and_import_as_revoked ... ok
test memory_portable::tests::machine_paths_restricted_data_zero_keys_and_bad_entropy_are_rejected ... ok
test memory_portable::tests::encrypted_export_import_preserves_complete_catalog_without_writes ... ok
test memory_working::tests::a_revoked_item_is_never_loaded_even_as_history ... ok
test memory_working::tests::compaction_cannot_raise_confidence_create_working_or_capture_secrets ... ok
test memory_working::tests::compaction_only_emits_review_candidates_and_never_promotes_or_clears ... ok
test memory_working::tests::historical_and_context_budgets_are_explicit_and_stable ... ok
test memory_portable::tests::wrong_key_tampering_truncation_and_version_drift_fail_closed ... ok
test memory_working::tests::working_memory_is_completely_previewed_and_strictly_bounded ... ok
test multi_provider_source::tests::branch_push_requires_distinct_signed_commit_and_push_records ... ok
test multi_provider_source::tests::hosted_effect_fails_on_stale_policy_or_hidden_effect ... ok
test memory_portable::tests::fresh_entropy_changes_ciphertext_while_preserving_imported_identity ... ok
test multi_provider_source::tests::namespaced_snapshot_preserves_active_checkout ... ok
test memory_working::tests::selective_loading_explains_scope_tag_source_relevance_and_type ... ok
test obsidian::tests::graph_reports_ambiguous_unresolved_and_prohibited_targets ... ok
test obsidian::tests::discovery_is_stable_for_unicode_spaces_ignored_and_non_markdown_entries ... ok
test obsidian::tests::foreign_outside_cloud_hash_duplicate_and_special_inputs_fail_closed ... ok
test obsidian::tests::ignored_scopes_must_be_inside_and_cannot_hide_the_complete_vault ... ok
test obsidian::tests::hidden_notes_are_excluded_and_instruction_text_remains_inert ... ok
test obsidian::tests::malformed_or_duplicate_frontmatter_fails_closed ... ok
test obsidian::tests::symlink_is_rejected_even_below_ignored_scope ... ok
test obsidian::tests::parser_extracts_frontmatter_headings_tasks_links_aliases_and_timestamps ... ok
test obsidian::tests::vault_admission_is_explicit_local_symlink_free_and_not_synchronized ... ok
test obsidian::tests::plain_folder_and_obsidian_canonical_views_share_the_same_store_contract ... ok
test obsidian_index::tests::canonical_commit_publishes_once_while_failure_and_uncertainty_preserve_index ... ok
test obsidian_index::tests::exact_watcher_batch_updates_only_projection_and_detects_stale_or_incomplete_events ... ok
test obsidian_index::tests::interrupted_rebuild_rolls_back_to_the_complete_prior_projection ... ok
test obsidian_index::tests::obvious_secret_candidates_remain_in_source_but_not_searchable_projection_text ... ok
test obsidian_index::tests::preview_preserves_heading_prefix_and_every_unselected_section_byte ... ok
test obsidian_index::tests::projection_corruption_is_detected_before_query_or_preview ... ok
test obsidian_index::tests::schema_is_disposable_complete_and_contains_no_operational_tables ... ok
test operations::tests::dashboard_and_json_lines_are_stable_derived_views ... ok
test operations::tests::duplicate_identity_title_and_unresolved_link_block_import ... ok
test obsidian_index::tests::rebuild_query_current_reader_conflicts_and_receipts_are_exact ... ok
test pdf_diagram::tests::accepts_hash_bound_passive_local_svg_without_effects ... ok
test operations::tests::import_resolves_relationships_and_is_input_order_invariant ... ok
test pdf_diagram::tests::rejects_active_remote_and_doctype_svg ... ok
test pdf_diagram::tests::rejects_digest_package_network_and_exit_tampering ... ok
test pdf_extraction::tests::accepts_only_exact_admitted_ocr_observations_for_scan_pages ... ok
test obsidian_index::tests::traversal_is_bounded_cycle_safe_and_deterministic ... ok
test pdf_extraction::tests::detects_scan_candidate_without_running_ocr ... ok
test pdf_extraction::tests::fails_closed_for_malformed_truncated_and_oversized_sources ... ok
test pdf_extraction::tests::marks_text_limit_without_partial_best_effort_text ... ok
test pdf_extraction::tests::extracts_canonical_pages_and_exact_page_citations ... ok
test pdf_extraction::tests::structured_adapter_quarantines_active_or_external_pdf_actions ... ok
test pdf_extraction::tests::structured_adapter_rejects_binding_drift_and_cancellation ... ok
test pdf_extraction::tests::refuses_encrypted_documents_even_with_an_empty_user_password ... ok
test pdf_extraction::tests::structured_adapter_preserves_page_object_provenance_and_limits ... ok
test pdf_generation::tests::rejects_unsafe_names_remote_or_unicode_text_and_invalid_page_links ... ok
test pdf_generation::tests::parsed_markdown_becomes_closed_blocks_and_escaped_raw_html ... ok
test pdf_inspection::tests::active_actions_are_inert_and_block_safe_reuse ... ok
test pdf_inspection::tests::encrypted_source_returns_blocked_inventory_without_metadata_or_extraction ... ok
test pdf_generation::tests::generates_deterministic_escaped_html_and_reopened_pdf_proposals ... ok
test pdf_inspection::tests::extracts_metadata_links_forms_and_page_provenance_without_effects ... ok
test pdf_redaction::tests::rejects_duplicate_empty_and_non_ascii_targets ... ok
test pdf_visual::tests::compares_synthetic_pages_without_claiming_release_evidence ... ok
test pdf_visual::tests::fails_machine_checks_for_layout_redaction_and_accessibility_observations ... ok
test pdf_visual::tests::rejects_profile_mismatch_tampering_and_incomplete_observations ... ok
test plain_folder::tests::duplicate_identity_path_and_markdown_mutation_fail_closed ... ok
test plain_folder::tests::exact_record_round_trips_and_path_does_not_define_identity ... ok
test plain_folder::tests::layout_is_complete_configurable_and_generates_safe_paths ... ok
test pdf_redaction::tests::regenerates_and_proves_exact_target_absence_across_supported_layers ... ok
test pdf_redaction::tests::refuses_mismatched_source_bytes_and_identity_targets ... ok
test plain_folder::tests::previews_are_deterministic_compare_and_swap_values_without_apply ... ok
test plain_folder::tests::symlink_cloud_hidden_foreign_hash_and_non_markdown_inputs_fail_closed ... ok
test presentation_generation::tests::edit_rejects_stale_identity_duplicate_order_and_slide_identity_drift ... ok
test presentation_generation::tests::generates_deterministic_deck_with_text_notes_table_chart_plot_diagram_and_previews ... ok
test presentation_generation::tests::full_regeneration_edit_changes_only_selected_slide_preview ... ok
test presentation_generation::tests::rejects_data_hash_shape_edge_path_timestamp_and_resource_drift ... ok
test presentation_generation::tests::redaction_regenerates_notes_objects_data_and_export_layers ... ok
test presentation_ooxml::tests::extracts_order_text_notes_links_images_captions_layouts_and_hashes_without_effects ... ok
test pull_request_review::tests::exact_review_and_shadow_fix_are_local_only ... ok
test pull_request_review::tests::malicious_paths_and_mutated_checkout_are_rejected ... ok
test presentation_ooxml::tests::malformed_missing_and_oversized_packages_fail_closed ... ok
test pull_request_review::tests::moved_head_and_effectful_fix_fail_closed ... ok
test presentation_ooxml::tests::macro_ole_external_media_and_active_actions_are_quarantined_inertly ... ok
test pull_request_review::tests::stale_moved_resolved_duplicate_and_low_confidence_are_suppressed ... ok
test reconciliation_workbook::tests::invalid_paths_profiles_and_row_limits_fail_closed ... ok
test reconciliation_workbook::tests::caller_text_remains_inline_and_cannot_become_a_formula ... ok
test retrieval::tests::adversarial_inputs_are_inert_or_rejected_and_secrets_never_enter_context ... ok
test reconciliation_workbook::tests::synthetic_verification_can_test_semantics_but_never_close_native_evidence ... ok
test retrieval::tests::approved_roots_exclude_unrelated_workspace_canaries ... ok
test retrieval::tests::context_is_deduplicated_and_preserves_the_highest_ranked_citation ... ok
test retrieval::tests::contradictions_and_staleness_remain_explicit ... ok
test retrieval::tests::denied_absent_and_budget_exhaustion_block_without_guessing ... ok
test retrieval::tests::empty_limits_dates_historical_supersession_and_unicode_are_explicit ... ok
test retrieval::tests::fixed_ranking_prefers_current_canonical_handoff_and_exposes_trace ... ok
test retrieval::tests::labeled_question_corpus_meets_exact_top_one_and_citation_expectations ... ok
test retrieval::tests::searches_every_fragment_kind_and_applies_metadata_filters ... ok
test reconciliation_workbook::tests::generates_deterministic_styled_table_chart_validation_and_closed_formulas ... ok
test retrieval::tests::synthesis_and_rendering_preserve_state_citations_conflicts_and_blocked_answers ... ok
test retrieval::tests::ties_are_stable_and_citations_are_content_bound ... ok
test retrieval_integration::tests::stale_index_and_invalid_expected_citations_fail_closed ... ok
test schema::tests::registry_is_complete_closed_and_unique ... ok
test schema::tests::required_and_optional_fields_are_distinct ... ok
test retrieval_integration::tests::absent_expected_evidence_is_reported_as_a_blind_spot ... ok
test semantic::tests::every_remote_semantic_operation_is_rejected_and_receipted_before_network_use ... ok
test semantic::tests::delete_clear_and_complete_rebuild_remove_old_content ... ok
test semantic::tests::exact_admission_reranker_and_opt_in_are_required ... ok
test semantic::tests::rebuild_query_and_keys_are_deterministic_source_ranged_and_local ... ok
test semantic::tests::scope_preview_rejects_duplicate_outside_empty_and_undisclosed_fields ... ok
test semantic::tests::stale_sources_are_omitted_and_every_configuration_identity_invalidates ... ok
test retrieval_integration::tests::labeled_raw_and_rebuilt_index_answers_have_exact_citation_parity ... ok
test semantic_benchmark::tests::complete_comparison_can_make_exact_hybrid_profile_eligible ... ok
test semantic_benchmark::tests::quality_resource_uncertainty_and_code_regressions_retain_deterministic_behavior ... ok
test semantic_benchmark::tests::corpus_requires_both_task_classes_unique_cases_paths_and_shared_bounds ... ok
test skills::tests::admitted_packages_compose_in_visible_precedence_with_zero_authority ... ok
test skills::tests::conflicting_instruction_keys_are_visible_and_contribute_no_context ... ok
test skills::tests::disabled_quarantined_tampered_and_unregistered_packages_fail_closed ... ok
test skills::tests::registry_rejects_duplicates_and_removal_is_manifest_only ... ok
test spreadsheet_ooxml::tests::excel_serial_conversion_preserves_both_date_systems_and_leap_bug ... ok
test skills::tests::hidden_tool_executable_path_expansion_and_excessive_context_are_rejected ... ok
test spreadsheet_ooxml::tests::external_formula_and_dde_are_inert_and_block_safe_analysis ... ok
test spreadsheet_ooxml::tests::hostile_zip_xml_traversal_bomb_unicode_error_and_protection_corpus_is_closed ... ok
test spreadsheet_ooxml::tests::explicit_coordinate_memory_time_and_cancellation_ceilings_fail_closed ... ok
test spreadsheet_ooxml::tests::inspects_cells_styles_dates_links_hidden_data_and_merges_without_effects ... ok
test spreadsheet_source::tests::cancellation_and_output_bounds_fail_closed ... ok
test spreadsheet_source::tests::csv_projection_preserves_exact_rows_cells_and_inert_formulas ... ok
test spreadsheet_source::tests::json_projection_preserves_pointer_provenance_and_scalar_types ... ok
test spreadsheet_ooxml::tests::malformed_missing_oversized_and_macro_packages_fail_or_quarantine ... ok
test spreadsheet_source::tests::rejects_digest_mismatch_and_unknown_media_type ... ok
test store::tests::interface_is_object_safe_and_exposes_no_apply_method ... ok
test tabular::tests::filters_sorts_and_compares_with_stable_reason_codes ... ok
test tabular::tests::normalization_helpers_are_stable_and_path_free ... ok
test tabular::tests::parses_rfc4180_shapes_and_computes_bounded_summary ... ok
test spreadsheet_source::tests::xlsx_projection_preserves_hidden_formula_cache_date_and_cell_provenance ... ok
test tabular::tests::rejects_malformed_duplicate_headers_shape_utf8_and_limits ... ok
test tabular::tests::safe_csv_prefixes_formula_dde_and_round_trips_as_text ... ok
test tasks::tests::blocker_deferral_next_action_and_terminal_rules_fail_closed ... ok
test tasks::tests::dependencies_and_source_links_remain_stable_canonical_identities ... ok
test tasks::tests::every_transition_requires_new_evidence_and_produces_no_write ... ok
test tests::capability_depends_only_on_contracts ... ok
test tasks::tests::views_are_priority_ordered_source_backed_and_duplicate_aware ... ok
test word_edit::tests::comment_relationship_identity_collision_fails_closed ... ok
test word_edit::tests::replacement_redline_and_comment_are_exact_reopenable_and_effect_free ... ok
test word_generation::tests::code_frontmatter_and_external_link_source_remain_safe_and_visible ... ok
test word_edit::tests::stale_overlapping_unresolved_and_source_overwrite_edits_fail_closed ... ok
test word_generation::tests::generated_package_is_deterministic_reopenable_and_effect_free ... ok
test word_generation::tests::generation_rejects_source_overwrite_identity ... ok
test word_ooxml::tests::duplicate_package_entries_are_quarantined_and_never_extracted ... ok
test word_ooxml::tests::cache_identity_reuses_only_exact_source_converter_and_profile ... ok
test word_ooxml::tests::external_relationship_and_active_content_are_quarantined_without_resolution ... ok
test word_ooxml::tests::feature_inventory_preserves_revision_header_footer_comment_and_layout_limits ... ok
test word_ooxml::tests::hostile_path_hidden_xml_encryption_and_compression_fail_closed ... ok
test word_ooxml::tests::inspection_and_extraction_are_deterministic_and_effect_free ... ok
test word_ooxml::tests::expansion_bomb_and_parser_crash_inputs_are_bounded ... ok
test word_ooxml::tests::resource_and_required_part_failures_are_explicit ... ok
test word_receipt::tests::failed_checks_win_and_tampering_is_detected ... ok
test word_rich_generation::tests::invalid_layout_identity_and_external_hyperlinks_fail_closed ... ok
test word_receipt::tests::synthetic_or_missing_platform_evidence_blocks_completion_truthfully ... ok
test word_source::tests::cancellation_bounds_and_active_content_fail_closed ... ok
test word_source::tests::maps_structure_and_exact_provenance_without_effects ... ok
test word_visual::tests::identical_and_bounded_differences_are_exact_and_effect_free ... ok
test word_visual::tests::regressions_tampering_and_incompatible_evidence_fail_closed ... ok
test work_management::tests::exact_field_effect_is_admitted_once ... ok
test work_management::tests::inference_cannot_authorize_link ... ok
test work_management::tests::provider_extension_and_identity_are_exact ... ok
test work_management::tests::stale_or_hidden_effect_is_refused ... ok
test semantic::tests::failures_are_atomic_and_secret_scope_vector_and_resource_attacks_fail_closed ... ok
test word_rich_generation::tests::rich_builder_exercises_helpers_and_reopens_without_effects ... ok
test workflows::tests::built_in_pack_is_exact_complete_hash_bound_and_removable ... ok
test workflows::tests::plain_and_obsidian_stewards_share_identical_canonical_record_contracts ... ok
test workflows::tests::stale_conflicting_unsorted_or_missing_evidence_blocks_every_workflow ... ok
test workflows::tests::every_promoted_workflow_is_read_only_source_backed_and_interface_neutral ... ok
test workflows::tests::lexical_and_approved_semantic_paths_preserve_source_and_task_evidence_parity ... ok
test doc_packs::tests::catalog_bytes_and_version_fragments_are_bounded ... ok

test result: ok. 299 passed; 0 failed; 0 ignored; 0 measured; 0 filtered out; finished in 0.14s

     Running tests/sprint_50_coding_corpus.rs (target/debug/deps/sprint_50_coding_corpus-2f0b456fae0ad142)

running 3 tests
test corpus_dimensions_and_truthful_blockers_are_closed ... ok
test every_skill_denies_every_autonomous_operation ... ok
test all_definition_mutations_disable_every_coding_skill ... ok

test result: ok. 3 passed; 0 failed; 0 ignored; 0 measured; 0 filtered out; finished in 0.00s

   Doc-tests agentmage_capability_knowledge

running 0 tests

test result: ok. 0 passed; 0 failed; 0 ignored; 0 measured; 0 filtered out; finished in 0.00s

