cli-help exit 0
clean-setup exit 0
clean-start exit 5
catalog-setup exit 0
doc-pack-sample exit 0
doc-pack-list-empty exit 0
doc-pack-import exit 0
doc-pack-import-other-license exit 4
doc-pack-search exit 0
doc-pack-inspect exit 0
memory-remember exit 0
memory-remember-credential exit 4
memory-list exit 0
memory-revoke exit 0
memory-delete exit 0
extension-sample exit 0
extension-trust-signer exit 0
extension-trust-issuer exit 0
extension-install exit 0
extension-revocations-1 exit 0
extension-revocations-renamed exit 3
extension-list exit 0
ended-run-read exit 0
recipe-sample exit 0
recipe-accepted-setup exit 0
recipe-accepted exit 5
dirty-setup exit 0
coding-dirty exit 1
worker-ambient-environment exit 5
worker-extra-argument exit 5
worker-admitted-environment exit 5
BATCH26_LINUX_OBSERVATION_COMPLETE=1
