    Checking typenum v1.20.1
    Checking cfg-if v1.0.4
    Checking cmov v0.5.4
    Checking memchr v2.8.3
    Checking cpufeatures v0.3.0
    Checking const-oid v0.10.2
    Checking tinyvec_macros v0.1.1
    Checking zeroize v1.9.0
    Checking itoa v1.0.18
    Checking bitflags v2.13.1
    Checking rand_core v0.10.1
   Compiling equivalent v1.0.2
   Compiling hashbrown v0.17.1
    Checking fallible-streaming-iterator v0.1.9
    Checking fallible-iterator v0.3.0
    Checking simd-adler32 v0.3.10
    Checking adler2 v2.0.1
    Checking smallvec v1.15.2
    Checking serde_core v1.0.229
    Checking zmij v1.0.23
    Checking tree-sitter-language v0.1.7
    Checking libc v0.2.189
    Checking subtle v2.6.1
    Checking regex-syntax v0.8.11
    Checking libsqlite3-sys v0.38.2
    Checking zlib-rs v0.6.7
    Checking signature v3.0.0
    Checking crc32fast v1.5.0
    Checking tinyvec v1.10.0
    Checking unicode-properties v0.1.4
    Checking cpubits v0.1.1
    Checking unicode-bidi v0.3.18
    Checking thiserror v2.0.20
    Checking encoding_rs v0.8.35
    Checking streaming-iterator v0.1.9
    Checking log v0.4.33
    Checking rangemap v1.8.0
    Checking linux-raw-sys v0.12.1
    Checking typed-path v0.12.3
    Checking ed25519 v3.0.0
    Checking weezl v0.2.1
    Checking cpufeatures v0.2.17
    Checking tree-sitter-javascript v0.25.0
    Checking tree-sitter-typescript v0.23.2
    Checking tree-sitter-python v0.25.0
    Checking tree-sitter-rust v0.24.2
    Checking miniz_oxide v0.8.9
    Checking tree-sitter-swift v0.7.3
    Checking ctutils v0.4.2
    Checking rusqlite v0.40.2
    Checking unicode-normalization v0.1.25
    Checking indexmap v2.14.0
    Checking aho-corasick v1.1.5
    Checking nom v8.0.0
    Checking quick-xml v0.41.0
    Checking stringprep v0.1.5
    Checking getrandom v0.4.3
    Checking hybrid-array v0.4.14
    Checking generic-array v0.14.7
    Checking regex-automata v0.4.18
    Checking flate2 v1.1.9
   Compiling serde_json v1.0.151
    Checking rustix v1.1.4
    Checking serde v1.0.229
    Checking zip v8.6.0
    Checking crypto-common v0.2.2
    Checking block-buffer v0.12.1
    Checking block-padding v0.4.2
    Checking crypto-common v0.1.7
    Checking block-buffer v0.10.4
    Checking inout v0.2.2
    Checking digest v0.10.7
    Checking sha1 v0.10.6
    Checking agentmage-kernel-contracts v0.0.0 (/var/home/aaronnhorvitz/dev/01_repos/AgentMage/kernel/contracts)
    Checking seccompiler v0.5.0
    Checking digest v0.11.3
    Checking cipher v0.5.2
    Checking universal-hash v0.6.1
    Checking aead v0.6.1
    Checking poly1305 v0.9.1
   Compiling tree-sitter v0.26.12
    Checking sha2 v0.11.0
    Checking hmac v0.13.0
    Checking curve25519-dalek v5.0.0
    Checking md-5 v0.11.0
    Checking chacha20 v0.10.1
    Checking cbc v0.2.1
    Checking aes v0.9.2
    Checking ecb v0.2.0
    Checking hkdf v0.13.0
    Checking rand v0.10.2
    Checking chacha20poly1305 v0.11.0
    Checking ed25519-dalek v3.0.0
    Checking regex v1.13.1
    Checking lopdf v0.44.0
    Checking agentmage-kernel-engine v0.0.0 (/var/home/aaronnhorvitz/dev/01_repos/AgentMage/kernel/engine)
    Checking agentmage-capability-read-only v0.0.0 (/var/home/aaronnhorvitz/dev/01_repos/AgentMage/capabilities/read-only)
    Checking agentmage-capability-knowledge v0.0.0 (/var/home/aaronnhorvitz/dev/01_repos/AgentMage/capabilities/knowledge)
    Checking agentmage-capability-repository-map v0.0.0 (/var/home/aaronnhorvitz/dev/01_repos/AgentMage/capabilities/repository-map)
    Checking agentmage-platform-linux v0.0.0 (/var/home/aaronnhorvitz/dev/01_repos/AgentMage/platforms/linux)
    Checking agentmage-host v0.0.0 (/var/home/aaronnhorvitz/dev/01_repos/AgentMage/shells/host)
    Finished `dev` profile [unoptimized + debuginfo] target(s) in 23.11s
