    Checking typenum v1.20.1
    Checking const-oid v0.10.2
    Checking cpufeatures v0.3.0
    Checking tinyvec_macros v0.1.1
    Checking cfg-if v1.0.4
    Checking itoa v1.0.18
    Checking signature v3.0.0
    Checking subtle v2.6.1
    Checking zeroize v1.9.0
    Checking memchr v2.8.3
    Checking fallible-streaming-iterator v0.1.9
    Checking bitflags v2.13.1
    Checking fallible-iterator v0.3.0
    Checking smallvec v1.15.2
    Checking serde_core v1.0.229
    Checking zmij v1.0.23
    Checking libsqlite3-sys v0.38.2
    Checking tinyvec v1.10.0
    Checking ed25519 v3.0.0
    Checking rusqlite v0.40.2
    Checking unicode-normalization v0.1.25
    Checking hybrid-array v0.4.14
    Checking crypto-common v0.2.2
    Checking block-buffer v0.12.1
    Checking serde_json v1.0.151
    Checking serde v1.0.229
    Checking digest v0.11.3
    Checking curve25519-dalek v5.0.0
    Checking sha2 v0.11.0
    Checking agentmage-kernel-contracts v0.0.0 (/var/home/aaronnhorvitz/dev/01_repos/AgentMage/kernel/contracts)
    Checking ed25519-dalek v3.0.0
    Checking agentmage-kernel-engine v0.0.0 (/var/home/aaronnhorvitz/dev/01_repos/AgentMage/kernel/engine)
    Finished `dev` profile [unoptimized + debuginfo] target(s) in 16.06s
