$ npm run engineering-runtime:artifact-admission-fixtures:check

> agentmage-planning-docs@0.0.0 engineering-runtime:artifact-admission-fixtures:check
> python3 scripts/engineering_artifact_admission_fixtures.py && python3 -m unittest tests.test_engineering_artifact_admission_fixtures && node --test tests/test_engineering_artifact_admission_records.mjs

Validated 16 identity-bound artifact admission fixtures
........
----------------------------------------------------------------------
Ran 8 tests in 0.014s

OK
✔ all admission cases use the authoritative closed Engineering Runtime records (47.961597ms)
✔ unavailable and unsupported records cannot be changed into captured records without bytes (8.092813ms)
✔ stale provenance cannot masquerade as a captured current source artifact (6.670426ms)
ℹ tests 3
ℹ suites 0
ℹ pass 3
ℹ fail 0
ℹ cancelled 0
ℹ skipped 0
ℹ todo 0
ℹ duration_ms 115.826455
$ npm run engineering-runtime:artifact-adversarial-fixtures:check

> agentmage-planning-docs@0.0.0 engineering-runtime:artifact-adversarial-fixtures:check
> python3 scripts/engineering_artifact_adversarial_fixtures.py && python3 -m unittest tests.test_engineering_artifact_adversarial_fixtures && node --test tests/test_engineering_artifact_adversarial_records.mjs

Validated 10 inert hostile artifact fixtures
........
----------------------------------------------------------------------
Ran 8 tests in 0.031s

OK
✔ hostile cases remain valid source records while their content stays untrusted (46.075807ms)
✔ replacement and cancellation cannot masquerade as captured sources (8.038347ms)
ℹ tests 2
ℹ suites 0
ℹ pass 2
ℹ fail 0
ℹ cancelled 0
ℹ skipped 0
ℹ todo 0
ℹ duration_ms 102.081415
$ npm run engineering-runtime:artifact-lineage-fixtures:check

> agentmage-planning-docs@0.0.0 engineering-runtime:artifact-lineage-fixtures:check
> python3 scripts/engineering_artifact_lineage_fixtures.py && python3 -m unittest tests.test_engineering_artifact_lineage_fixtures && node --test tests/test_engineering_artifact_lineage_records.mjs

Validated lineage for 26 sources and 21 ranges
.......
----------------------------------------------------------------------
Ran 7 tests in 0.023s

OK
✔ lineage records satisfy every authoritative Engineering Runtime schema (66.848122ms)
✔ no fixture context disposition claims model delivery (0.126221ms)
ℹ tests 2
ℹ suites 0
ℹ pass 2
ℹ fail 0
ℹ cancelled 0
ℹ skipped 0
ℹ todo 0
ℹ duration_ms 118.219091
$ npm run engineering-runtime:context-accounting-fixtures:check

> agentmage-planning-docs@0.0.0 engineering-runtime:context-accounting-fixtures:check
> python3 scripts/engineering_context_accounting_fixtures.py && python3 -m unittest tests.test_engineering_context_accounting_fixtures && node --test tests/test_engineering_context_accounting_records.mjs

Validated 8 complete context-accounting manifests
......
----------------------------------------------------------------------
Ran 6 tests in 0.020s

OK
✔ every scenario emits one authoritative complete context manifest (27.427616ms)
✔ non-admitting dispositions never smuggle ranges or tokens (0.523178ms)
ℹ tests 2
ℹ suites 0
ℹ pass 2
ℹ fail 0
ℹ cancelled 0
ℹ skipped 0
ℹ todo 0
ℹ duration_ms 74.822358
$ npm run engineering-runtime:context-delivery-fixtures:check

> agentmage-planning-docs@0.0.0 engineering-runtime:context-delivery-fixtures:check
> python3 scripts/engineering_context_delivery_fixtures.py && python3 -m unittest tests.test_engineering_context_delivery_fixtures && node --test tests/test_engineering_context_delivery_records.mjs

Validated 8 reconstructible context-delivery receipts
......
----------------------------------------------------------------------
Ran 6 tests in 0.010s

OK
✔ all reconstruction receipts satisfy the authoritative delivery schema (22.629386ms)
✔ blocked receipts name required unseen authority and never allow completion (0.355074ms)
ℹ tests 2
ℹ suites 0
ℹ pass 2
ℹ fail 0
ℹ cancelled 0
ℹ skipped 0
ℹ todo 0
ℹ duration_ms 70.827666
$ npm run engineering-runtime:artifact-resource-gate:check

> agentmage-planning-docs@0.0.0 engineering-runtime:artifact-resource-gate:check
> python3 scripts/engineering_artifact_resource_gate.py && python3 -m unittest tests.test_engineering_artifact_resource_gate

Validated 10 resource ceilings and 4 cleanup boundaries
.......
----------------------------------------------------------------------
Ran 7 tests in 0.231s

OK
$ python3 scripts/fixture_security_scan.py
Sprint 2 fixtures and generated artifacts passed the security scan
