cli-help exit 0
clean-setup exit 0
clean-start exit 5
catalog-setup exit 0
sample-1.0.0 exit 0
doc-pack-import exit 0
list-empty exit 0
remember-calculator-cache exit 0
remember-calculator-notes exit 0
remember-website-cache exit 0
remember-credential exit 4
remember-machine-path exit 4
remember-missing-file exit 4
remember-other-version exit 4
remember-unportable-path exit 2
list-calculator exit 0
list-all exit 0
revoke-source-object exit 0
revoke-source exit 0
revoke-source-again exit 4
revoke-source-other-workspace exit 4
list-after-source exit 0
revoke-website-item exit 0
revoke-website-item-again exit 4
delete-calculator-cache exit 0
delete-calculator-cache-again exit 4
delete-unknown exit 4
list-final exit 0
cli-memory-with-scenario exit 2
harness-invalid-identity exit 1
sample-control exit 0
doc-pack-import-control exit 2
doc-pack-list-after-control exit 0
extension-sample exit 0
extension-list-empty exit 0
extension-trust-signer-calculator exit 0
extension-trust-issuer-calculator exit 0
extension-install-sample-formatter-calculator exit 0
extension-install-sample-linter-calculator exit 0
extension-install-sample-report-calculator exit 0
extension-trust-signer-website exit 0
extension-trust-issuer-website exit 0
extension-install-sample-formatter-website exit 0
extension-install-sample-linter-website exit 0
extension-install-sample-report-website exit 0
extension-list-installed exit 0
extension-uninstall-dependency exit 4
extension-revocations-1 exit 0
extension-list-calculator-145 exit 0
extension-list-website-148 exit 0
extension-revocations-1-again exit 0
extension-revocations-2 exit 0
extension-revocations-1-refused exit 3
extension-revocations-2-fork-refused exit 3
extension-revocations-foreign-refused exit 3
extension-revocations-unsigned-refused exit 3
extension-trust-foreign-website exit 0
extension-revocations-foreign-website exit 0
extension-list-website-175 exit 0
extension-list-calculator-178 exit 0
extension-list-keys exit 0
extension-distrust-issuer exit 4
extension-uninstall-sample-report exit 0
extension-uninstall-sample-formatter exit 0
extension-install-revoked exit 4
extension-install-other-license exit 3
extension-revocations-link exit 2
extension-revocations-relative exit 1
cli-extension-with-scenario exit 2
extension-list-final exit 0
dirty-setup exit 0
dirty-start exit 1
idle-stop exit 1
idle-pause exit 1
idle-resume exit 1
BATCH18_LINUX_OBSERVATION_COMPLETE=1
